Archive member included because of file (symbol)

c:/altera/12.0sp2/nios2eds/bin/gnu/h-i686-mingw32/bin/../lib/gcc/nios2-elf/4.1.2/mno-hw-mul\libgcc.a(lib2-mul.o)
                              obj/default/ECD/source/pwm.o (__mulsi3)
c:/altera/12.0sp2/nios2eds/bin/gnu/h-i686-mingw32/bin/../lib/gcc/nios2-elf/4.1.2/../../../../nios2-elf/lib/mno-hw-mul\libc.a(lib_a-printf.o)
                              obj/default/ECD/source/display.o (printf)
c:/altera/12.0sp2/nios2eds/bin/gnu/h-i686-mingw32/bin/../lib/gcc/nios2-elf/4.1.2/../../../../nios2-elf/lib/mno-hw-mul\libc.a(lib_a-puts.o)
                              obj/default/ECD/source/keypad.o (puts)
c:/altera/12.0sp2/nios2eds/bin/gnu/h-i686-mingw32/bin/../lib/gcc/nios2-elf/4.1.2/../../../../nios2-elf/lib/mno-hw-mul\libc.a(lib_a-strlen.o)
                              c:/altera/12.0sp2/nios2eds/bin/gnu/h-i686-mingw32/bin/../lib/gcc/nios2-elf/4.1.2/../../../../nios2-elf/lib/mno-hw-mul\libc.a(lib_a-puts.o) (strlen)
c:/altera/12.0sp2/nios2eds/bin/gnu/h-i686-mingw32/bin/../lib/gcc/nios2-elf/4.1.2/../../../../nios2-elf/lib/mno-hw-mul\libc.a(lib_a-vfprintf.o)
                              c:/altera/12.0sp2/nios2eds/bin/gnu/h-i686-mingw32/bin/../lib/gcc/nios2-elf/4.1.2/../../../../nios2-elf/lib/mno-hw-mul\libc.a(lib_a-printf.o) (___vfprintf_internal_r)
c:/altera/12.0sp2/nios2eds/bin/gnu/h-i686-mingw32/bin/../lib/gcc/nios2-elf/4.1.2/../../../../nios2-elf/lib/mno-hw-mul\libc.a(lib_a-wsetup.o)
                              c:/altera/12.0sp2/nios2eds/bin/gnu/h-i686-mingw32/bin/../lib/gcc/nios2-elf/4.1.2/../../../../nios2-elf/lib/mno-hw-mul\libc.a(lib_a-vfprintf.o) (__swsetup_r)
c:/altera/12.0sp2/nios2eds/bin/gnu/h-i686-mingw32/bin/../lib/gcc/nios2-elf/4.1.2/../../../../nios2-elf/lib/mno-hw-mul\libc.a(lib_a-dtoa.o)
                              c:/altera/12.0sp2/nios2eds/bin/gnu/h-i686-mingw32/bin/../lib/gcc/nios2-elf/4.1.2/../../../../nios2-elf/lib/mno-hw-mul\libc.a(lib_a-vfprintf.o) (_dtoa_r)
c:/altera/12.0sp2/nios2eds/bin/gnu/h-i686-mingw32/bin/../lib/gcc/nios2-elf/4.1.2/../../../../nios2-elf/lib/mno-hw-mul\libc.a(lib_a-fflush.o)
                              c:/altera/12.0sp2/nios2eds/bin/gnu/h-i686-mingw32/bin/../lib/gcc/nios2-elf/4.1.2/../../../../nios2-elf/lib/mno-hw-mul\libc.a(lib_a-vfprintf.o) (_fflush_r)
c:/altera/12.0sp2/nios2eds/bin/gnu/h-i686-mingw32/bin/../lib/gcc/nios2-elf/4.1.2/../../../../nios2-elf/lib/mno-hw-mul\libc.a(lib_a-findfp.o)
                              c:/altera/12.0sp2/nios2eds/bin/gnu/h-i686-mingw32/bin/../lib/gcc/nios2-elf/4.1.2/../../../../nios2-elf/lib/mno-hw-mul\libc.a(lib_a-vfprintf.o) (__sinit)
c:/altera/12.0sp2/nios2eds/bin/gnu/h-i686-mingw32/bin/../lib/gcc/nios2-elf/4.1.2/../../../../nios2-elf/lib/mno-hw-mul\libc.a(lib_a-freer.o)
                              c:/altera/12.0sp2/nios2eds/bin/gnu/h-i686-mingw32/bin/../lib/gcc/nios2-elf/4.1.2/../../../../nios2-elf/lib/mno-hw-mul\libc.a(lib_a-wsetup.o) (_free_r)
c:/altera/12.0sp2/nios2eds/bin/gnu/h-i686-mingw32/bin/../lib/gcc/nios2-elf/4.1.2/../../../../nios2-elf/lib/mno-hw-mul\libc.a(lib_a-fvwrite.o)
                              c:/altera/12.0sp2/nios2eds/bin/gnu/h-i686-mingw32/bin/../lib/gcc/nios2-elf/4.1.2/../../../../nios2-elf/lib/mno-hw-mul\libc.a(lib_a-puts.o) (__sfvwrite_r)
c:/altera/12.0sp2/nios2eds/bin/gnu/h-i686-mingw32/bin/../lib/gcc/nios2-elf/4.1.2/../../../../nios2-elf/lib/mno-hw-mul\libc.a(lib_a-fwalk.o)
                              c:/altera/12.0sp2/nios2eds/bin/gnu/h-i686-mingw32/bin/../lib/gcc/nios2-elf/4.1.2/../../../../nios2-elf/lib/mno-hw-mul\libc.a(lib_a-fflush.o) (_fwalk_reent)
c:/altera/12.0sp2/nios2eds/bin/gnu/h-i686-mingw32/bin/../lib/gcc/nios2-elf/4.1.2/../../../../nios2-elf/lib/mno-hw-mul\libc.a(lib_a-impure.o)
                              c:/altera/12.0sp2/nios2eds/bin/gnu/h-i686-mingw32/bin/../lib/gcc/nios2-elf/4.1.2/../../../../nios2-elf/lib/mno-hw-mul\libc.a(lib_a-printf.o) (_impure_ptr)
c:/altera/12.0sp2/nios2eds/bin/gnu/h-i686-mingw32/bin/../lib/gcc/nios2-elf/4.1.2/../../../../nios2-elf/lib/mno-hw-mul\libc.a(lib_a-locale.o)
                              c:/altera/12.0sp2/nios2eds/bin/gnu/h-i686-mingw32/bin/../lib/gcc/nios2-elf/4.1.2/../../../../nios2-elf/lib/mno-hw-mul\libc.a(lib_a-vfprintf.o) (_localeconv_r)
c:/altera/12.0sp2/nios2eds/bin/gnu/h-i686-mingw32/bin/../lib/gcc/nios2-elf/4.1.2/../../../../nios2-elf/lib/mno-hw-mul\libc.a(lib_a-makebuf.o)
                              c:/altera/12.0sp2/nios2eds/bin/gnu/h-i686-mingw32/bin/../lib/gcc/nios2-elf/4.1.2/../../../../nios2-elf/lib/mno-hw-mul\libc.a(lib_a-wsetup.o) (__smakebuf_r)
c:/altera/12.0sp2/nios2eds/bin/gnu/h-i686-mingw32/bin/../lib/gcc/nios2-elf/4.1.2/../../../../nios2-elf/lib/mno-hw-mul\libc.a(lib_a-mallocr.o)
                              c:/altera/12.0sp2/nios2eds/bin/gnu/h-i686-mingw32/bin/../lib/gcc/nios2-elf/4.1.2/../../../../nios2-elf/lib/mno-hw-mul\libc.a(lib_a-findfp.o) (_malloc_r)
[...]
Memory Configuration

Name             Origin             Length             Attributes
reset            0x00800000         0x00000020
sdram            0x00800020         0x007fffe0
*default*        0x00000000         0xffffffff

Linker script and memory map

LOAD ../test5//obj/HAL/src/crt0.o
LOAD obj/default/ECD/source/display.o
LOAD obj/default/ECD/source/keypad.o
LOAD obj/default/ECD/source/main.o
LOAD obj/default/ECD/source/manager.o
LOAD obj/default/ECD/source/messaging.o
LOAD obj/default/ECD/source/movement.o
LOAD obj/default/ECD/source/pwm.o
LOAD c:/altera/12.0sp2/nios2eds/bin/gnu/h-i686-mingw32/bin/../lib/gcc/nios2-elf/4.1.2/../../../../nios2-elf/lib/mno-hw-mul\libstdc++.a
LOAD c:/altera/12.0sp2/nios2eds/bin/gnu/h-i686-mingw32/bin/../lib/gcc/nios2-elf/4.1.2/../../../../nios2-elf/lib/mno-hw-mul\libm.a
LOAD c:/altera/12.0sp2/nios2eds/bin/gnu/h-i686-mingw32/bin/../lib/gcc/nios2-elf/4.1.2/mno-hw-mul\libgcc.a
START GROUP
LOAD c:/altera/12.0sp2/nios2eds/bin/gnu/h-i686-mingw32/bin/../lib/gcc/nios2-elf/4.1.2/../../../../nios2-elf/lib/mno-hw-mul\libc.a
LOAD c:/altera/12.0sp2/nios2eds/bin/gnu/h-i686-mingw32/bin/../lib/gcc/nios2-elf/4.1.2/mno-hw-mul\libgcc.a
LOAD ../test5/\libfreertos_bsp.a
END GROUP
LOAD c:/altera/12.0sp2/nios2eds/bin/gnu/h-i686-mingw32/bin/../lib/gcc/nios2-elf/4.1.2/mno-hw-mul\libgcc.a
                0x00800000                __alt_mem_sdram = 0x800000

.entry          0x00800000       0x20
 *(.entry)
 .entry         0x00800000       0x20 ../test5//obj/HAL/src/crt0.o
                0x00800000                __reset

.exceptions     0x00800020      0x254
                0x00800020                PROVIDE (__ram_exceptions_start, ABSOLUTE (.))
                0x00800020                . = ALIGN (0x20)
 *(.irq)
 *(.exceptions.entry.label)
 *(.exceptions.entry.user)
 *(.exceptions.entry)
 .exceptions.entry
                0x00800020       0xa0 ../test5/\libfreertos_bsp.a(port_asm.o)
 *(.exceptions.irqtest.user)
 *(.exceptions.irqtest)
 .exceptions.irqtest
                0x008000c0       0x14 ../test5/\libfreertos_bsp.a(port_asm.o)
 *(.exceptions.irqhandler.user)
 *(.exceptions.irqhandler)
 .exceptions.irqhandler
                0x008000d4        0x4 ../test5/\libfreertos_bsp.a(port_asm.o)
 *(.exceptions.irqreturn.user)
 *(.exceptions.irqreturn)
 .exceptions.irqreturn
                0x008000d8       0xa0 ../test5/\libfreertos_bsp.a(port_asm.o)
                0x008000d8                restore_sp_from_pxCurrentTCB
 *(.exceptions.notirq.label)
 *(.exceptions.notirq.user)
 *(.exceptions.notirq)
 *(.exceptions.soft.user)
 *(.exceptions.soft)
 .exceptions.soft
                0x00800178       0x34 ../test5/\libfreertos_bsp.a(port_asm.o)
 *(.exceptions.unknown.user)
 *(.exceptions.unknown)
 *(.exceptions.exit.label)
 *(.exceptions.exit.user)
 *(.exceptions.exit)
 *(.exceptions)
 .exceptions    0x008001ac       0xc8 ../test5/\libfreertos_bsp.a(alt_irq_handler.o)
                0x008001ac                alt_irq_handler
                0x00800274                PROVIDE (__ram_exceptions_end, ABSOLUTE (.))
                0x00800020                PROVIDE (__flash_exceptions_start, LOADADDR (.exceptions))

.text           0x00800274    0x12634
                0x00800274                PROVIDE (stext, ABSOLUTE (.))
 *(.interp)
 *(.hash)
 *(.dynsym)
 *(.dynstr)
 *(.gnu.version)
 *(.gnu.version_d)
 *(.gnu.version_r)
 *(.rel.init)
 *(.rela.init)
 *(.rel.text .rel.text.* .rel.gnu.linkonce.t.*)
 *(.rela.text .rela.text.* .rela.gnu.linkonce.t.*)
 *(.rel.fini)
 *(.rela.fini)
 *(.rel.rodata .rel.rodata.* .rel.gnu.linkonce.r.*)
 *(.rela.rodata .rela.rodata.* .rela.gnu.linkonce.r.*)
 *(.rel.data .rel.data.* .rel.gnu.linkonce.d.*)
 *(.rela.data .rela.data.* .rela.gnu.linkonce.d.*)
 *(.rel.tdata .rel.tdata.* .rel.gnu.linkonce.td.*)
 *(.rela.tdata .rela.tdata.* .rela.gnu.linkonce.td.*)
 *(.rel.tbss .rel.tbss.* .rel.gnu.linkonce.tb.*)
 *(.rela.tbss .rela.tbss.* .rela.gnu.linkonce.tb.*)
 *(.rel.ctors)
 *(.rela.ctors)
 *(.rel.dtors)
 *(.rela.dtors)
 *(.rel.got)
 *(.rela.got)
 *(.rel.sdata .rel.sdata.* .rel.gnu.linkonce.s.*)
 *(.rela.sdata .rela.sdata.* .rela.gnu.linkonce.s.*)
 *(.rel.sbss .rel.sbss.* .rel.gnu.linkonce.sb.*)
 *(.rela.sbss .rela.sbss.* .rela.gnu.linkonce.sb.*)
 *(.rel.sdata2 .rel.sdata2.* .rel.gnu.linkonce.s2.*)
 *(.rela.sdata2 .rela.sdata2.* .rela.gnu.linkonce.s2.*)
 *(.rel.sbss2 .rel.sbss2.* .rel.gnu.linkonce.sb2.*)
 *(.rela.sbss2 .rela.sbss2.* .rela.gnu.linkonce.sb2.*)
 *(.rel.bss .rel.bss.* .rel.gnu.linkonce.b.*)
 *(.rela.bss .rela.bss.* .rela.gnu.linkonce.b.*)
 *(.rel.plt)
 *(.rela.plt)
 *(.rel.dyn)
 *(.init)
 *(.plt)
 *(.text .stub .text.* .gnu.linkonce.t.*)
 .text          0x00800274       0xac ../test5//obj/HAL/src/crt0.o
                0x00800274                _start
 .text          0x00800320      0x1ac obj/default/ECD/source/display.o
                0x00800320                display_init
 .text          0x008004cc      0x1a8 obj/default/ECD/source/keypad.o
                0x008004cc                kp_startTask
 .text          0x00800674       0x84 obj/default/ECD/source/main.o
                0x00800674                main
                0x008006d0                vAssertCalled
 .text          0x008006f8      0x4ec obj/default/ECD/source/manager.o
                0x008006f8                man_start
 .text          0x00800be4      0x214 obj/default/ECD/source/messaging.o
                0x00800be4                msg_newQueue
                0x00800c68                msg_rmQueue
                0x00800cb8                msg_send
                0x00800d24                msg_recv_noblock
                0x00800d98                msg_recv_block
 .text          0x00800df8      0x3f4 obj/default/ECD/source/movement.o
                0x00800df8                move_Start
                0x008011a0                move_get_state
 .text          0x008011ec      0x268 obj/default/ECD/source/pwm.o
                0x008011ec                pwm_init
                0x00801274                pwm_jump
                0x008012f4                pwm_set_pos
                0x008013a4                pwm_get_pos
 .text          0x00801454       0x38 c:/altera/12.0sp2/nios2eds/bin/gnu/h-i686-mingw32/bin/../lib/gcc/nios2-elf/4.1.2/mno-hw-mul\libgcc.a(lib2-mul.o)
                0x00801454                __mulsi3
 .text          0x0080148c       0x78 c:/altera/12.0sp2/nios2eds/bin/gnu/h-i686-mingw32/bin/../lib/gcc/nios2-elf/4.1.2/../../../../nios2-elf/lib/mno-hw-mul\libc.a(lib_a-printf.o)
                0x0080148c                printf
                0x008014d0                _printf_r
 .text          0x00801504       0xb4 c:/altera/12.0sp2/nios2eds/bin/gnu/h-i686-mingw32/bin/../lib/gcc/nios2-elf/4.1.2/../../../../nios2-elf/lib/mno-hw-mul\libc.a(lib_a-puts.o)
                0x00801504                _puts_r
                0x008015a4                puts
 .text          0x008015b8       0x74 c:/altera/12.0sp2/nios2eds/bin/gnu/h-i686-mingw32/bin/../lib/gcc/nios2-elf/4.1.2/../../../../nios2-elf/lib/mno-hw-mul\libc.a(lib_a-strlen.o)
                0x008015b8                strlen
 .text          0x0080162c     0x1f40 c:/altera/12.0sp2/nios2eds/bin/gnu/h-i686-mingw32/bin/../lib/gcc/nios2-elf/4.1.2/../../../../nios2-elf/lib/mno-hw-mul\libc.a(lib_a-vfprintf.o)
                0x00801684                ___vfprintf_internal_r
                0x00803548                __vfprintf_internal
 .text          0x0080356c      0x13c c:/altera/12.0sp2/nios2eds/bin/gnu/h-i686-mingw32/bin/../lib/gcc/nios2-elf/4.1.2/../../../../nios2-elf/lib/mno-hw-mul\libc.a(lib_a-wsetup.o)
                0x0080356c                __swsetup_r
 .text          0x008036a8     0x17f8 c:/altera/12.0sp2/nios2eds/bin/gnu/h-i686-mingw32/bin/../lib/gcc/nios2-elf/4.1.2/../../../../nios2-elf/lib/mno-hw-mul\libc.a(lib_a-dtoa.o)
                0x008038ec                _dtoa_r
 .text          0x00804ea0      0x230 c:/altera/12.0sp2/nios2eds/bin/gnu/h-i686-mingw32/bin/../lib/gcc/nios2-elf/4.1.2/../../../../nios2-elf/lib/mno-hw-mul\libc.a(lib_a-fflush.o)
                0x00804ea0                _fflush_r
                0x0080509c                fflush
 .text          0x008050d0      0x2f4 c:/altera/12.0sp2/nios2eds/bin/gnu/h-i686-mingw32/bin/../lib/gcc/nios2-elf/4.1.2/../../../../nios2-elf/lib/mno-hw-mul\libc.a(lib_a-findfp.o)
                0x00805128                __sfp_lock_acquire
                0x0080512c                __sfp_lock_release
                0x00805130                __sinit_lock_acquire
                0x00805134                __sinit_lock_release
                0x00805138                __sinit
                0x008051ec                __fp_unlock_all
                0x00805204                __fp_lock_all
                0x0080521c                _cleanup_r
                0x00805228                _cleanup
                0x00805238                __sfmoreglue
                0x008052d4                __sfp
 .text          0x008053c4      0x440 c:/altera/12.0sp2/nios2eds/bin/gnu/h-i686-mingw32/bin/../lib/gcc/nios2-elf/4.1.2/../../../../nios2-elf/lib/mno-hw-mul\libc.a(lib_a-freer.o)
                0x008053c4                _malloc_trim_r
                0x008054f0                _free_r
 .text          0x00805804      0x49c c:/altera/12.0sp2/nios2eds/bin/gnu/h-i686-mingw32/bin/../lib/gcc/nios2-elf/4.1.2/../../../../nios2-elf/lib/mno-hw-mul\libc.a(lib_a-fvwrite.o)
                0x00805804                __sfvwrite_r
 .text          0x00805ca0      0x180 c:/altera/12.0sp2/nios2eds/bin/gnu/h-i686-mingw32/bin/../lib/gcc/nios2-elf/4.1.2/../../../../nios2-elf/lib/mno-hw-mul\libc.a(lib_a-fwalk.o)
                0x00805ca0                _fwalk_reent
                0x00805d68                _fwalk
 .text          0x00805e20        0x0 c:/altera/12.0sp2/nios2eds/bin/gnu/h-i686-mingw32/bin/../lib/gcc/nios2-elf/4.1.2/../../../../nios2-elf/lib/mno-hw-mul\libc.a(lib_a-impure.o)
 .text          0x00805e20       0xc4 c:/altera/12.0sp2/nios2eds/bin/gnu/h-i686-mingw32/bin/../lib/gcc/nios2-elf/4.1.2/../../../../nios2-elf/lib/mno-hw-mul\libc.a(lib_a-locale.o)
                0x00805e20                __locale_charset
                0x00805e28                _localeconv_r
                0x00805e34                localeconv
                0x00805e44                _setlocale_r
                0x00805ec8                setlocale
 .text          0x00805ee4      0x194 c:/altera/12.0sp2/nios2eds/bin/gnu/h-i686-mingw32/bin/../lib/gcc/nios2-elf/4.1.2/../../../../nios2-elf/lib/mno-hw-mul\libc.a(lib_a-makebuf.o)
                0x00805ee4                __smakebuf_r
 .text          0x00806078      0x740 c:/altera/12.0sp2/nios2eds/bin/gnu/h-i686-mingw32/bin/../lib/gcc/nios2-elf/4.1.2/../../../../nios2-elf/lib/mno-hw-mul\libc.a(lib_a-mallocr.o)
                0x00806078                _malloc_r
 .text          0x008067b8       0xe4 c:/altera/12.0sp2/nios2eds/bin/gnu/h-i686-mingw32/bin/../lib/gcc/nios2-elf/4.1.2/../../../../nios2-elf/lib/mno-hw-mul\libc.a(lib_a-memchr.o)
                0x008067b8                memchr
 .text          0x0080689c       0xa0 c:/altera/12.0sp2/nios2eds/bin/gnu/h-i686-mingw32/bin/../lib/gcc/nios2-elf/4.1.2/../../../../nios2-elf/lib/mno-hw-mul\libc.a(lib_a-memcpy.o)
                0x0080689c                memcpy
 .text          0x0080693c       0xe0 c:/altera/12.0sp2/nios2eds/bin/gnu/h-i686-mingw32/bin/../lib/gcc/nios2-elf/4.1.2/../../../../nios2-elf/lib/mno-hw-mul\libc.a(lib_a-memmove.o)
                0x0080693c                memmove
 .text          0x00806a1c       0x98 c:/altera/12.0sp2/nios2eds/bin/gnu/h-i686-mingw32/bin/../lib/gcc/nios2-elf/4.1.2/../../../../nios2-elf/lib/mno-hw-mul\libc.a(lib_a-memset.o)
                0x00806a1c                memset
 .text          0x00806ab4     0x108c c:/altera/12.0sp2/nios2eds/bin/gnu/h-i686-mingw32/bin/../lib/gcc/nios2-elf/4.1.2/../../../../nios2-elf/lib/mno-hw-mul\libc.a(lib_a-mprec.o)
                0x00806ab4                _Bfree
                0x00806adc                __hi0bits
                0x00806b4c                __lo0bits
                0x00806c10                __mcmp
                0x00806c70                __ulp
                0x00806cf0                __b2d
                0x00806e10                __ratio
                0x00806ec0                _mprec_log10
                0x00806f54                __copybits
                0x00806fac                __any_on
                0x00807034                _Balloc
                0x008070f0                __d2b
                0x0080726c                __mdiff
                0x008073f8                __lshift
                0x00807544                __multiply
                0x00807798                __i2b
                0x008077d4                __multadd
                0x00807900                __pow5mult
                0x00807a20                __s2b
 .text          0x00807b40      0x5f4 c:/altera/12.0sp2/nios2eds/bin/gnu/h-i686-mingw32/bin/../lib/gcc/nios2-elf/4.1.2/../../../../nios2-elf/lib/mno-hw-mul\libc.a(lib_a-reallocr.o)
                0x00807b40                _realloc_r
 .text          0x00808134       0x40 c:/altera/12.0sp2/nios2eds/bin/gnu/h-i686-mingw32/bin/../lib/gcc/nios2-elf/4.1.2/../../../../nios2-elf/lib/mno-hw-mul\libc.a(lib_a-s_isinfd.o)
                0x00808134                __isinfd
 .text          0x00808174       0x30 c:/altera/12.0sp2/nios2eds/bin/gnu/h-i686-mingw32/bin/../lib/gcc/nios2-elf/4.1.2/../../../../nios2-elf/lib/mno-hw-mul\libc.a(lib_a-s_isnand.o)
                0x00808174                __isnand
 .text          0x008081a4       0x70 c:/altera/12.0sp2/nios2eds/bin/gnu/h-i686-mingw32/bin/../lib/gcc/nios2-elf/4.1.2/../../../../nios2-elf/lib/mno-hw-mul\libc.a(lib_a-sbrkr.o)
                0x008081a4                _sbrk_r
 .text          0x00808214      0x14c c:/altera/12.0sp2/nios2eds/bin/gnu/h-i686-mingw32/bin/../lib/gcc/nios2-elf/4.1.2/../../../../nios2-elf/lib/mno-hw-mul\libc.a(lib_a-stdio.o)
                0x00808214                __sclose
                0x0080821c                __sseek
                0x00808284                __swrite
                0x00808300                __sread
 .text          0x00808360       0xbc c:/altera/12.0sp2/nios2eds/bin/gnu/h-i686-mingw32/bin/../lib/gcc/nios2-elf/4.1.2/../../../../nios2-elf/lib/mno-hw-mul\libc.a(lib_a-strcmp.o)
                0x00808360                strcmp
 .text          0x0080841c       0x78 c:/altera/12.0sp2/nios2eds/bin/gnu/h-i686-mingw32/bin/../lib/gcc/nios2-elf/4.1.2/../../../../nios2-elf/lib/mno-hw-mul\libc.a(lib_a-writer.o)
                0x0080841c                _write_r
 .text          0x00808494       0xc8 c:/altera/12.0sp2/nios2eds/bin/gnu/h-i686-mingw32/bin/../lib/gcc/nios2-elf/4.1.2/../../../../nios2-elf/lib/mno-hw-mul\libc.a(lib_a-callocr.o)
                0x00808494                _calloc_r
 .text          0x0080855c       0x70 c:/altera/12.0sp2/nios2eds/bin/gnu/h-i686-mingw32/bin/../lib/gcc/nios2-elf/4.1.2/../../../../nios2-elf/lib/mno-hw-mul\libc.a(lib_a-closer.o)
                0x0080855c                _close_r
 .text          0x008085cc      0x124 c:/altera/12.0sp2/nios2eds/bin/gnu/h-i686-mingw32/bin/../lib/gcc/nios2-elf/4.1.2/../../../../nios2-elf/lib/mno-hw-mul\libc.a(lib_a-fclose.o)
                0x008085cc                _fclose_r
                0x008086dc                fclose
 .text          0x008086f0       0x74 c:/altera/12.0sp2/nios2eds/bin/gnu/h-i686-mingw32/bin/../lib/gcc/nios2-elf/4.1.2/../../../../nios2-elf/lib/mno-hw-mul\libc.a(lib_a-fstatr.o)
                0x008086f0                _fstat_r
 .text          0x00808764        0x0 c:/altera/12.0sp2/nios2eds/bin/gnu/h-i686-mingw32/bin/../lib/gcc/nios2-elf/4.1.2/../../../../nios2-elf/lib/mno-hw-mul\libc.a(lib_a-int_errno.o)
 .text          0x00808764       0x70 c:/altera/12.0sp2/nios2eds/bin/gnu/h-i686-mingw32/bin/../lib/gcc/nios2-elf/4.1.2/../../../../nios2-elf/lib/mno-hw-mul\libc.a(lib_a-isattyr.o)
                0x00808764                _isatty_r
 .text          0x008087d4       0x78 c:/altera/12.0sp2/nios2eds/bin/gnu/h-i686-mingw32/bin/../lib/gcc/nios2-elf/4.1.2/../../../../nios2-elf/lib/mno-hw-mul\libc.a(lib_a-lseekr.o)
                0x008087d4                _lseek_r
 .text          0x0080884c       0x78 c:/altera/12.0sp2/nios2eds/bin/gnu/h-i686-mingw32/bin/../lib/gcc/nios2-elf/4.1.2/../../../../nios2-elf/lib/mno-hw-mul\libc.a(lib_a-readr.o)
                0x0080884c                _read_r
 .text          0x008088c4      0x66c c:/altera/12.0sp2/nios2eds/bin/gnu/h-i686-mingw32/bin/../lib/gcc/nios2-elf/4.1.2/mno-hw-mul\libgcc.a(_udivdi3.o)
                0x008088c4                __udivdi3
 .text          0x00808f30      0x660 c:/altera/12.0sp2/nios2eds/bin/gnu/h-i686-mingw32/bin/../lib/gcc/nios2-elf/4.1.2/mno-hw-mul\libgcc.a(_umoddi3.o)
                0x00808f30                __umoddi3
 .text          0x00809590      0x504 c:/altera/12.0sp2/nios2eds/bin/gnu/h-i686-mingw32/bin/../lib/gcc/nios2-elf/4.1.2/mno-hw-mul\libgcc.a(_addsub_df.o)
                0x008099a0                __subdf3
                0x00809a20                __adddf3
 .text          0x00809a94      0x3c4 c:/altera/12.0sp2/nios2eds/bin/gnu/h-i686-mingw32/bin/../lib/gcc/nios2-elf/4.1.2/mno-hw-mul\libgcc.a(_mul_df.o)
                0x00809a94                __muldf3
 .text          0x00809e58      0x258 c:/altera/12.0sp2/nios2eds/bin/gnu/h-i686-mingw32/bin/../lib/gcc/nios2-elf/4.1.2/mno-hw-mul\libgcc.a(_div_df.o)
                0x00809e58                __divdf3
 .text          0x0080a0b0       0x88 c:/altera/12.0sp2/nios2eds/bin/gnu/h-i686-mingw32/bin/../lib/gcc/nios2-elf/4.1.2/mno-hw-mul\libgcc.a(_eq_df.o)
                0x0080a0b0                __eqdf2
 .text          0x0080a138       0x88 c:/altera/12.0sp2/nios2eds/bin/gnu/h-i686-mingw32/bin/../lib/gcc/nios2-elf/4.1.2/mno-hw-mul\libgcc.a(_ne_df.o)
                0x0080a138                __nedf2
 .text          0x0080a1c0       0x88 c:/altera/12.0sp2/nios2eds/bin/gnu/h-i686-mingw32/bin/../lib/gcc/nios2-elf/4.1.2/mno-hw-mul\libgcc.a(_gt_df.o)
                0x0080a1c0                __gtdf2
 .text          0x0080a248       0x88 c:/altera/12.0sp2/nios2eds/bin/gnu/h-i686-mingw32/bin/../lib/gcc/nios2-elf/4.1.2/mno-hw-mul\libgcc.a(_ge_df.o)
                0x0080a248                __gedf2
 .text          0x0080a2d0       0x88 c:/altera/12.0sp2/nios2eds/bin/gnu/h-i686-mingw32/bin/../lib/gcc/nios2-elf/4.1.2/mno-hw-mul\libgcc.a(_lt_df.o)
                0x0080a2d0                __ltdf2
 .text          0x0080a358       0xf8 c:/altera/12.0sp2/nios2eds/bin/gnu/h-i686-mingw32/bin/../lib/gcc/nios2-elf/4.1.2/mno-hw-mul\libgcc.a(_si_to_df.o)
                0x0080a358                __floatsidf
 .text          0x0080a450       0xd8 c:/altera/12.0sp2/nios2eds/bin/gnu/h-i686-mingw32/bin/../lib/gcc/nios2-elf/4.1.2/mno-hw-mul\libgcc.a(_df_to_si.o)
                0x0080a450                __fixdfsi
 .text          0x0080a528        0x0 c:/altera/12.0sp2/nios2eds/bin/gnu/h-i686-mingw32/bin/../lib/gcc/nios2-elf/4.1.2/mno-hw-mul\libgcc.a(_thenan_df.o)
 .text          0x0080a528      0x194 c:/altera/12.0sp2/nios2eds/bin/gnu/h-i686-mingw32/bin/../lib/gcc/nios2-elf/4.1.2/mno-hw-mul\libgcc.a(_usi_to_df.o)
                0x0080a528                __floatunsidf
 .text          0x0080a6bc      0x14c c:/altera/12.0sp2/nios2eds/bin/gnu/h-i686-mingw32/bin/../lib/gcc/nios2-elf/4.1.2/mno-hw-mul\libgcc.a(lib2-divmod.o)
                0x0080a738                __divsi3
                0x0080a798                __modsi3
                0x0080a7f8                __udivsi3
                0x0080a800                __umodsi3
 .text          0x0080a808      0x124 c:/altera/12.0sp2/nios2eds/bin/gnu/h-i686-mingw32/bin/../lib/gcc/nios2-elf/4.1.2/mno-hw-mul\libgcc.a(_muldi3.o)
                0x0080a808                __muldi3
 .text          0x0080a92c        0x0 c:/altera/12.0sp2/nios2eds/bin/gnu/h-i686-mingw32/bin/../lib/gcc/nios2-elf/4.1.2/mno-hw-mul\libgcc.a(_clz.o)
 .text          0x0080a92c       0x80 c:/altera/12.0sp2/nios2eds/bin/gnu/h-i686-mingw32/bin/../lib/gcc/nios2-elf/4.1.2/mno-hw-mul\libgcc.a(_clzsi2.o)
                0x0080a92c                __clzsi2
 .text          0x0080a9ac      0x314 c:/altera/12.0sp2/nios2eds/bin/gnu/h-i686-mingw32/bin/../lib/gcc/nios2-elf/4.1.2/mno-hw-mul\libgcc.a(_pack_df.o)
                0x0080a9ac                __pack_d
 .text          0x0080acc0      0x138 c:/altera/12.0sp2/nios2eds/bin/gnu/h-i686-mingw32/bin/../lib/gcc/nios2-elf/4.1.2/mno-hw-mul\libgcc.a(_unpack_df.o)
                0x0080acc0                __unpack_d
 .text          0x0080adf8       0xc8 c:/altera/12.0sp2/nios2eds/bin/gnu/h-i686-mingw32/bin/../lib/gcc/nios2-elf/4.1.2/mno-hw-mul\libgcc.a(_fpcmp_parts_df.o)
                0x0080adf8                __fpcmp_parts_d
 .text          0x0080aec0      0x248 ../test5/\libfreertos_bsp.a(alt_main.o)
                0x0080aec0                pre_constructors
                0x0080aedc                post_constructors
                0x0080aef8                alt_main
 .text          0x0080b108       0x90 ../test5/\libfreertos_bsp.a(alt_malloc_lock.o)
                0x0080b108                __malloc_lock
                0x0080b15c                __malloc_unlock
 .text          0x0080b198     0x1098 ../test5/\libfreertos_bsp.a(queue.o)
                0x0080b198                xQueueGenericReset
                0x0080b2c4                xQueueGenericCreate
                0x0080b39c                xQueueCreateMutex
                0x0080b46c                xQueueGiveMutexRecursive
                0x0080b4f8                xQueueTakeMutexRecursive
                0x0080b598                xQueueCreateCountingSemaphore
                0x0080b5f4                xQueueGenericSend
                0x0080b7c0                xQueueGenericSendFromISR
                0x0080b894                xQueueGenericReceive
                0x0080bb1c                xQueueReceiveFromISR
                0x0080bbf8                uxQueueMessagesWaiting
                0x0080bc50                uxQueueMessagesWaitingFromISR
                0x0080bc80                vQueueDelete
                0x0080bcbc                ucQueueGetQueueNumber
                0x0080bce8                vQueueSetQueueNumber
                0x0080bd18                ucQueueGetQueueType
                0x0080c0b8                xQueueIsQueueEmptyFromISR
                0x0080c150                xQueueIsQueueFullFromISR
                0x0080c18c                vQueueWaitForMessageRestricted
 .text          0x0080c230     0x1d64 ../test5/\libfreertos_bsp.a(tasks.o)
                0x0080c230                xTaskGenericCreate
                0x0080c43c                vTaskDelete
                0x0080c52c                vTaskDelayUntil
                0x0080c614                vTaskDelay
                0x0080c68c                uxTaskPriorityGet
                0x0080c70c                vTaskPrioritySet
                0x0080c8d8                vTaskSuspend
                0x0080c9d4                xTaskIsTaskSuspended
                0x0080ca44                vTaskResume
                0x0080cb28                xTaskResumeFromISR
                0x0080cc04                vTaskStartScheduler
                0x0080cca0                vTaskEndScheduler
                0x0080cce4                vTaskSuspendAll
                0x0080cd0c                xTaskResumeAll
                0x0080ce84                xTaskGetTickCount
                0x0080ced4                xTaskGetTickCountFromISR
                0x0080cf00                uxTaskGetNumberOfTasks
                0x0080cf20                vTaskList
                0x0080d08c                vTaskIncrementTick
                0x0080d20c                vTaskSwitchContext
                0x0080d2e8                vTaskPlaceOnEventList
                0x0080d36c                vTaskPlaceOnEventListRestricted
                0x0080d3cc                xTaskRemoveFromEventList
                0x0080d4b0                vTaskSetTimeOutState
                0x0080d4e8                xTaskCheckForTimeOut
                0x0080d5d4                vTaskMissedYield
                0x0080d5f8                uxTaskGetTaskNumber
                0x0080d644                vTaskSetTaskNumber
                0x0080dbd4                uxTaskGetStackHighWaterMark
                0x0080dc80                xTaskGetCurrentTaskHandle
                0x0080dca8                xTaskGetSchedulerState
                0x0080dcfc                vTaskPriorityInherit
                0x0080de10                vTaskPriorityDisinherit
                0x0080dedc                vTaskEnterCritical
                0x0080df2c                vTaskExitCritical
 .text          0x0080df94      0x8a4 ../test5/\libfreertos_bsp.a(timers.o)
                0x0080df94                xTimerCreateTimerTask
                0x0080e004                xTimerCreate
                0x0080e0b4                xTimerGenericCommand
                0x0080e7a4                xTimerIsTimerActive
                0x0080e808                pvTimerGetTimerID
 .text          0x0080e838      0x160 ../test5/\libfreertos_bsp.a(alt_close.o)
                0x0080e838                close
 .text          0x0080e998       0x2c ../test5/\libfreertos_bsp.a(alt_dev.o)
 .text          0x0080e9c4       0x64 ../test5/\libfreertos_bsp.a(alt_do_ctors.o)
                0x0080e9c4                _do_ctors
 .text          0x0080ea28       0x64 ../test5/\libfreertos_bsp.a(alt_do_dtors.o)
                0x0080ea28                _do_dtors
 .text          0x0080ea8c        0x0 ../test5/\libfreertos_bsp.a(alt_errno.o)
 .text          0x0080ea8c      0x138 ../test5/\libfreertos_bsp.a(alt_fstat.o)
                0x0080ea8c                fstat
 .text          0x0080ebc4      0x150 ../test5/\libfreertos_bsp.a(alt_io_redirect.o)
                0x0080ec9c                alt_io_redirect
 .text          0x0080ed14      0x124 ../test5/\libfreertos_bsp.a(alt_isatty.o)
                0x0080ed14                isatty
 .text          0x0080ee38       0xec ../test5/\libfreertos_bsp.a(alt_load.o)
                0x0080ee38                alt_load
 .text          0x0080ef24       0x2c ../test5/\libfreertos_bsp.a(alt_log_macro.o)
                0x0080ef24                tx_log_str
 .text          0x0080ef50      0xae4 ../test5/\libfreertos_bsp.a(alt_log_printf.o)
                0x0080ef50                alt_log_txchar
                0x0080ef9c                alt_log_repchar
                0x0080f000                alt_log_private_printf
                0x0080f610                alt_log_printf_proc
                0x0080f664                altera_avalon_jtag_uart_report_log
                0x0080f6f0                alt_log_jtag_uart_print_control_reg
                0x0080f7dc                alt_log_jtag_uart_startup_info
                0x0080f824                alt_log_jtag_uart_isr_proc
                0x0080f87c                alt_log_write
                0x0080f9bc                alt_log_system_clock
 .text          0x0080fa34      0x154 ../test5/\libfreertos_bsp.a(alt_lseek.o)
                0x0080fa34                lseek
 .text          0x0080fb88      0x2e4 ../test5/\libfreertos_bsp.a(alt_open.o)
                0x0080fc80                open
 .text          0x0080fe6c      0x184 ../test5/\libfreertos_bsp.a(alt_read.o)
                0x0080fe6c                read
 .text          0x0080fff0       0x78 ../test5/\libfreertos_bsp.a(alt_release_fd.o)
                0x0080fff0                alt_release_fd
 .text          0x00810068       0xbc ../test5/\libfreertos_bsp.a(alt_sbrk.o)
                0x00810068                sbrk
 .text          0x00810124      0x1a8 ../test5/\libfreertos_bsp.a(alt_tick.o)
                0x00810124                alt_alarm_stop
                0x008101bc                alt_tick
 .text          0x008102cc      0x190 ../test5/\libfreertos_bsp.a(alt_write.o)
                0x008102cc                write
 .text          0x0081045c       0xc8 ../test5/\libfreertos_bsp.a(alt_sys_init.o)
                0x0081045c                alt_irq_init
                0x00810490                alt_sys_init
 .text          0x00810524      0x148 ../test5/\libfreertos_bsp.a(altera_avalon_jtag_uart_fd.o)
                0x00810524                altera_avalon_jtag_uart_read_fd
                0x0081057c                altera_avalon_jtag_uart_write_fd
                0x008105d4                altera_avalon_jtag_uart_close_fd
                0x0081061c                altera_avalon_jtag_uart_ioctl_fd
 .text          0x0081066c      0x530 ../test5/\libfreertos_bsp.a(altera_avalon_jtag_uart_init.o)
                0x0081066c                altera_avalon_jtag_uart_init
                0x00810b28                altera_avalon_jtag_uart_close
 .text          0x00810b9c       0xf4 ../test5/\libfreertos_bsp.a(altera_avalon_jtag_uart_ioctl.o)
                0x00810b9c                altera_avalon_jtag_uart_ioctl
 .text          0x00810c90      0x260 ../test5/\libfreertos_bsp.a(altera_avalon_jtag_uart_read.o)
                0x00810c90                altera_avalon_jtag_uart_read
 .text          0x00810ef0      0x27c ../test5/\libfreertos_bsp.a(altera_avalon_jtag_uart_write.o)
                0x00810ef0                altera_avalon_jtag_uart_write
 .text          0x0081116c      0x104 ../test5/\libfreertos_bsp.a(altera_avalon_timer_sc.o)
                0x008111e0                alt_avalon_timer_sc_init
 .text          0x00811270       0x90 ../test5/\libfreertos_bsp.a(alt_env_lock.o)
                0x00811270                __env_lock
                0x008112c4                __env_unlock
 .text          0x00811300       0x84 ../test5/\libfreertos_bsp.a(heap_3.o)
                0x00811300                pvPortMalloc
                0x00811340                vPortFree
 .text          0x00811384      0x29c ../test5/\libfreertos_bsp.a(list.o)
                0x00811384                vListInitialise
                0x008113f4                vListInitialiseItem
                0x0081141c                vListInsertEnd
                0x008114b4                vListInsert
                0x00811588                uxListRemove
 .text          0x00811620      0x190 ../test5/\libfreertos_bsp.a(port.o)
                0x00811620                pxPortInitialiseStack
                0x00811730                xPortStartScheduler
                0x0081175c                vPortEndScheduler
                0x00811778                vPortSysTickHandler
 .text          0x008117b0        0x0 ../test5/\libfreertos_bsp.a(port_asm.o)
 .text          0x008117b0      0x154 ../test5/\libfreertos_bsp.a(alt_alarm_start.o)
                0x008117b0                alt_alarm_start
 .text          0x00811904       0x1c ../test5/\libfreertos_bsp.a(alt_dcache_flush_all.o)
                0x00811904                alt_dcache_flush_all
 .text          0x00811920      0x114 ../test5/\libfreertos_bsp.a(alt_dev_llist_insert.o)
                0x00811920                alt_dev_llist_insert
 .text          0x00811a34       0x94 ../test5/\libfreertos_bsp.a(alt_find_dev.o)
                0x00811a34                alt_find_dev
 .text          0x00811ac8      0x120 ../test5/\libfreertos_bsp.a(alt_find_file.o)
                0x00811ac8                alt_find_file
 .text          0x00811be8      0x114 ../test5/\libfreertos_bsp.a(alt_get_fd.o)
                0x00811be8                alt_get_fd
 .text          0x00811cfc       0x30 ../test5/\libfreertos_bsp.a(alt_icache_flush_all.o)
                0x00811cfc                alt_icache_flush_all
 .text          0x00811d2c      0x1d4 ../test5/\libfreertos_bsp.a(alt_iic.o)
                0x00811d2c                alt_ic_isr_register
                0x00811d7c                alt_ic_irq_enable
                0x00811e18                alt_ic_irq_disable
                0x00811eb8                alt_ic_irq_enabled
 .text          0x00811f00       0xf8 ../test5/\libfreertos_bsp.a(alt_iic_isr_register.o)
                0x00811f00                alt_iic_isr_register
 .text          0x00811ff8        0x0 ../test5/\libfreertos_bsp.a(alt_irq_handler.o)
 .text          0x00811ff8        0x0 ../test5/\libfreertos_bsp.a(alt_irq_vars.o)
 .text          0x00811ff8       0x20 ../test5/\libfreertos_bsp.a(altera_nios2_qsys_irq.o)
                0x00811ff8                altera_nios2_qsys_irq_init
 .text          0x00812018       0x90 ../test5/\libfreertos_bsp.a(alt_icache_flush.o)
                0x00812018                alt_icache_flush
 .text          0x008120a8       0x14 c:/altera/12.0sp2/nios2eds/bin/gnu/h-i686-mingw32/bin/../lib/gcc/nios2-elf/4.1.2/../../../../nios2-elf/lib/mno-hw-mul\libc.a(lib_a-atexit.o)
                0x008120a8                atexit
 .text          0x008120bc       0x10 c:/altera/12.0sp2/nios2eds/bin/gnu/h-i686-mingw32/bin/../lib/gcc/nios2-elf/4.1.2/../../../../nios2-elf/lib/mno-hw-mul\libc.a(lib_a-errno.o)
                0x008120bc                __errno
 .text          0x008120cc       0x38 c:/altera/12.0sp2/nios2eds/bin/gnu/h-i686-mingw32/bin/../lib/gcc/nios2-elf/4.1.2/../../../../nios2-elf/lib/mno-hw-mul\libc.a(lib_a-exit.o)
                0x008120cc                exit
 .text          0x00812104       0x28 c:/altera/12.0sp2/nios2eds/bin/gnu/h-i686-mingw32/bin/../lib/gcc/nios2-elf/4.1.2/../../../../nios2-elf/lib/mno-hw-mul\libc.a(lib_a-malloc.o)
                0x00812104                free
                0x00812118                malloc
 .text          0x0081212c       0x74 c:/altera/12.0sp2/nios2eds/bin/gnu/h-i686-mingw32/bin/../lib/gcc/nios2-elf/4.1.2/../../../../nios2-elf/lib/mno-hw-mul\libc.a(lib_a-memcmp.o)
                0x0081212c                memcmp
 .text          0x008121a0       0xd4 c:/altera/12.0sp2/nios2eds/bin/gnu/h-i686-mingw32/bin/../lib/gcc/nios2-elf/4.1.2/../../../../nios2-elf/lib/mno-hw-mul\libc.a(lib_a-sprintf.o)
                0x008121a0                sprintf
                0x00812214                _sprintf_r
 .text          0x00812274       0x90 c:/altera/12.0sp2/nios2eds/bin/gnu/h-i686-mingw32/bin/../lib/gcc/nios2-elf/4.1.2/../../../../nios2-elf/lib/mno-hw-mul\libc.a(lib_a-strcat.o)
                0x00812274                strcat
 .text          0x00812304       0x8c c:/altera/12.0sp2/nios2eds/bin/gnu/h-i686-mingw32/bin/../lib/gcc/nios2-elf/4.1.2/../../../../nios2-elf/lib/mno-hw-mul\libc.a(lib_a-strcpy.o)
                0x00812304                strcpy
 .text          0x00812390       0xbc c:/altera/12.0sp2/nios2eds/bin/gnu/h-i686-mingw32/bin/../lib/gcc/nios2-elf/4.1.2/../../../../nios2-elf/lib/mno-hw-mul\libc.a(lib_a-strncpy.o)
                0x00812390                strncpy
 .text          0x0081244c      0x134 c:/altera/12.0sp2/nios2eds/bin/gnu/h-i686-mingw32/bin/../lib/gcc/nios2-elf/4.1.2/../../../../nios2-elf/lib/mno-hw-mul\libc.a(lib_a-__atexit.o)
                0x0081244c                __register_exitproc
 .text          0x00812580      0x1b4 c:/altera/12.0sp2/nios2eds/bin/gnu/h-i686-mingw32/bin/../lib/gcc/nios2-elf/4.1.2/../../../../nios2-elf/lib/mno-hw-mul\libc.a(lib_a-__call_atexit.o)
                0x00812584                __call_exitprocs
 .text          0x00812734      0x104 ../test5/\libfreertos_bsp.a(alt_exit.o)
                0x00812774                _exit
 *(.gnu.warning.*)
 *(.fini)
                0x00812838                PROVIDE (__etext, ABSOLUTE (.))
                0x00812838                PROVIDE (_etext, ABSOLUTE (.))
                0x00812838                PROVIDE (etext, ABSOLUTE (.))
 *(.eh_frame_hdr)
                0x00812838                . = ALIGN (0x4)
                0x00812838                PROVIDE (__preinit_array_start, ABSOLUTE (.))
 *(.preinit_array)
                0x00812838                PROVIDE (__preinit_array_end, ABSOLUTE (.))
                0x00812838                PROVIDE (__init_array_start, ABSOLUTE (.))
 *(.init_array)
                0x00812838                PROVIDE (__init_array_end, ABSOLUTE (.))
                0x00812838                PROVIDE (__fini_array_start, ABSOLUTE (.))
 *(.fini_array)
                0x00812838                PROVIDE (__fini_array_end, ABSOLUTE (.))
 *(.eh_frame)
 .eh_frame      0x00812838       0x40 c:/altera/12.0sp2/nios2eds/bin/gnu/h-i686-mingw32/bin/../lib/gcc/nios2-elf/4.1.2/mno-hw-mul\libgcc.a(_udivdi3.o)
 .eh_frame      0x00812878       0x2c c:/altera/12.0sp2/nios2eds/bin/gnu/h-i686-mingw32/bin/../lib/gcc/nios2-elf/4.1.2/mno-hw-mul\libgcc.a(_umoddi3.o)
                                 0x40 (size before relaxing)
 *(.gcc_except_table)
 *(.dynamic)
                0x008128a4                PROVIDE (__CTOR_LIST__, ABSOLUTE (.))
 *(.ctors)
 *(SORT(.ctors.*))
 .ctors.65535   0x008128a4        0x4 c:/altera/12.0sp2/nios2eds/bin/gnu/h-i686-mingw32/bin/../lib/gcc/nios2-elf/4.1.2/../../../../nios2-elf/lib/mno-hw-mul\libc.a(lib_a-__call_atexit.o)
                0x008128a8                PROVIDE (__CTOR_END__, ABSOLUTE (.))
                0x008128a8                PROVIDE (__DTOR_LIST__, ABSOLUTE (.))
 *(.dtors)
 *(SORT(.dtors.*))
                0x008128a8                PROVIDE (__DTOR_END__, ABSOLUTE (.))
 *(.jcr)
                0x008128a8                . = ALIGN (0x4)

.rodata         0x008128a8      0x7d4
                0x008128a8                PROVIDE (__ram_rodata_start, ABSOLUTE (.))
                0x008128a8                . = ALIGN (0x4)
 *(.rodata .rodata.* .gnu.linkonce.r.*)
 .rodata        0x008128a8       0x40 obj/default/ECD/source/display.o
 .rodata        0x008128e8       0x24 obj/default/ECD/source/keypad.o
 .rodata        0x0081290c       0x3c obj/default/ECD/source/main.o
 .rodata        0x00812948       0x20 obj/default/ECD/source/manager.o
 .rodata        0x00812968       0x18 obj/default/ECD/source/messaging.o
 .rodata        0x00812980       0x98 obj/default/ECD/source/movement.o
 .rodata        0x00812a18       0x1c obj/default/ECD/source/pwm.o
 .rodata.str1.4
                0x00812a34        0x2 c:/altera/12.0sp2/nios2eds/bin/gnu/h-i686-mingw32/bin/../lib/gcc/nios2-elf/4.1.2/../../../../nios2-elf/lib/mno-hw-mul\libc.a(lib_a-puts.o)
                                  0x4 (size before relaxing)
 *fill*         0x00812a36        0x2 00
 .rodata.str1.4
                0x00812a38       0x5e c:/altera/12.0sp2/nios2eds/bin/gnu/h-i686-mingw32/bin/../lib/gcc/nios2-elf/4.1.2/../../../../nios2-elf/lib/mno-hw-mul\libc.a(lib_a-vfprintf.o)
                                 0x60 (size before relaxing)
 .rodata        0x00812a96       0x20 c:/altera/12.0sp2/nios2eds/bin/gnu/h-i686-mingw32/bin/../lib/gcc/nios2-elf/4.1.2/../../../../nios2-elf/lib/mno-hw-mul\libc.a(lib_a-vfprintf.o)
 *fill*         0x00812ab6        0x2 00
 .rodata.str1.4
                0x00812ab8       0x10 c:/altera/12.0sp2/nios2eds/bin/gnu/h-i686-mingw32/bin/../lib/gcc/nios2-elf/4.1.2/../../../../nios2-elf/lib/mno-hw-mul\libc.a(lib_a-dtoa.o)
                                 0x14 (size before relaxing)
 .rodata.str1.4
                0x00812ac8        0x2 c:/altera/12.0sp2/nios2eds/bin/gnu/h-i686-mingw32/bin/../lib/gcc/nios2-elf/4.1.2/../../../../nios2-elf/lib/mno-hw-mul\libc.a(lib_a-impure.o)
                                  0x4 (size before relaxing)
 *fill*         0x00812aca        0x2 00
 .rodata.str1.4
                0x00812acc       0x10 c:/altera/12.0sp2/nios2eds/bin/gnu/h-i686-mingw32/bin/../lib/gcc/nios2-elf/4.1.2/../../../../nios2-elf/lib/mno-hw-mul\libc.a(lib_a-locale.o)
                                 0x18 (size before relaxing)
 .rodata        0x00812adc       0x30 c:/altera/12.0sp2/nios2eds/bin/gnu/h-i686-mingw32/bin/../lib/gcc/nios2-elf/4.1.2/../../../../nios2-elf/lib/mno-hw-mul\libc.a(lib_a-locale.o)
 .rodata        0x00812b0c      0x124 c:/altera/12.0sp2/nios2eds/bin/gnu/h-i686-mingw32/bin/../lib/gcc/nios2-elf/4.1.2/../../../../nios2-elf/lib/mno-hw-mul\libc.a(lib_a-mprec.o)
                0x00812b0c                __mprec_tens
                0x00812bd4                __mprec_bigtens
                0x00812bfc                __mprec_tinytens
 .rodata        0x00812c30       0x14 c:/altera/12.0sp2/nios2eds/bin/gnu/h-i686-mingw32/bin/../lib/gcc/nios2-elf/4.1.2/mno-hw-mul\libgcc.a(_thenan_df.o)
                0x00812c30                __thenan_df
 .rodata        0x00812c44      0x100 c:/altera/12.0sp2/nios2eds/bin/gnu/h-i686-mingw32/bin/../lib/gcc/nios2-elf/4.1.2/mno-hw-mul\libgcc.a(_clz.o)
                0x00812c44                __clz_tab
 .rodata        0x00812d44      0x190 ../test5/\libfreertos_bsp.a(alt_main.o)
 .rodata        0x00812ed4       0x1c ../test5/\libfreertos_bsp.a(tasks.o)
 .rodata        0x00812ef0        0x8 ../test5/\libfreertos_bsp.a(timers.o)
 .rodata        0x00812ef8        0xc ../test5/\libfreertos_bsp.a(alt_dev.o)
 .rodata        0x00812f04       0x9c ../test5/\libfreertos_bsp.a(alt_log_printf.o)
 .rodata        0x00812fa0       0x10 ../test5/\libfreertos_bsp.a(alt_sys_init.o)
 .rodata        0x00812fb0       0xcc ../test5/\libfreertos_bsp.a(alt_exit.o)
 *(.rodata1)
                0x0081307c                . = ALIGN (0x4)
                0x0081307c                PROVIDE (__ram_rodata_end, ABSOLUTE (.))
                0x008128a8                PROVIDE (__flash_rodata_start, LOADADDR (.rodata))

.rwdata         0x0081307c     0x1b3c load address 0x00814bb8
                0x0081307c                PROVIDE (__ram_rwdata_start, ABSOLUTE (.))
                0x0081307c                . = ALIGN (0x4)
 *(.got.plt)
 *(.got)
 *(.data1)
 *(.data .data.* .gnu.linkonce.d.*)
 .data          0x0081307c        0x0 ../test5//obj/HAL/src/crt0.o
 .data          0x0081307c        0x0 obj/default/ECD/source/display.o
 .data          0x0081307c        0x0 obj/default/ECD/source/keypad.o
 .data          0x0081307c        0x0 obj/default/ECD/source/main.o
 .data          0x0081307c        0x0 obj/default/ECD/source/manager.o
 .data          0x0081307c        0x0 obj/default/ECD/source/messaging.o
 .data          0x0081307c        0x0 obj/default/ECD/source/movement.o
 .data          0x0081307c       0x30 obj/default/ECD/source/pwm.o
                0x0081307c                servo_data
 .data          0x008130ac        0x0 c:/altera/12.0sp2/nios2eds/bin/gnu/h-i686-mingw32/bin/../lib/gcc/nios2-elf/4.1.2/mno-hw-mul\libgcc.a(lib2-mul.o)
 .data          0x008130ac        0x0 c:/altera/12.0sp2/nios2eds/bin/gnu/h-i686-mingw32/bin/../lib/gcc/nios2-elf/4.1.2/../../../../nios2-elf/lib/mno-hw-mul\libc.a(lib_a-printf.o)
 .data          0x008130ac        0x0 c:/altera/12.0sp2/nios2eds/bin/gnu/h-i686-mingw32/bin/../lib/gcc/nios2-elf/4.1.2/../../../../nios2-elf/lib/mno-hw-mul\libc.a(lib_a-puts.o)
 .data          0x008130ac        0x0 c:/altera/12.0sp2/nios2eds/bin/gnu/h-i686-mingw32/bin/../lib/gcc/nios2-elf/4.1.2/../../../../nios2-elf/lib/mno-hw-mul\libc.a(lib_a-strlen.o)
 .data          0x008130ac        0x0 c:/altera/12.0sp2/nios2eds/bin/gnu/h-i686-mingw32/bin/../lib/gcc/nios2-elf/4.1.2/../../../../nios2-elf/lib/mno-hw-mul\libc.a(lib_a-vfprintf.o)
 .data          0x008130ac        0x0 c:/altera/12.0sp2/nios2eds/bin/gnu/h-i686-mingw32/bin/../lib/gcc/nios2-elf/4.1.2/../../../../nios2-elf/lib/mno-hw-mul\libc.a(lib_a-wsetup.o)
 .data          0x008130ac        0x0 c:/altera/12.0sp2/nios2eds/bin/gnu/h-i686-mingw32/bin/../lib/gcc/nios2-elf/4.1.2/../../../../nios2-elf/lib/mno-hw-mul\libc.a(lib_a-dtoa.o)
 .data          0x008130ac        0x0 c:/altera/12.0sp2/nios2eds/bin/gnu/h-i686-mingw32/bin/../lib/gcc/nios2-elf/4.1.2/../../../../nios2-elf/lib/mno-hw-mul\libc.a(lib_a-fflush.o)
 .data          0x008130ac        0x0 c:/altera/12.0sp2/nios2eds/bin/gnu/h-i686-mingw32/bin/../lib/gcc/nios2-elf/4.1.2/../../../../nios2-elf/lib/mno-hw-mul\libc.a(lib_a-findfp.o)
 .data          0x008130ac        0x0 c:/altera/12.0sp2/nios2eds/bin/gnu/h-i686-mingw32/bin/../lib/gcc/nios2-elf/4.1.2/../../../../nios2-elf/lib/mno-hw-mul\libc.a(lib_a-freer.o)
 .data          0x008130ac        0x0 c:/altera/12.0sp2/nios2eds/bin/gnu/h-i686-mingw32/bin/../lib/gcc/nios2-elf/4.1.2/../../../../nios2-elf/lib/mno-hw-mul\libc.a(lib_a-fvwrite.o)
 .data          0x008130ac        0x0 c:/altera/12.0sp2/nios2eds/bin/gnu/h-i686-mingw32/bin/../lib/gcc/nios2-elf/4.1.2/../../../../nios2-elf/lib/mno-hw-mul\libc.a(lib_a-fwalk.o)
 .data          0x008130ac      0x400 c:/altera/12.0sp2/nios2eds/bin/gnu/h-i686-mingw32/bin/../lib/gcc/nios2-elf/4.1.2/../../../../nios2-elf/lib/mno-hw-mul\libc.a(lib_a-impure.o)
 .data          0x008134ac        0xc c:/altera/12.0sp2/nios2eds/bin/gnu/h-i686-mingw32/bin/../lib/gcc/nios2-elf/4.1.2/../../../../nios2-elf/lib/mno-hw-mul\libc.a(lib_a-locale.o)
                0x008134ac                __lc_ctype
 .data          0x008134b8        0x0 c:/altera/12.0sp2/nios2eds/bin/gnu/h-i686-mingw32/bin/../lib/gcc/nios2-elf/4.1.2/../../../../nios2-elf/lib/mno-hw-mul\libc.a(lib_a-makebuf.o)
 .data          0x008134b8      0x408 c:/altera/12.0sp2/nios2eds/bin/gnu/h-i686-mingw32/bin/../lib/gcc/nios2-elf/4.1.2/../../../../nios2-elf/lib/mno-hw-mul\libc.a(lib_a-mallocr.o)
                0x008134b8                __malloc_av_
 .data          0x008138c0        0x0 c:/altera/12.0sp2/nios2eds/bin/gnu/h-i686-mingw32/bin/../lib/gcc/nios2-elf/4.1.2/../../../../nios2-elf/lib/mno-hw-mul\libc.a(lib_a-memchr.o)
 .data          0x008138c0        0x0 c:/altera/12.0sp2/nios2eds/bin/gnu/h-i686-mingw32/bin/../lib/gcc/nios2-elf/4.1.2/../../../../nios2-elf/lib/mno-hw-mul\libc.a(lib_a-memcpy.o)
 .data          0x008138c0        0x0 c:/altera/12.0sp2/nios2eds/bin/gnu/h-i686-mingw32/bin/../lib/gcc/nios2-elf/4.1.2/../../../../nios2-elf/lib/mno-hw-mul\libc.a(lib_a-memmove.o)
 .data          0x008138c0        0x0 c:/altera/12.0sp2/nios2eds/bin/gnu/h-i686-mingw32/bin/../lib/gcc/nios2-elf/4.1.2/../../../../nios2-elf/lib/mno-hw-mul\libc.a(lib_a-memset.o)
 .data          0x008138c0        0x0 c:/altera/12.0sp2/nios2eds/bin/gnu/h-i686-mingw32/bin/../lib/gcc/nios2-elf/4.1.2/../../../../nios2-elf/lib/mno-hw-mul\libc.a(lib_a-mprec.o)
 .data          0x008138c0        0x0 c:/altera/12.0sp2/nios2eds/bin/gnu/h-i686-mingw32/bin/../lib/gcc/nios2-elf/4.1.2/../../../../nios2-elf/lib/mno-hw-mul\libc.a(lib_a-reallocr.o)
 .data          0x008138c0        0x0 c:/altera/12.0sp2/nios2eds/bin/gnu/h-i686-mingw32/bin/../lib/gcc/nios2-elf/4.1.2/../../../../nios2-elf/lib/mno-hw-mul\libc.a(lib_a-s_isinfd.o)
 .data          0x008138c0        0x0 c:/altera/12.0sp2/nios2eds/bin/gnu/h-i686-mingw32/bin/../lib/gcc/nios2-elf/4.1.2/../../../../nios2-elf/lib/mno-hw-mul\libc.a(lib_a-s_isnand.o)
 .data          0x008138c0        0x0 c:/altera/12.0sp2/nios2eds/bin/gnu/h-i686-mingw32/bin/../lib/gcc/nios2-elf/4.1.2/../../../../nios2-elf/lib/mno-hw-mul\libc.a(lib_a-sbrkr.o)
 .data          0x008138c0        0x0 c:/altera/12.0sp2/nios2eds/bin/gnu/h-i686-mingw32/bin/../lib/gcc/nios2-elf/4.1.2/../../../../nios2-elf/lib/mno-hw-mul\libc.a(lib_a-stdio.o)
 .data          0x008138c0        0x0 c:/altera/12.0sp2/nios2eds/bin/gnu/h-i686-mingw32/bin/../lib/gcc/nios2-elf/4.1.2/../../../../nios2-elf/lib/mno-hw-mul\libc.a(lib_a-strcmp.o)
 .data          0x008138c0        0x0 c:/altera/12.0sp2/nios2eds/bin/gnu/h-i686-mingw32/bin/../lib/gcc/nios2-elf/4.1.2/../../../../nios2-elf/lib/mno-hw-mul\libc.a(lib_a-writer.o)
 .data          0x008138c0        0x0 c:/altera/12.0sp2/nios2eds/bin/gnu/h-i686-mingw32/bin/../lib/gcc/nios2-elf/4.1.2/../../../../nios2-elf/lib/mno-hw-mul\libc.a(lib_a-callocr.o)
 .data          0x008138c0        0x0 c:/altera/12.0sp2/nios2eds/bin/gnu/h-i686-mingw32/bin/../lib/gcc/nios2-elf/4.1.2/../../../../nios2-elf/lib/mno-hw-mul\libc.a(lib_a-closer.o)
 .data          0x008138c0        0x0 c:/altera/12.0sp2/nios2eds/bin/gnu/h-i686-mingw32/bin/../lib/gcc/nios2-elf/4.1.2/../../../../nios2-elf/lib/mno-hw-mul\libc.a(lib_a-fclose.o)
 .data          0x008138c0        0x0 c:/altera/12.0sp2/nios2eds/bin/gnu/h-i686-mingw32/bin/../lib/gcc/nios2-elf/4.1.2/../../../../nios2-elf/lib/mno-hw-mul\libc.a(lib_a-fstatr.o)
 .data          0x008138c0        0x0 c:/altera/12.0sp2/nios2eds/bin/gnu/h-i686-mingw32/bin/../lib/gcc/nios2-elf/4.1.2/../../../../nios2-elf/lib/mno-hw-mul\libc.a(lib_a-int_errno.o)
 .data          0x008138c0        0x0 c:/altera/12.0sp2/nios2eds/bin/gnu/h-i686-mingw32/bin/../lib/gcc/nios2-elf/4.1.2/../../../../nios2-elf/lib/mno-hw-mul\libc.a(lib_a-isattyr.o)
 .data          0x008138c0        0x0 c:/altera/12.0sp2/nios2eds/bin/gnu/h-i686-mingw32/bin/../lib/gcc/nios2-elf/4.1.2/../../../../nios2-elf/lib/mno-hw-mul\libc.a(lib_a-lseekr.o)
 .data          0x008138c0        0x0 c:/altera/12.0sp2/nios2eds/bin/gnu/h-i686-mingw32/bin/../lib/gcc/nios2-elf/4.1.2/../../../../nios2-elf/lib/mno-hw-mul\libc.a(lib_a-readr.o)
 .data          0x008138c0        0x0 c:/altera/12.0sp2/nios2eds/bin/gnu/h-i686-mingw32/bin/../lib/gcc/nios2-elf/4.1.2/mno-hw-mul\libgcc.a(_udivdi3.o)
 .data          0x008138c0        0x0 c:/altera/12.0sp2/nios2eds/bin/gnu/h-i686-mingw32/bin/../lib/gcc/nios2-elf/4.1.2/mno-hw-mul\libgcc.a(_umoddi3.o)
 .data          0x008138c0        0x0 c:/altera/12.0sp2/nios2eds/bin/gnu/h-i686-mingw32/bin/../lib/gcc/nios2-elf/4.1.2/mno-hw-mul\libgcc.a(_addsub_df.o)
 .data          0x008138c0        0x0 c:/altera/12.0sp2/nios2eds/bin/gnu/h-i686-mingw32/bin/../lib/gcc/nios2-elf/4.1.2/mno-hw-mul\libgcc.a(_mul_df.o)
 .data          0x008138c0        0x0 c:/altera/12.0sp2/nios2eds/bin/gnu/h-i686-mingw32/bin/../lib/gcc/nios2-elf/4.1.2/mno-hw-mul\libgcc.a(_div_df.o)
 .data          0x008138c0        0x0 c:/altera/12.0sp2/nios2eds/bin/gnu/h-i686-mingw32/bin/../lib/gcc/nios2-elf/4.1.2/mno-hw-mul\libgcc.a(_eq_df.o)
 .data          0x008138c0        0x0 c:/altera/12.0sp2/nios2eds/bin/gnu/h-i686-mingw32/bin/../lib/gcc/nios2-elf/4.1.2/mno-hw-mul\libgcc.a(_ne_df.o)
 .data          0x008138c0        0x0 c:/altera/12.0sp2/nios2eds/bin/gnu/h-i686-mingw32/bin/../lib/gcc/nios2-elf/4.1.2/mno-hw-mul\libgcc.a(_gt_df.o)
 .data          0x008138c0        0x0 c:/altera/12.0sp2/nios2eds/bin/gnu/h-i686-mingw32/bin/../lib/gcc/nios2-elf/4.1.2/mno-hw-mul\libgcc.a(_ge_df.o)
 .data          0x008138c0        0x0 c:/altera/12.0sp2/nios2eds/bin/gnu/h-i686-mingw32/bin/../lib/gcc/nios2-elf/4.1.2/mno-hw-mul\libgcc.a(_lt_df.o)
 .data          0x008138c0        0x0 c:/altera/12.0sp2/nios2eds/bin/gnu/h-i686-mingw32/bin/../lib/gcc/nios2-elf/4.1.2/mno-hw-mul\libgcc.a(_si_to_df.o)
 .data          0x008138c0        0x0 c:/altera/12.0sp2/nios2eds/bin/gnu/h-i686-mingw32/bin/../lib/gcc/nios2-elf/4.1.2/mno-hw-mul\libgcc.a(_df_to_si.o)
 .data          0x008138c0        0x0 c:/altera/12.0sp2/nios2eds/bin/gnu/h-i686-mingw32/bin/../lib/gcc/nios2-elf/4.1.2/mno-hw-mul\libgcc.a(_thenan_df.o)
 .data          0x008138c0        0x0 c:/altera/12.0sp2/nios2eds/bin/gnu/h-i686-mingw32/bin/../lib/gcc/nios2-elf/4.1.2/mno-hw-mul\libgcc.a(_usi_to_df.o)
 .data          0x008138c0        0x0 c:/altera/12.0sp2/nios2eds/bin/gnu/h-i686-mingw32/bin/../lib/gcc/nios2-elf/4.1.2/mno-hw-mul\libgcc.a(lib2-divmod.o)
 .data          0x008138c0        0x0 c:/altera/12.0sp2/nios2eds/bin/gnu/h-i686-mingw32/bin/../lib/gcc/nios2-elf/4.1.2/mno-hw-mul\libgcc.a(_muldi3.o)
 .data          0x008138c0        0x0 c:/altera/12.0sp2/nios2eds/bin/gnu/h-i686-mingw32/bin/../lib/gcc/nios2-elf/4.1.2/mno-hw-mul\libgcc.a(_clz.o)
 .data          0x008138c0        0x0 c:/altera/12.0sp2/nios2eds/bin/gnu/h-i686-mingw32/bin/../lib/gcc/nios2-elf/4.1.2/mno-hw-mul\libgcc.a(_clzsi2.o)
 .data          0x008138c0        0x0 c:/altera/12.0sp2/nios2eds/bin/gnu/h-i686-mingw32/bin/../lib/gcc/nios2-elf/4.1.2/mno-hw-mul\libgcc.a(_pack_df.o)
 .data          0x008138c0        0x0 c:/altera/12.0sp2/nios2eds/bin/gnu/h-i686-mingw32/bin/../lib/gcc/nios2-elf/4.1.2/mno-hw-mul\libgcc.a(_unpack_df.o)
 .data          0x008138c0        0x0 c:/altera/12.0sp2/nios2eds/bin/gnu/h-i686-mingw32/bin/../lib/gcc/nios2-elf/4.1.2/mno-hw-mul\libgcc.a(_fpcmp_parts_df.o)
 .data          0x008138c0        0x0 ../test5/\libfreertos_bsp.a(alt_main.o)
 .data          0x008138c0        0x0 ../test5/\libfreertos_bsp.a(alt_malloc_lock.o)
 .data          0x008138c0        0x0 ../test5/\libfreertos_bsp.a(queue.o)
 .data          0x008138c0        0x0 ../test5/\libfreertos_bsp.a(tasks.o)
 .data          0x008138c0        0x0 ../test5/\libfreertos_bsp.a(timers.o)
 .data          0x008138c0        0x0 ../test5/\libfreertos_bsp.a(alt_close.o)
 .data          0x008138c0      0x1a8 ../test5/\libfreertos_bsp.a(alt_dev.o)
                0x008138c0                alt_dev_null
                0x008138e8                alt_fd_list
 .data          0x00813a68        0x0 ../test5/\libfreertos_bsp.a(alt_do_ctors.o)
 .data          0x00813a68        0x0 ../test5/\libfreertos_bsp.a(alt_do_dtors.o)
 .data          0x00813a68        0x0 ../test5/\libfreertos_bsp.a(alt_errno.o)
 .data          0x00813a68        0x0 ../test5/\libfreertos_bsp.a(alt_fstat.o)
 .data          0x00813a68        0x0 ../test5/\libfreertos_bsp.a(alt_io_redirect.o)
 .data          0x00813a68        0x0 ../test5/\libfreertos_bsp.a(alt_isatty.o)
 .data          0x00813a68        0x0 ../test5/\libfreertos_bsp.a(alt_load.o)
 .data          0x00813a68        0x0 ../test5/\libfreertos_bsp.a(alt_log_macro.o)
 .data          0x00813a68       0xa0 ../test5/\libfreertos_bsp.a(alt_log_printf.o)
                0x00813a68                alt_log_msg_bss
                0x00813a84                alt_log_msg_alt_main
                0x00813aa4                alt_log_msg_stackpointer
                0x00813ad8                alt_log_msg_cache
                0x00813b04                alt_log_boot_on_flag
 .data          0x00813b08        0x0 ../test5/\libfreertos_bsp.a(alt_lseek.o)
 .data          0x00813b08        0x0 ../test5/\libfreertos_bsp.a(alt_open.o)
 .data          0x00813b08        0x0 ../test5/\libfreertos_bsp.a(alt_read.o)
 .data          0x00813b08        0x0 ../test5/\libfreertos_bsp.a(alt_release_fd.o)
 .data          0x00813b08        0x0 ../test5/\libfreertos_bsp.a(alt_sbrk.o)
 .data          0x00813b08        0x0 ../test5/\libfreertos_bsp.a(alt_tick.o)
 .data          0x00813b08        0x0 ../test5/\libfreertos_bsp.a(alt_write.o)
 .data          0x00813b08     0x1068 ../test5/\libfreertos_bsp.a(alt_sys_init.o)
 .data          0x00814b70        0x0 ../test5/\libfreertos_bsp.a(altera_avalon_jtag_uart_fd.o)
 .data          0x00814b70        0x0 ../test5/\libfreertos_bsp.a(altera_avalon_jtag_uart_init.o)
 .data          0x00814b70        0x0 ../test5/\libfreertos_bsp.a(altera_avalon_jtag_uart_ioctl.o)
 .data          0x00814b70        0x0 ../test5/\libfreertos_bsp.a(altera_avalon_jtag_uart_read.o)
 .data          0x00814b70        0x0 ../test5/\libfreertos_bsp.a(altera_avalon_jtag_uart_write.o)
 .data          0x00814b70        0x0 ../test5/\libfreertos_bsp.a(altera_avalon_timer_sc.o)
 .data          0x00814b70        0x0 ../test5/\libfreertos_bsp.a(alt_env_lock.o)
 .data          0x00814b70        0x0 ../test5/\libfreertos_bsp.a(heap_3.o)
 .data          0x00814b70        0x0 ../test5/\libfreertos_bsp.a(list.o)
 .data          0x00814b70        0x0 ../test5/\libfreertos_bsp.a(port.o)
 .data          0x00814b70        0x0 ../test5/\libfreertos_bsp.a(port_asm.o)
 .data          0x00814b70        0x0 ../test5/\libfreertos_bsp.a(alt_alarm_start.o)
 .data          0x00814b70        0x0 ../test5/\libfreertos_bsp.a(alt_dcache_flush_all.o)
 .data          0x00814b70        0x0 ../test5/\libfreertos_bsp.a(alt_dev_llist_insert.o)
 .data          0x00814b70        0x0 ../test5/\libfreertos_bsp.a(alt_find_dev.o)
 .data          0x00814b70        0x0 ../test5/\libfreertos_bsp.a(alt_find_file.o)
 .data          0x00814b70        0x0 ../test5/\libfreertos_bsp.a(alt_get_fd.o)
 .data          0x00814b70        0x0 ../test5/\libfreertos_bsp.a(alt_icache_flush_all.o)
 .data          0x00814b70        0x0 ../test5/\libfreertos_bsp.a(alt_iic.o)
 .data          0x00814b70        0x0 ../test5/\libfreertos_bsp.a(alt_iic_isr_register.o)
 .data          0x00814b70        0x0 ../test5/\libfreertos_bsp.a(alt_irq_handler.o)
 .data          0x00814b70        0x0 ../test5/\libfreertos_bsp.a(alt_irq_vars.o)
 .data          0x00814b70        0x0 ../test5/\libfreertos_bsp.a(altera_nios2_qsys_irq.o)
 .data          0x00814b70        0x0 ../test5/\libfreertos_bsp.a(alt_icache_flush.o)
 .data          0x00814b70        0x0 c:/altera/12.0sp2/nios2eds/bin/gnu/h-i686-mingw32/bin/../lib/gcc/nios2-elf/4.1.2/../../../../nios2-elf/lib/mno-hw-mul\libc.a(lib_a-atexit.o)
 .data          0x00814b70        0x0 c:/altera/12.0sp2/nios2eds/bin/gnu/h-i686-mingw32/bin/../lib/gcc/nios2-elf/4.1.2/../../../../nios2-elf/lib/mno-hw-mul\libc.a(lib_a-errno.o)
 .data          0x00814b70        0x0 c:/altera/12.0sp2/nios2eds/bin/gnu/h-i686-mingw32/bin/../lib/gcc/nios2-elf/4.1.2/../../../../nios2-elf/lib/mno-hw-mul\libc.a(lib_a-exit.o)
 .data          0x00814b70        0x0 c:/altera/12.0sp2/nios2eds/bin/gnu/h-i686-mingw32/bin/../lib/gcc/nios2-elf/4.1.2/../../../../nios2-elf/lib/mno-hw-mul\libc.a(lib_a-malloc.o)
 .data          0x00814b70        0x0 c:/altera/12.0sp2/nios2eds/bin/gnu/h-i686-mingw32/bin/../lib/gcc/nios2-elf/4.1.2/../../../../nios2-elf/lib/mno-hw-mul\libc.a(lib_a-memcmp.o)
 .data          0x00814b70        0x0 c:/altera/12.0sp2/nios2eds/bin/gnu/h-i686-mingw32/bin/../lib/gcc/nios2-elf/4.1.2/../../../../nios2-elf/lib/mno-hw-mul\libc.a(lib_a-sprintf.o)
 .data          0x00814b70        0x0 c:/altera/12.0sp2/nios2eds/bin/gnu/h-i686-mingw32/bin/../lib/gcc/nios2-elf/4.1.2/../../../../nios2-elf/lib/mno-hw-mul\libc.a(lib_a-strcat.o)
 .data          0x00814b70        0x0 c:/altera/12.0sp2/nios2eds/bin/gnu/h-i686-mingw32/bin/../lib/gcc/nios2-elf/4.1.2/../../../../nios2-elf/lib/mno-hw-mul\libc.a(lib_a-strcpy.o)
 .data          0x00814b70        0x0 c:/altera/12.0sp2/nios2eds/bin/gnu/h-i686-mingw32/bin/../lib/gcc/nios2-elf/4.1.2/../../../../nios2-elf/lib/mno-hw-mul\libc.a(lib_a-strncpy.o)
 .data          0x00814b70        0x0 c:/altera/12.0sp2/nios2eds/bin/gnu/h-i686-mingw32/bin/../lib/gcc/nios2-elf/4.1.2/../../../../nios2-elf/lib/mno-hw-mul\libc.a(lib_a-__atexit.o)
 .data          0x00814b70        0x0 c:/altera/12.0sp2/nios2eds/bin/gnu/h-i686-mingw32/bin/../lib/gcc/nios2-elf/4.1.2/../../../../nios2-elf/lib/mno-hw-mul\libc.a(lib_a-__call_atexit.o)
 .data          0x00814b70        0x0 ../test5/\libfreertos_bsp.a(alt_exit.o)
                0x0081cb70                _gp = ABSOLUTE ((. + 0x8000))
                0x0081cb70                PROVIDE (gp, _gp)
 *(.rwdata .rwdata.*)
 *(.sdata .sdata.* .gnu.linkonce.s.*)
 .sdata         0x00814b70        0x2 obj/default/ECD/source/keypad.o
 *fill*         0x00814b72        0x2 00
 .sdata         0x00814b74        0x8 c:/altera/12.0sp2/nios2eds/bin/gnu/h-i686-mingw32/bin/../lib/gcc/nios2-elf/4.1.2/../../../../nios2-elf/lib/mno-hw-mul\libc.a(lib_a-impure.o)
                0x00814b74                _impure_ptr
                0x00814b78                _global_impure_ptr
 .sdata         0x00814b7c        0x8 c:/altera/12.0sp2/nios2eds/bin/gnu/h-i686-mingw32/bin/../lib/gcc/nios2-elf/4.1.2/../../../../nios2-elf/lib/mno-hw-mul\libc.a(lib_a-locale.o)
                0x00814b7c                __mb_cur_max
 .sdata         0x00814b84        0x8 c:/altera/12.0sp2/nios2eds/bin/gnu/h-i686-mingw32/bin/../lib/gcc/nios2-elf/4.1.2/../../../../nios2-elf/lib/mno-hw-mul\libc.a(lib_a-mallocr.o)
                0x00814b84                __malloc_trim_threshold
                0x00814b88                __malloc_sbrk_base
 .sdata         0x00814b8c        0x4 ../test5/\libfreertos_bsp.a(tasks.o)
 .sdata         0x00814b90       0x14 ../test5/\libfreertos_bsp.a(alt_dev.o)
                0x00814b90                alt_fs_list
                0x00814b98                alt_dev_list
                0x00814ba0                alt_max_fd
 .sdata         0x00814ba4        0x4 ../test5/\libfreertos_bsp.a(alt_errno.o)
                0x00814ba4                alt_errno
 .sdata         0x00814ba8        0x4 ../test5/\libfreertos_bsp.a(alt_sbrk.o)
 .sdata         0x00814bac        0x8 ../test5/\libfreertos_bsp.a(alt_tick.o)
                0x00814bac                alt_alarm_list
 .sdata         0x00814bb4        0x4 ../test5/\libfreertos_bsp.a(alt_irq_vars.o)
                0x00814bb4                alt_priority_mask
 *(.sdata2 .sdata2.* .gnu.linkonce.s2.*)
                0x00814bb8                . = ALIGN (0x4)
                0x00814bb8                _edata = ABSOLUTE (.)
                0x00814bb8                PROVIDE (edata, ABSOLUTE (.))
                0x00814bb8                PROVIDE (__ram_rwdata_end, ABSOLUTE (.))
                0x00814bb8                PROVIDE (__flash_rwdata_start, LOADADDR (.rwdata))

.bss            0x008166f4      0x510
                0x008166f4                __bss_start = ABSOLUTE (.)
                0x008166f4                PROVIDE (__sbss_start, ABSOLUTE (.))
                0x008166f4                PROVIDE (___sbss_start, ABSOLUTE (.))
 *(.dynsbss)
 *(.sbss .sbss.* .gnu.linkonce.sb.*)
 .sbss          0x008166f4        0x8 obj/default/ECD/source/keypad.o
                0x008166f4                tKP
                0x008166f8                qKP
 .sbss          0x008166fc        0x8 obj/default/ECD/source/manager.o
 .sbss          0x00816704        0x8 obj/default/ECD/source/movement.o
 .sbss          0x0081670c        0x4 obj/default/ECD/source/pwm.o
 .sbss          0x00816710        0xc c:/altera/12.0sp2/nios2eds/bin/gnu/h-i686-mingw32/bin/../lib/gcc/nios2-elf/4.1.2/../../../../nios2-elf/lib/mno-hw-mul\libc.a(lib_a-locale.o)
                0x00816710                __nlocale_changed
                0x00816714                __mlocale_changed
                0x00816718                _PathLocale
 .sbss          0x0081671c        0xc c:/altera/12.0sp2/nios2eds/bin/gnu/h-i686-mingw32/bin/../lib/gcc/nios2-elf/4.1.2/../../../../nios2-elf/lib/mno-hw-mul\libc.a(lib_a-mallocr.o)
                0x0081671c                __malloc_top_pad
                0x00816720                __malloc_max_sbrked_mem
                0x00816724                __malloc_max_total_mem
 .sbss          0x00816728        0x4 c:/altera/12.0sp2/nios2eds/bin/gnu/h-i686-mingw32/bin/../lib/gcc/nios2-elf/4.1.2/../../../../nios2-elf/lib/mno-hw-mul\libc.a(lib_a-int_errno.o)
                0x00816728                errno
 .sbss          0x0081672c        0xc ../test5/\libfreertos_bsp.a(alt_main.o)
                0x0081672c                alt_argc
                0x00816730                alt_argv
                0x00816734                alt_envp
 .sbss          0x00816738        0x4 ../test5/\libfreertos_bsp.a(alt_malloc_lock.o)
                0x00816738                alt_heapsem
 .sbss          0x0081673c       0x38 ../test5/\libfreertos_bsp.a(tasks.o)
                0x0081673c                pxCurrentTCB
 .sbss          0x00816774       0x10 ../test5/\libfreertos_bsp.a(timers.o)
 .sbss          0x00816784        0x4 ../test5/\libfreertos_bsp.a(alt_dev.o)
                0x00816784                alt_fd_list_lock
 .sbss          0x00816788       0x10 ../test5/\libfreertos_bsp.a(alt_log_printf.o)
                0x00816788                alt_log_write_on_flag
                0x00816789                alt_log_sys_clk_on_flag
                0x0081678a                alt_log_jtag_uart_alarm_on_flag
                0x0081678b                alt_log_jtag_uart_isr_on_flag
                0x0081678c                alt_log_jtag_uart_startup_info_on_flag
                0x00816790                alt_system_clock_in_sec
                0x00816794                alt_log_sys_clk_count
 .sbss          0x00816798        0x8 ../test5/\libfreertos_bsp.a(alt_tick.o)
                0x00816798                _alt_tick_rate
                0x0081679c                _alt_nticks
 .sbss          0x008167a0        0x4 ../test5/\libfreertos_bsp.a(alt_env_lock.o)
                0x008167a0                alt_envsem
 .sbss          0x008167a4        0x4 ../test5/\libfreertos_bsp.a(alt_irq_vars.o)
                0x008167a4                alt_irq_active
 *(.sbss2 .sbss2.* .gnu.linkonce.sb2.*)
 *(.scommon)
                0x008167a8                PROVIDE (__sbss_end, ABSOLUTE (.))
                0x008167a8                PROVIDE (___sbss_end, ABSOLUTE (.))
 *(.dynbss)
 *(.bss .bss.* .gnu.linkonce.b.*)
 .bss           0x008167a8        0x0 ../test5//obj/HAL/src/crt0.o
 .bss           0x008167a8        0x0 obj/default/ECD/source/display.o
 .bss           0x008167a8        0x0 obj/default/ECD/source/keypad.o
 .bss           0x008167a8        0x0 obj/default/ECD/source/main.o
 .bss           0x008167a8        0x0 obj/default/ECD/source/manager.o
 .bss           0x008167a8        0x0 obj/default/ECD/source/messaging.o
 .bss           0x008167a8       0x40 obj/default/ECD/source/movement.o
 .bss           0x008167e8        0x0 obj/default/ECD/source/pwm.o
 .bss           0x008167e8        0x0 c:/altera/12.0sp2/nios2eds/bin/gnu/h-i686-mingw32/bin/../lib/gcc/nios2-elf/4.1.2/mno-hw-mul\libgcc.a(lib2-mul.o)
 .bss           0x008167e8        0x0 c:/altera/12.0sp2/nios2eds/bin/gnu/h-i686-mingw32/bin/../lib/gcc/nios2-elf/4.1.2/../../../../nios2-elf/lib/mno-hw-mul\libc.a(lib_a-printf.o)
 .bss           0x008167e8        0x0 c:/altera/12.0sp2/nios2eds/bin/gnu/h-i686-mingw32/bin/../lib/gcc/nios2-elf/4.1.2/../../../../nios2-elf/lib/mno-hw-mul\libc.a(lib_a-puts.o)
 .bss           0x008167e8        0x0 c:/altera/12.0sp2/nios2eds/bin/gnu/h-i686-mingw32/bin/../lib/gcc/nios2-elf/4.1.2/../../../../nios2-elf/lib/mno-hw-mul\libc.a(lib_a-strlen.o)
 .bss           0x008167e8        0x0 c:/altera/12.0sp2/nios2eds/bin/gnu/h-i686-mingw32/bin/../lib/gcc/nios2-elf/4.1.2/../../../../nios2-elf/lib/mno-hw-mul\libc.a(lib_a-vfprintf.o)
 .bss           0x008167e8        0x0 c:/altera/12.0sp2/nios2eds/bin/gnu/h-i686-mingw32/bin/../lib/gcc/nios2-elf/4.1.2/../../../../nios2-elf/lib/mno-hw-mul\libc.a(lib_a-wsetup.o)
 .bss           0x008167e8        0x0 c:/altera/12.0sp2/nios2eds/bin/gnu/h-i686-mingw32/bin/../lib/gcc/nios2-elf/4.1.2/../../../../nios2-elf/lib/mno-hw-mul\libc.a(lib_a-dtoa.o)
 .bss           0x008167e8        0x0 c:/altera/12.0sp2/nios2eds/bin/gnu/h-i686-mingw32/bin/../lib/gcc/nios2-elf/4.1.2/../../../../nios2-elf/lib/mno-hw-mul\libc.a(lib_a-fflush.o)
 .bss           0x008167e8        0x0 c:/altera/12.0sp2/nios2eds/bin/gnu/h-i686-mingw32/bin/../lib/gcc/nios2-elf/4.1.2/../../../../nios2-elf/lib/mno-hw-mul\libc.a(lib_a-findfp.o)
 .bss           0x008167e8        0x0 c:/altera/12.0sp2/nios2eds/bin/gnu/h-i686-mingw32/bin/../lib/gcc/nios2-elf/4.1.2/../../../../nios2-elf/lib/mno-hw-mul\libc.a(lib_a-freer.o)
 .bss           0x008167e8        0x0 c:/altera/12.0sp2/nios2eds/bin/gnu/h-i686-mingw32/bin/../lib/gcc/nios2-elf/4.1.2/../../../../nios2-elf/lib/mno-hw-mul\libc.a(lib_a-fvwrite.o)
 .bss           0x008167e8        0x0 c:/altera/12.0sp2/nios2eds/bin/gnu/h-i686-mingw32/bin/../lib/gcc/nios2-elf/4.1.2/../../../../nios2-elf/lib/mno-hw-mul\libc.a(lib_a-fwalk.o)
 .bss           0x008167e8        0x0 c:/altera/12.0sp2/nios2eds/bin/gnu/h-i686-mingw32/bin/../lib/gcc/nios2-elf/4.1.2/../../../../nios2-elf/lib/mno-hw-mul\libc.a(lib_a-impure.o)
 .bss           0x008167e8        0x0 c:/altera/12.0sp2/nios2eds/bin/gnu/h-i686-mingw32/bin/../lib/gcc/nios2-elf/4.1.2/../../../../nios2-elf/lib/mno-hw-mul\libc.a(lib_a-locale.o)
 .bss           0x008167e8        0x0 c:/altera/12.0sp2/nios2eds/bin/gnu/h-i686-mingw32/bin/../lib/gcc/nios2-elf/4.1.2/../../../../nios2-elf/lib/mno-hw-mul\libc.a(lib_a-makebuf.o)
 .bss           0x008167e8       0x28 c:/altera/12.0sp2/nios2eds/bin/gnu/h-i686-mingw32/bin/../lib/gcc/nios2-elf/4.1.2/../../../../nios2-elf/lib/mno-hw-mul\libc.a(lib_a-mallocr.o)
                0x008167e8                __malloc_current_mallinfo
 .bss           0x00816810        0x0 c:/altera/12.0sp2/nios2eds/bin/gnu/h-i686-mingw32/bin/../lib/gcc/nios2-elf/4.1.2/../../../../nios2-elf/lib/mno-hw-mul\libc.a(lib_a-memchr.o)
 .bss           0x00816810        0x0 c:/altera/12.0sp2/nios2eds/bin/gnu/h-i686-mingw32/bin/../lib/gcc/nios2-elf/4.1.2/../../../../nios2-elf/lib/mno-hw-mul\libc.a(lib_a-memcpy.o)
 .bss           0x00816810        0x0 c:/altera/12.0sp2/nios2eds/bin/gnu/h-i686-mingw32/bin/../lib/gcc/nios2-elf/4.1.2/../../../../nios2-elf/lib/mno-hw-mul\libc.a(lib_a-memmove.o)
 .bss           0x00816810        0x0 c:/altera/12.0sp2/nios2eds/bin/gnu/h-i686-mingw32/bin/../lib/gcc/nios2-elf/4.1.2/../../../../nios2-elf/lib/mno-hw-mul\libc.a(lib_a-memset.o)
 .bss           0x00816810        0x0 c:/altera/12.0sp2/nios2eds/bin/gnu/h-i686-mingw32/bin/../lib/gcc/nios2-elf/4.1.2/../../../../nios2-elf/lib/mno-hw-mul\libc.a(lib_a-mprec.o)
 .bss           0x00816810        0x0 c:/altera/12.0sp2/nios2eds/bin/gnu/h-i686-mingw32/bin/../lib/gcc/nios2-elf/4.1.2/../../../../nios2-elf/lib/mno-hw-mul\libc.a(lib_a-reallocr.o)
 .bss           0x00816810        0x0 c:/altera/12.0sp2/nios2eds/bin/gnu/h-i686-mingw32/bin/../lib/gcc/nios2-elf/4.1.2/../../../../nios2-elf/lib/mno-hw-mul\libc.a(lib_a-s_isinfd.o)
 .bss           0x00816810        0x0 c:/altera/12.0sp2/nios2eds/bin/gnu/h-i686-mingw32/bin/../lib/gcc/nios2-elf/4.1.2/../../../../nios2-elf/lib/mno-hw-mul\libc.a(lib_a-s_isnand.o)
 .bss           0x00816810        0x0 c:/altera/12.0sp2/nios2eds/bin/gnu/h-i686-mingw32/bin/../lib/gcc/nios2-elf/4.1.2/../../../../nios2-elf/lib/mno-hw-mul\libc.a(lib_a-sbrkr.o)
 .bss           0x00816810        0x0 c:/altera/12.0sp2/nios2eds/bin/gnu/h-i686-mingw32/bin/../lib/gcc/nios2-elf/4.1.2/../../../../nios2-elf/lib/mno-hw-mul\libc.a(lib_a-stdio.o)
 .bss           0x00816810        0x0 c:/altera/12.0sp2/nios2eds/bin/gnu/h-i686-mingw32/bin/../lib/gcc/nios2-elf/4.1.2/../../../../nios2-elf/lib/mno-hw-mul\libc.a(lib_a-strcmp.o)
 .bss           0x00816810        0x0 c:/altera/12.0sp2/nios2eds/bin/gnu/h-i686-mingw32/bin/../lib/gcc/nios2-elf/4.1.2/../../../../nios2-elf/lib/mno-hw-mul\libc.a(lib_a-writer.o)
 .bss           0x00816810        0x0 c:/altera/12.0sp2/nios2eds/bin/gnu/h-i686-mingw32/bin/../lib/gcc/nios2-elf/4.1.2/../../../../nios2-elf/lib/mno-hw-mul\libc.a(lib_a-callocr.o)
 .bss           0x00816810        0x0 c:/altera/12.0sp2/nios2eds/bin/gnu/h-i686-mingw32/bin/../lib/gcc/nios2-elf/4.1.2/../../../../nios2-elf/lib/mno-hw-mul\libc.a(lib_a-closer.o)
 .bss           0x00816810        0x0 c:/altera/12.0sp2/nios2eds/bin/gnu/h-i686-mingw32/bin/../lib/gcc/nios2-elf/4.1.2/../../../../nios2-elf/lib/mno-hw-mul\libc.a(lib_a-fclose.o)
 .bss           0x00816810        0x0 c:/altera/12.0sp2/nios2eds/bin/gnu/h-i686-mingw32/bin/../lib/gcc/nios2-elf/4.1.2/../../../../nios2-elf/lib/mno-hw-mul\libc.a(lib_a-fstatr.o)
 .bss           0x00816810        0x0 c:/altera/12.0sp2/nios2eds/bin/gnu/h-i686-mingw32/bin/../lib/gcc/nios2-elf/4.1.2/../../../../nios2-elf/lib/mno-hw-mul\libc.a(lib_a-int_errno.o)
 .bss           0x00816810        0x0 c:/altera/12.0sp2/nios2eds/bin/gnu/h-i686-mingw32/bin/../lib/gcc/nios2-elf/4.1.2/../../../../nios2-elf/lib/mno-hw-mul\libc.a(lib_a-isattyr.o)
 .bss           0x00816810        0x0 c:/altera/12.0sp2/nios2eds/bin/gnu/h-i686-mingw32/bin/../lib/gcc/nios2-elf/4.1.2/../../../../nios2-elf/lib/mno-hw-mul\libc.a(lib_a-lseekr.o)
 .bss           0x00816810        0x0 c:/altera/12.0sp2/nios2eds/bin/gnu/h-i686-mingw32/bin/../lib/gcc/nios2-elf/4.1.2/../../../../nios2-elf/lib/mno-hw-mul\libc.a(lib_a-readr.o)
 .bss           0x00816810        0x0 c:/altera/12.0sp2/nios2eds/bin/gnu/h-i686-mingw32/bin/../lib/gcc/nios2-elf/4.1.2/mno-hw-mul\libgcc.a(_udivdi3.o)
 .bss           0x00816810        0x0 c:/altera/12.0sp2/nios2eds/bin/gnu/h-i686-mingw32/bin/../lib/gcc/nios2-elf/4.1.2/mno-hw-mul\libgcc.a(_umoddi3.o)
 .bss           0x00816810        0x0 c:/altera/12.0sp2/nios2eds/bin/gnu/h-i686-mingw32/bin/../lib/gcc/nios2-elf/4.1.2/mno-hw-mul\libgcc.a(_addsub_df.o)
 .bss           0x00816810        0x0 c:/altera/12.0sp2/nios2eds/bin/gnu/h-i686-mingw32/bin/../lib/gcc/nios2-elf/4.1.2/mno-hw-mul\libgcc.a(_mul_df.o)
 .bss           0x00816810        0x0 c:/altera/12.0sp2/nios2eds/bin/gnu/h-i686-mingw32/bin/../lib/gcc/nios2-elf/4.1.2/mno-hw-mul\libgcc.a(_div_df.o)
 .bss           0x00816810        0x0 c:/altera/12.0sp2/nios2eds/bin/gnu/h-i686-mingw32/bin/../lib/gcc/nios2-elf/4.1.2/mno-hw-mul\libgcc.a(_eq_df.o)
 .bss           0x00816810        0x0 c:/altera/12.0sp2/nios2eds/bin/gnu/h-i686-mingw32/bin/../lib/gcc/nios2-elf/4.1.2/mno-hw-mul\libgcc.a(_ne_df.o)
 .bss           0x00816810        0x0 c:/altera/12.0sp2/nios2eds/bin/gnu/h-i686-mingw32/bin/../lib/gcc/nios2-elf/4.1.2/mno-hw-mul\libgcc.a(_gt_df.o)
 .bss           0x00816810        0x0 c:/altera/12.0sp2/nios2eds/bin/gnu/h-i686-mingw32/bin/../lib/gcc/nios2-elf/4.1.2/mno-hw-mul\libgcc.a(_ge_df.o)
 .bss           0x00816810        0x0 c:/altera/12.0sp2/nios2eds/bin/gnu/h-i686-mingw32/bin/../lib/gcc/nios2-elf/4.1.2/mno-hw-mul\libgcc.a(_lt_df.o)
 .bss           0x00816810        0x0 c:/altera/12.0sp2/nios2eds/bin/gnu/h-i686-mingw32/bin/../lib/gcc/nios2-elf/4.1.2/mno-hw-mul\libgcc.a(_si_to_df.o)
 .bss           0x00816810        0x0 c:/altera/12.0sp2/nios2eds/bin/gnu/h-i686-mingw32/bin/../lib/gcc/nios2-elf/4.1.2/mno-hw-mul\libgcc.a(_df_to_si.o)
 .bss           0x00816810        0x0 c:/altera/12.0sp2/nios2eds/bin/gnu/h-i686-mingw32/bin/../lib/gcc/nios2-elf/4.1.2/mno-hw-mul\libgcc.a(_thenan_df.o)
 .bss           0x00816810        0x0 c:/altera/12.0sp2/nios2eds/bin/gnu/h-i686-mingw32/bin/../lib/gcc/nios2-elf/4.1.2/mno-hw-mul\libgcc.a(_usi_to_df.o)
 .bss           0x00816810        0x0 c:/altera/12.0sp2/nios2eds/bin/gnu/h-i686-mingw32/bin/../lib/gcc/nios2-elf/4.1.2/mno-hw-mul\libgcc.a(lib2-divmod.o)
 .bss           0x00816810        0x0 c:/altera/12.0sp2/nios2eds/bin/gnu/h-i686-mingw32/bin/../lib/gcc/nios2-elf/4.1.2/mno-hw-mul\libgcc.a(_muldi3.o)
 .bss           0x00816810        0x0 c:/altera/12.0sp2/nios2eds/bin/gnu/h-i686-mingw32/bin/../lib/gcc/nios2-elf/4.1.2/mno-hw-mul\libgcc.a(_clz.o)
 .bss           0x00816810        0x0 c:/altera/12.0sp2/nios2eds/bin/gnu/h-i686-mingw32/bin/../lib/gcc/nios2-elf/4.1.2/mno-hw-mul\libgcc.a(_clzsi2.o)
 .bss           0x00816810        0x0 c:/altera/12.0sp2/nios2eds/bin/gnu/h-i686-mingw32/bin/../lib/gcc/nios2-elf/4.1.2/mno-hw-mul\libgcc.a(_pack_df.o)
 .bss           0x00816810        0x0 c:/altera/12.0sp2/nios2eds/bin/gnu/h-i686-mingw32/bin/../lib/gcc/nios2-elf/4.1.2/mno-hw-mul\libgcc.a(_unpack_df.o)
 .bss           0x00816810        0x0 c:/altera/12.0sp2/nios2eds/bin/gnu/h-i686-mingw32/bin/../lib/gcc/nios2-elf/4.1.2/mno-hw-mul\libgcc.a(_fpcmp_parts_df.o)
 .bss           0x00816810        0x0 ../test5/\libfreertos_bsp.a(alt_main.o)
 .bss           0x00816810        0x0 ../test5/\libfreertos_bsp.a(alt_malloc_lock.o)
 .bss           0x00816810        0x0 ../test5/\libfreertos_bsp.a(queue.o)
 .bss           0x00816810      0x110 ../test5/\libfreertos_bsp.a(tasks.o)
 .bss           0x00816920       0x28 ../test5/\libfreertos_bsp.a(timers.o)
 .bss           0x00816948        0x0 ../test5/\libfreertos_bsp.a(alt_close.o)
 .bss           0x00816948        0x0 ../test5/\libfreertos_bsp.a(alt_dev.o)
 .bss           0x00816948        0x0 ../test5/\libfreertos_bsp.a(alt_do_ctors.o)
 .bss           0x00816948        0x0 ../test5/\libfreertos_bsp.a(alt_do_dtors.o)
 .bss           0x00816948        0x0 ../test5/\libfreertos_bsp.a(alt_errno.o)
 .bss           0x00816948        0x0 ../test5/\libfreertos_bsp.a(alt_fstat.o)
 .bss           0x00816948        0x0 ../test5/\libfreertos_bsp.a(alt_io_redirect.o)
 .bss           0x00816948        0x0 ../test5/\libfreertos_bsp.a(alt_isatty.o)
 .bss           0x00816948        0x0 ../test5/\libfreertos_bsp.a(alt_load.o)
 .bss           0x00816948        0x0 ../test5/\libfreertos_bsp.a(alt_log_macro.o)
 .bss           0x00816948        0x0 ../test5/\libfreertos_bsp.a(alt_log_printf.o)
 .bss           0x00816948        0x0 ../test5/\libfreertos_bsp.a(alt_lseek.o)
 .bss           0x00816948        0x0 ../test5/\libfreertos_bsp.a(alt_open.o)
 .bss           0x00816948        0x0 ../test5/\libfreertos_bsp.a(alt_read.o)
 .bss           0x00816948        0x0 ../test5/\libfreertos_bsp.a(alt_release_fd.o)
 .bss           0x00816948        0x0 ../test5/\libfreertos_bsp.a(alt_sbrk.o)
 .bss           0x00816948        0x0 ../test5/\libfreertos_bsp.a(alt_tick.o)
 .bss           0x00816948        0x0 ../test5/\libfreertos_bsp.a(alt_write.o)
 .bss           0x00816948        0x0 ../test5/\libfreertos_bsp.a(alt_sys_init.o)
 .bss           0x00816948        0x0 ../test5/\libfreertos_bsp.a(altera_avalon_jtag_uart_fd.o)
 .bss           0x00816948        0x0 ../test5/\libfreertos_bsp.a(altera_avalon_jtag_uart_init.o)
 .bss           0x00816948        0x0 ../test5/\libfreertos_bsp.a(altera_avalon_jtag_uart_ioctl.o)
 .bss           0x00816948        0x0 ../test5/\libfreertos_bsp.a(altera_avalon_jtag_uart_read.o)
 .bss           0x00816948        0x0 ../test5/\libfreertos_bsp.a(altera_avalon_jtag_uart_write.o)
 .bss           0x00816948        0x0 ../test5/\libfreertos_bsp.a(altera_avalon_timer_sc.o)
 .bss           0x00816948        0x0 ../test5/\libfreertos_bsp.a(alt_env_lock.o)
 .bss           0x00816948        0x0 ../test5/\libfreertos_bsp.a(heap_3.o)
 .bss           0x00816948        0x0 ../test5/\libfreertos_bsp.a(list.o)
 .bss           0x00816948        0x0 ../test5/\libfreertos_bsp.a(port.o)
 .bss           0x00816948        0x0 ../test5/\libfreertos_bsp.a(port_asm.o)
 .bss           0x00816948        0x0 ../test5/\libfreertos_bsp.a(alt_alarm_start.o)
 .bss           0x00816948        0x0 ../test5/\libfreertos_bsp.a(alt_dcache_flush_all.o)
 .bss           0x00816948        0x0 ../test5/\libfreertos_bsp.a(alt_dev_llist_insert.o)
 .bss           0x00816948        0x0 ../test5/\libfreertos_bsp.a(alt_find_dev.o)
 .bss           0x00816948        0x0 ../test5/\libfreertos_bsp.a(alt_find_file.o)
 .bss           0x00816948        0x0 ../test5/\libfreertos_bsp.a(alt_get_fd.o)
 .bss           0x00816948        0x0 ../test5/\libfreertos_bsp.a(alt_icache_flush_all.o)
 .bss           0x00816948        0x0 ../test5/\libfreertos_bsp.a(alt_iic.o)
 .bss           0x00816948        0x0 ../test5/\libfreertos_bsp.a(alt_iic_isr_register.o)
 .bss           0x00816948        0x0 ../test5/\libfreertos_bsp.a(alt_irq_handler.o)
 .bss           0x00816948        0x0 ../test5/\libfreertos_bsp.a(alt_irq_vars.o)
 .bss           0x00816948        0x0 ../test5/\libfreertos_bsp.a(altera_nios2_qsys_irq.o)
 .bss           0x00816948        0x0 ../test5/\libfreertos_bsp.a(alt_icache_flush.o)
 .bss           0x00816948        0x0 c:/altera/12.0sp2/nios2eds/bin/gnu/h-i686-mingw32/bin/../lib/gcc/nios2-elf/4.1.2/../../../../nios2-elf/lib/mno-hw-mul\libc.a(lib_a-atexit.o)
 .bss           0x00816948        0x0 c:/altera/12.0sp2/nios2eds/bin/gnu/h-i686-mingw32/bin/../lib/gcc/nios2-elf/4.1.2/../../../../nios2-elf/lib/mno-hw-mul\libc.a(lib_a-errno.o)
 .bss           0x00816948        0x0 c:/altera/12.0sp2/nios2eds/bin/gnu/h-i686-mingw32/bin/../lib/gcc/nios2-elf/4.1.2/../../../../nios2-elf/lib/mno-hw-mul\libc.a(lib_a-exit.o)
 .bss           0x00816948        0x0 c:/altera/12.0sp2/nios2eds/bin/gnu/h-i686-mingw32/bin/../lib/gcc/nios2-elf/4.1.2/../../../../nios2-elf/lib/mno-hw-mul\libc.a(lib_a-malloc.o)
 .bss           0x00816948        0x0 c:/altera/12.0sp2/nios2eds/bin/gnu/h-i686-mingw32/bin/../lib/gcc/nios2-elf/4.1.2/../../../../nios2-elf/lib/mno-hw-mul\libc.a(lib_a-memcmp.o)
 .bss           0x00816948        0x0 c:/altera/12.0sp2/nios2eds/bin/gnu/h-i686-mingw32/bin/../lib/gcc/nios2-elf/4.1.2/../../../../nios2-elf/lib/mno-hw-mul\libc.a(lib_a-sprintf.o)
 .bss           0x00816948        0x0 c:/altera/12.0sp2/nios2eds/bin/gnu/h-i686-mingw32/bin/../lib/gcc/nios2-elf/4.1.2/../../../../nios2-elf/lib/mno-hw-mul\libc.a(lib_a-strcat.o)
 .bss           0x00816948        0x0 c:/altera/12.0sp2/nios2eds/bin/gnu/h-i686-mingw32/bin/../lib/gcc/nios2-elf/4.1.2/../../../../nios2-elf/lib/mno-hw-mul\libc.a(lib_a-strcpy.o)
 .bss           0x00816948        0x0 c:/altera/12.0sp2/nios2eds/bin/gnu/h-i686-mingw32/bin/../lib/gcc/nios2-elf/4.1.2/../../../../nios2-elf/lib/mno-hw-mul\libc.a(lib_a-strncpy.o)
 .bss           0x00816948        0x0 c:/altera/12.0sp2/nios2eds/bin/gnu/h-i686-mingw32/bin/../lib/gcc/nios2-elf/4.1.2/../../../../nios2-elf/lib/mno-hw-mul\libc.a(lib_a-__atexit.o)
 .bss           0x00816948        0x0 c:/altera/12.0sp2/nios2eds/bin/gnu/h-i686-mingw32/bin/../lib/gcc/nios2-elf/4.1.2/../../../../nios2-elf/lib/mno-hw-mul\libc.a(lib_a-__call_atexit.o)
 .bss           0x00816948        0x0 ../test5/\libfreertos_bsp.a(alt_exit.o)
 *(COMMON)
 COMMON         0x00816948       0x2c ../test5/\libfreertos_bsp.a(alt_log_printf.o)
                0x00816948                alt_log_write_buf
                0x0081695c                alt_log_jtag_uart_alarm_1
 COMMON         0x00816974      0x100 ../test5/\libfreertos_bsp.a(alt_irq_handler.o)
                0x00816974                alt_irq
 COMMON         0x00816a74      0x190 c:/altera/12.0sp2/nios2eds/bin/gnu/h-i686-mingw32/bin/../lib/gcc/nios2-elf/4.1.2/../../../../nios2-elf/lib/mno-hw-mul\libc.a(lib_a-atexit.o)
                0x00816a74                _atexit0
                0x00816c04                . = ALIGN (0x4)
                0x00816c04                __bss_end = ABSOLUTE (.)

.sdram          0x00816c04        0x0
                0x00816c04                PROVIDE (_alt_partition_sdram_start, ABSOLUTE (.))
 *(.sdram. sdram.*)
                0x00816c04                . = ALIGN (0x4)
                0x00816c04                PROVIDE (_alt_partition_sdram_end, ABSOLUTE (.))
                0x00816c04                _end = ABSOLUTE (.)
                0x00816c04                end = ABSOLUTE (.)
                0x00816c04                __alt_stack_base = ABSOLUTE (.)
                0x00816c04                PROVIDE (_alt_partition_sdram_load_addr, LOADADDR (.sdram))

.stab
 *(.stab)

.stabstr
 *(.stabstr)

.stab.excl
 *(.stab.excl)

.stab.exclstr
 *(.stab.exclstr)

.stab.index
 *(.stab.index)

.stab.indexstr
 *(.stab.indexstr)

.comment        0x00000000       0x26
 *(.comment)
 .comment       0x00000000       0x26 obj/default/ECD/source/display.o
                                 0x27 (size before relaxing)
 .comment       0x00000000       0x27 obj/default/ECD/source/keypad.o
 .comment       0x00000000       0x27 obj/default/ECD/source/main.o
 .comment       0x00000000       0x27 obj/default/ECD/source/manager.o
 .comment       0x00000000       0x27 obj/default/ECD/source/messaging.o
 .comment       0x00000000       0x27 obj/default/ECD/source/movement.o
 .comment       0x00000000       0x27 obj/default/ECD/source/pwm.o
 .comment       0x00000000       0x27 c:/altera/12.0sp2/nios2eds/bin/gnu/h-i686-mingw32/bin/../lib/gcc/nios2-elf/4.1.2/mno-hw-mul\libgcc.a(lib2-mul.o)
 .comment       0x00000000       0x27 c:/altera/12.0sp2/nios2eds/bin/gnu/h-i686-mingw32/bin/../lib/gcc/nios2-elf/4.1.2/../../../../nios2-elf/lib/mno-hw-mul\libc.a(lib_a-printf.o)
 .comment       0x00000000       0x27 c:/altera/12.0sp2/nios2eds/bin/gnu/h-i686-mingw32/bin/../lib/gcc/nios2-elf/4.1.2/../../../../nios2-elf/lib/mno-hw-mul\libc.a(lib_a-puts.o)
 .comment       0x00000000       0x27 c:/altera/12.0sp2/nios2eds/bin/gnu/h-i686-mingw32/bin/../lib/gcc/nios2-elf/4.1.2/../../../../nios2-elf/lib/mno-hw-mul\libc.a(lib_a-strlen.o)
 .comment       0x00000000       0x27 c:/altera/12.0sp2/nios2eds/bin/gnu/h-i686-mingw32/bin/../lib/gcc/nios2-elf/4.1.2/../../../../nios2-elf/lib/mno-hw-mul\libc.a(lib_a-vfprintf.o)
 .comment       0x00000000       0x27 c:/altera/12.0sp2/nios2eds/bin/gnu/h-i686-mingw32/bin/../lib/gcc/nios2-elf/4.1.2/../../../../nios2-elf/lib/mno-hw-mul\libc.a(lib_a-wsetup.o)
 .comment       0x00000000       0x27 c:/altera/12.0sp2/nios2eds/bin/gnu/h-i686-mingw32/bin/../lib/gcc/nios2-elf/4.1.2/../../../../nios2-elf/lib/mno-hw-mul\libc.a(lib_a-dtoa.o)
 .comment       0x00000000       0x27 c:/altera/12.0sp2/nios2eds/bin/gnu/h-i686-mingw32/bin/../lib/gcc/nios2-elf/4.1.2/../../../../nios2-elf/lib/mno-hw-mul\libc.a(lib_a-fflush.o)
 .comment       0x00000000       0x27 c:/altera/12.0sp2/nios2eds/bin/gnu/h-i686-mingw32/bin/../lib/gcc/nios2-elf/4.1.2/../../../../nios2-elf/lib/mno-hw-mul\libc.a(lib_a-findfp.o)
 .comment       0x00000000       0x27 c:/altera/12.0sp2/nios2eds/bin/gnu/h-i686-mingw32/bin/../lib/gcc/nios2-elf/4.1.2/../../../../nios2-elf/lib/mno-hw-mul\libc.a(lib_a-freer.o)
 .comment       0x00000000       0x27 c:/altera/12.0sp2/nios2eds/bin/gnu/h-i686-mingw32/bin/../lib/gcc/nios2-elf/4.1.2/../../../../nios2-elf/lib/mno-hw-mul\libc.a(lib_a-fvwrite.o)
 .comment       0x00000000       0x27 c:/altera/12.0sp2/nios2eds/bin/gnu/h-i686-mingw32/bin/../lib/gcc/nios2-elf/4.1.2/../../../../nios2-elf/lib/mno-hw-mul\libc.a(lib_a-fwalk.o)
 .comment       0x00000000       0x27 c:/altera/12.0sp2/nios2eds/bin/gnu/h-i686-mingw32/bin/../lib/gcc/nios2-elf/4.1.2/../../../../nios2-elf/lib/mno-hw-mul\libc.a(lib_a-impure.o)
 .comment       0x00000000       0x27 c:/altera/12.0sp2/nios2eds/bin/gnu/h-i686-mingw32/bin/../lib/gcc/nios2-elf/4.1.2/../../../../nios2-elf/lib/mno-hw-mul\libc.a(lib_a-locale.o)
 .comment       0x00000000       0x27 c:/altera/12.0sp2/nios2eds/bin/gnu/h-i686-mingw32/bin/../lib/gcc/nios2-elf/4.1.2/../../../../nios2-elf/lib/mno-hw-mul\libc.a(lib_a-makebuf.o)
 .comment       0x00000000       0x27 c:/altera/12.0sp2/nios2eds/bin/gnu/h-i686-mingw32/bin/../lib/gcc/nios2-elf/4.1.2/../../../../nios2-elf/lib/mno-hw-mul\libc.a(lib_a-mallocr.o)
 .comment       0x00000000       0x27 c:/altera/12.0sp2/nios2eds/bin/gnu/h-i686-mingw32/bin/../lib/gcc/nios2-elf/4.1.2/../../../../nios2-elf/lib/mno-hw-mul\libc.a(lib_a-memchr.o)
 .comment       0x00000000       0x27 c:/altera/12.0sp2/nios2eds/bin/gnu/h-i686-mingw32/bin/../lib/gcc/nios2-elf/4.1.2/../../../../nios2-elf/lib/mno-hw-mul\libc.a(lib_a-memcpy.o)
 .comment       0x00000000       0x27 c:/altera/12.0sp2/nios2eds/bin/gnu/h-i686-mingw32/bin/../lib/gcc/nios2-elf/4.1.2/../../../../nios2-elf/lib/mno-hw-mul\libc.a(lib_a-memmove.o)
 .comment       0x00000000       0x27 c:/altera/12.0sp2/nios2eds/bin/gnu/h-i686-mingw32/bin/../lib/gcc/nios2-elf/4.1.2/../../../../nios2-elf/lib/mno-hw-mul\libc.a(lib_a-memset.o)
 .comment       0x00000000       0x27 c:/altera/12.0sp2/nios2eds/bin/gnu/h-i686-mingw32/bin/../lib/gcc/nios2-elf/4.1.2/../../../../nios2-elf/lib/mno-hw-mul\libc.a(lib_a-mprec.o)
 .comment       0x00000000       0x27 c:/altera/12.0sp2/nios2eds/bin/gnu/h-i686-mingw32/bin/../lib/gcc/nios2-elf/4.1.2/../../../../nios2-elf/lib/mno-hw-mul\libc.a(lib_a-reallocr.o)
 .comment       0x00000000       0x27 c:/altera/12.0sp2/nios2eds/bin/gnu/h-i686-mingw32/bin/../lib/gcc/nios2-elf/4.1.2/../../../../nios2-elf/lib/mno-hw-mul\libc.a(lib_a-s_isinfd.o)
 .comment       0x00000000       0x27 c:/altera/12.0sp2/nios2eds/bin/gnu/h-i686-mingw32/bin/../lib/gcc/nios2-elf/4.1.2/../../../../nios2-elf/lib/mno-hw-mul\libc.a(lib_a-s_isnand.o)
 .comment       0x00000000       0x27 c:/altera/12.0sp2/nios2eds/bin/gnu/h-i686-mingw32/bin/../lib/gcc/nios2-elf/4.1.2/../../../../nios2-elf/lib/mno-hw-mul\libc.a(lib_a-sbrkr.o)
 .comment       0x00000000       0x27 c:/altera/12.0sp2/nios2eds/bin/gnu/h-i686-mingw32/bin/../lib/gcc/nios2-elf/4.1.2/../../../../nios2-elf/lib/mno-hw-mul\libc.a(lib_a-stdio.o)
 .comment       0x00000000       0x27 c:/altera/12.0sp2/nios2eds/bin/gnu/h-i686-mingw32/bin/../lib/gcc/nios2-elf/4.1.2/../../../../nios2-elf/lib/mno-hw-mul\libc.a(lib_a-strcmp.o)
 .comment       0x00000000       0x27 c:/altera/12.0sp2/nios2eds/bin/gnu/h-i686-mingw32/bin/../lib/gcc/nios2-elf/4.1.2/../../../../nios2-elf/lib/mno-hw-mul\libc.a(lib_a-writer.o)
 .comment       0x00000000       0x27 c:/altera/12.0sp2/nios2eds/bin/gnu/h-i686-mingw32/bin/../lib/gcc/nios2-elf/4.1.2/../../../../nios2-elf/lib/mno-hw-mul\libc.a(lib_a-callocr.o)
 .comment       0x00000000       0x27 c:/altera/12.0sp2/nios2eds/bin/gnu/h-i686-mingw32/bin/../lib/gcc/nios2-elf/4.1.2/../../../../nios2-elf/lib/mno-hw-mul\libc.a(lib_a-closer.o)
 .comment       0x00000000       0x27 c:/altera/12.0sp2/nios2eds/bin/gnu/h-i686-mingw32/bin/../lib/gcc/nios2-elf/4.1.2/../../../../nios2-elf/lib/mno-hw-mul\libc.a(lib_a-fclose.o)
 .comment       0x00000000       0x27 c:/altera/12.0sp2/nios2eds/bin/gnu/h-i686-mingw32/bin/../lib/gcc/nios2-elf/4.1.2/../../../../nios2-elf/lib/mno-hw-mul\libc.a(lib_a-fstatr.o)
 .comment       0x00000000       0x27 c:/altera/12.0sp2/nios2eds/bin/gnu/h-i686-mingw32/bin/../lib/gcc/nios2-elf/4.1.2/../../../../nios2-elf/lib/mno-hw-mul\libc.a(lib_a-int_errno.o)
 .comment       0x00000000       0x27 c:/altera/12.0sp2/nios2eds/bin/gnu/h-i686-mingw32/bin/../lib/gcc/nios2-elf/4.1.2/../../../../nios2-elf/lib/mno-hw-mul\libc.a(lib_a-isattyr.o)
 .comment       0x00000000       0x27 c:/altera/12.0sp2/nios2eds/bin/gnu/h-i686-mingw32/bin/../lib/gcc/nios2-elf/4.1.2/../../../../nios2-elf/lib/mno-hw-mul\libc.a(lib_a-lseekr.o)
 .comment       0x00000000       0x27 c:/altera/12.0sp2/nios2eds/bin/gnu/h-i686-mingw32/bin/../lib/gcc/nios2-elf/4.1.2/../../../../nios2-elf/lib/mno-hw-mul\libc.a(lib_a-readr.o)
 .comment       0x00000000       0x27 c:/altera/12.0sp2/nios2eds/bin/gnu/h-i686-mingw32/bin/../lib/gcc/nios2-elf/4.1.2/mno-hw-mul\libgcc.a(_udivdi3.o)
 .comment       0x00000000       0x27 c:/altera/12.0sp2/nios2eds/bin/gnu/h-i686-mingw32/bin/../lib/gcc/nios2-elf/4.1.2/mno-hw-mul\libgcc.a(_umoddi3.o)
 .comment       0x00000000       0x27 c:/altera/12.0sp2/nios2eds/bin/gnu/h-i686-mingw32/bin/../lib/gcc/nios2-elf/4.1.2/mno-hw-mul\libgcc.a(_addsub_df.o)
 .comment       0x00000000       0x27 c:/altera/12.0sp2/nios2eds/bin/gnu/h-i686-mingw32/bin/../lib/gcc/nios2-elf/4.1.2/mno-hw-mul\libgcc.a(_mul_df.o)
 .comment       0x00000000       0x27 c:/altera/12.0sp2/nios2eds/bin/gnu/h-i686-mingw32/bin/../lib/gcc/nios2-elf/4.1.2/mno-hw-mul\libgcc.a(_div_df.o)
 .comment       0x00000000       0x27 c:/altera/12.0sp2/nios2eds/bin/gnu/h-i686-mingw32/bin/../lib/gcc/nios2-elf/4.1.2/mno-hw-mul\libgcc.a(_eq_df.o)
 .comment       0x00000000       0x27 c:/altera/12.0sp2/nios2eds/bin/gnu/h-i686-mingw32/bin/../lib/gcc/nios2-elf/4.1.2/mno-hw-mul\libgcc.a(_ne_df.o)
 .comment       0x00000000       0x27 c:/altera/12.0sp2/nios2eds/bin/gnu/h-i686-mingw32/bin/../lib/gcc/nios2-elf/4.1.2/mno-hw-mul\libgcc.a(_gt_df.o)
 .comment       0x00000000       0x27 c:/altera/12.0sp2/nios2eds/bin/gnu/h-i686-mingw32/bin/../lib/gcc/nios2-elf/4.1.2/mno-hw-mul\libgcc.a(_ge_df.o)
 .comment       0x00000000       0x27 c:/altera/12.0sp2/nios2eds/bin/gnu/h-i686-mingw32/bin/../lib/gcc/nios2-elf/4.1.2/mno-hw-mul\libgcc.a(_lt_df.o)
 .comment       0x00000000       0x27 c:/altera/12.0sp2/nios2eds/bin/gnu/h-i686-mingw32/bin/../lib/gcc/nios2-elf/4.1.2/mno-hw-mul\libgcc.a(_si_to_df.o)
 .comment       0x00000000       0x27 c:/altera/12.0sp2/nios2eds/bin/gnu/h-i686-mingw32/bin/../lib/gcc/nios2-elf/4.1.2/mno-hw-mul\libgcc.a(_df_to_si.o)
 .comment       0x00000000       0x27 c:/altera/12.0sp2/nios2eds/bin/gnu/h-i686-mingw32/bin/../lib/gcc/nios2-elf/4.1.2/mno-hw-mul\libgcc.a(_thenan_df.o)
 .comment       0x00000000       0x27 c:/altera/12.0sp2/nios2eds/bin/gnu/h-i686-mingw32/bin/../lib/gcc/nios2-elf/4.1.2/mno-hw-mul\libgcc.a(_usi_to_df.o)
 .comment       0x00000000       0x27 c:/altera/12.0sp2/nios2eds/bin/gnu/h-i686-mingw32/bin/../lib/gcc/nios2-elf/4.1.2/mno-hw-mul\libgcc.a(lib2-divmod.o)
 .comment       0x00000000       0x27 c:/altera/12.0sp2/nios2eds/bin/gnu/h-i686-mingw32/bin/../lib/gcc/nios2-elf/4.1.2/mno-hw-mul\libgcc.a(_muldi3.o)
 .comment       0x00000000       0x27 c:/altera/12.0sp2/nios2eds/bin/gnu/h-i686-mingw32/bin/../lib/gcc/nios2-elf/4.1.2/mno-hw-mul\libgcc.a(_clz.o)
 .comment       0x00000000       0x27 c:/altera/12.0sp2/nios2eds/bin/gnu/h-i686-mingw32/bin/../lib/gcc/nios2-elf/4.1.2/mno-hw-mul\libgcc.a(_clzsi2.o)
 .comment       0x00000000       0x27 c:/altera/12.0sp2/nios2eds/bin/gnu/h-i686-mingw32/bin/../lib/gcc/nios2-elf/4.1.2/mno-hw-mul\libgcc.a(_pack_df.o)
 .comment       0x00000000       0x27 c:/altera/12.0sp2/nios2eds/bin/gnu/h-i686-mingw32/bin/../lib/gcc/nios2-elf/4.1.2/mno-hw-mul\libgcc.a(_unpack_df.o)
 .comment       0x00000000       0x27 c:/altera/12.0sp2/nios2eds/bin/gnu/h-i686-mingw32/bin/../lib/gcc/nios2-elf/4.1.2/mno-hw-mul\libgcc.a(_fpcmp_parts_df.o)
 .comment       0x00000000       0x27 ../test5/\libfreertos_bsp.a(alt_main.o)
 .comment       0x00000000       0x27 ../test5/\libfreertos_bsp.a(alt_malloc_lock.o)
 .comment       0x00000000       0x27 ../test5/\libfreertos_bsp.a(queue.o)
 .comment       0x00000000       0x27 ../test5/\libfreertos_bsp.a(tasks.o)
 .comment       0x00000000       0x27 ../test5/\libfreertos_bsp.a(timers.o)
 .comment       0x00000000       0x27 ../test5/\libfreertos_bsp.a(alt_close.o)
 .comment       0x00000000       0x27 ../test5/\libfreertos_bsp.a(alt_dev.o)
 .comment       0x00000000       0x27 ../test5/\libfreertos_bsp.a(alt_do_ctors.o)
 .comment       0x00000000       0x27 ../test5/\libfreertos_bsp.a(alt_do_dtors.o)
 .comment       0x00000000       0x27 ../test5/\libfreertos_bsp.a(alt_errno.o)
 .comment       0x00000000       0x27 ../test5/\libfreertos_bsp.a(alt_fstat.o)
 .comment       0x00000000       0x27 ../test5/\libfreertos_bsp.a(alt_io_redirect.o)
 .comment       0x00000000       0x27 ../test5/\libfreertos_bsp.a(alt_isatty.o)
 .comment       0x00000000       0x27 ../test5/\libfreertos_bsp.a(alt_load.o)
 .comment       0x00000000       0x27 ../test5/\libfreertos_bsp.a(alt_log_printf.o)
 .comment       0x00000000       0x27 ../test5/\libfreertos_bsp.a(alt_lseek.o)
 .comment       0x00000000       0x27 ../test5/\libfreertos_bsp.a(alt_open.o)
 .comment       0x00000000       0x27 ../test5/\libfreertos_bsp.a(alt_read.o)