Archive member included because of file (symbol)

c:/altera/12.0sp2/nios2eds/bin/gnu/h-i686-mingw32/bin/../lib/gcc/nios2-elf/4.1.2/mno-hw-mul\libgcc.a(lib2-mul.o)
                              obj/default/ECD/source/pwm.o (__mulsi3)
c:/altera/12.0sp2/nios2eds/bin/gnu/h-i686-mingw32/bin/../lib/gcc/nios2-elf/4.1.2/../../../../nios2-elf/lib/mno-hw-mul\libc.a(lib_a-printf.o)
                              obj/default/ECD/source/display.o (printf)
c:/altera/12.0sp2/nios2eds/bin/gnu/h-i686-mingw32/bin/../lib/gcc/nios2-elf/4.1.2/../../../../nios2-elf/lib/mno-hw-mul\libc.a(lib_a-puts.o)
                              obj/default/ECD/source/keypad.o (puts)
c:/altera/12.0sp2/nios2eds/bin/gnu/h-i686-mingw32/bin/../lib/gcc/nios2-elf/4.1.2/../../../../nios2-elf/lib/mno-hw-mul\libc.a(lib_a-strlen.o)
                              c:/altera/12.0sp2/nios2eds/bin/gnu/h-i686-mingw32/bin/../lib/gcc/nios2-elf/4.1.2/../../../../nios2-elf/lib/mno-hw-mul\libc.a(lib_a-puts.o) (strlen)
c:/altera/12.0sp2/nios2eds/bin/gnu/h-i686-mingw32/bin/../lib/gcc/nios2-elf/4.1.2/../../../../nios2-elf/lib/mno-hw-mul\libc.a(lib_a-vfprintf.o)
                              c:/altera/12.0sp2/nios2eds/bin/gnu/h-i686-mingw32/bin/../lib/gcc/nios2-elf/4.1.2/../../../../nios2-elf/lib/mno-hw-mul\libc.a(lib_a-printf.o) (___vfprintf_internal_r)
c:/altera/12.0sp2/nios2eds/bin/gnu/h-i686-mingw32/bin/../lib/gcc/nios2-elf/4.1.2/../../../../nios2-elf/lib/mno-hw-mul\libc.a(lib_a-wsetup.o)
                              c:/altera/12.0sp2/nios2eds/bin/gnu/h-i686-mingw32/bin/../lib/gcc/nios2-elf/4.1.2/../../../../nios2-elf/lib/mno-hw-mul\libc.a(lib_a-vfprintf.o) (__swsetup_r)
c:/altera/12.0sp2/nios2eds/bin/gnu/h-i686-mingw32/bin/../lib/gcc/nios2-elf/4.1.2/../../../../nios2-elf/lib/mno-hw-mul\libc.a(lib_a-dtoa.o)
                              c:/altera/12.0sp2/nios2eds/bin/gnu/h-i686-mingw32/bin/../lib/gcc/nios2-elf/4.1.2/../../../../nios2-elf/lib/mno-hw-mul\libc.a(lib_a-vfprintf.o) (_dtoa_r)
c:/altera/12.0sp2/nios2eds/bin/gnu/h-i686-mingw32/bin/../lib/gcc/nios2-elf/4.1.2/../../../../nios2-elf/lib/mno-hw-mul\libc.a(lib_a-fflush.o)
                              c:/altera/12.0sp2/nios2eds/bin/gnu/h-i686-mingw32/bin/../lib/gcc/nios2-elf/4.1.2/../../../../nios2-elf/lib/mno-hw-mul\libc.a(lib_a-vfprintf.o) (_fflush_r)
c:/altera/12.0sp2/nios2eds/bin/gnu/h-i686-mingw32/bin/../lib/gcc/nios2-elf/4.1.2/../../../../nios2-elf/lib/mno-hw-mul\libc.a(lib_a-findfp.o)
                              c:/altera/12.0sp2/nios2eds/bin/gnu/h-i686-mingw32/bin/../lib/gcc/nios2-elf/4.1.2/../../../../nios2-elf/lib/mno-hw-mul\libc.a(lib_a-vfprintf.o) (__sinit)
c:/altera/12.0sp2/nios2eds/bin/gnu/h-i686-mingw32/bin/../lib/gcc/nios2-elf/4.1.2/../../../../nios2-elf/lib/mno-hw-mul\libc.a(lib_a-freer.o)
                              c:/altera/12.0sp2/nios2eds/bin/gnu/h-i686-mingw32/bin/../lib/gcc/nios2-elf/4.1.2/../../../../nios2-elf/lib/mno-hw-mul\libc.a(lib_a-wsetup.o) (_free_r)
c:/altera/12.0sp2/nios2eds/bin/gnu/h-i686-mingw32/bin/../lib/gcc/nios2-elf/4.1.2/../../../../nios2-elf/lib/mno-hw-mul\libc.a(lib_a-fvwrite.o)
                              c:/altera/12.0sp2/nios2eds/bin/gnu/h-i686-mingw32/bin/../lib/gcc/nios2-elf/4.1.2/../../../../nios2-elf/lib/mno-hw-mul\libc.a(lib_a-puts.o) (__sfvwrite_r)
c:/altera/12.0sp2/nios2eds/bin/gnu/h-i686-mingw32/bin/../lib/gcc/nios2-elf/4.1.2/../../../../nios2-elf/lib/mno-hw-mul\libc.a(lib_a-fwalk.o)
                              c:/altera/12.0sp2/nios2eds/bin/gnu/h-i686-mingw32/bin/../lib/gcc/nios2-elf/4.1.2/../../../../nios2-elf/lib/mno-hw-mul\libc.a(lib_a-fflush.o) (_fwalk_reent)
c:/altera/12.0sp2/nios2eds/bin/gnu/h-i686-mingw32/bin/../lib/gcc/nios2-elf/4.1.2/../../../../nios2-elf/lib/mno-hw-mul\libc.a(lib_a-impure.o)
                              c:/altera/12.0sp2/nios2eds/bin/gnu/h-i686-mingw32/bin/../lib/gcc/nios2-elf/4.1.2/../../../../nios2-elf/lib/mno-hw-mul\libc.a(lib_a-printf.o) (_impure_ptr)
c:/altera/12.0sp2/nios2eds/bin/gnu/h-i686-mingw32/bin/../lib/gcc/nios2-elf/4.1.2/../../../../nios2-elf/lib/mno-hw-mul\libc.a(lib_a-locale.o)
                              c:/altera/12.0sp2/nios2eds/bin/gnu/h-i686-mingw32/bin/../lib/gcc/nios2-elf/4.1.2/../../../../nios2-elf/lib/mno-hw-mul\libc.a(lib_a-vfprintf.o) (_localeconv_r)
c:/altera/12.0sp2/nios2eds/bin/gnu/h-i686-mingw32/bin/../lib/gcc/nios2-elf/4.1.2/../../../../nios2-elf/lib/mno-hw-mul\libc.a(lib_a-makebuf.o)
                              c:/altera/12.0sp2/nios2eds/bin/gnu/h-i686-mingw32/bin/../lib/gcc/nios2-elf/4.1.2/../../../../nios2-elf/lib/mno-hw-mul\libc.a(lib_a-wsetup.o) (__smakebuf_r)
c:/altera/12.0sp2/nios2eds/bin/gnu/h-i686-mingw32/bin/../lib/gcc/nios2-elf/4.1.2/../../../../nios2-elf/lib/mno-hw-mul\libc.a(lib_a-mallocr.o)
                              c:/altera/12.0sp2/nios2eds/bin/gnu/h-i686-mingw32/bin/../lib/gcc/nios2-elf/4.1.2/../../../../nios2-elf/lib/mno-hw-mul\libc.a(lib_a-findfp.o) (_malloc_r)
[...]
Memory Configuration

Name             Origin             Length             Attributes
reset            0x00800000         0x00000020
sdram            0x00800020         0x007fffe0
*default*        0x00000000         0xffffffff

Linker script and memory map

LOAD ../test5//obj/HAL/src/crt0.o
LOAD obj/default/ECD/source/display.o
LOAD obj/default/ECD/source/keypad.o
LOAD obj/default/ECD/source/main.o
LOAD obj/default/ECD/source/manager.o
LOAD obj/default/ECD/source/messaging.o
LOAD obj/default/ECD/source/movement.o
LOAD obj/default/ECD/source/pwm.o
LOAD c:/altera/12.0sp2/nios2eds/bin/gnu/h-i686-mingw32/bin/../lib/gcc/nios2-elf/4.1.2/../../../../nios2-elf/lib/mno-hw-mul\libstdc++.a
LOAD c:/altera/12.0sp2/nios2eds/bin/gnu/h-i686-mingw32/bin/../lib/gcc/nios2-elf/4.1.2/../../../../nios2-elf/lib/mno-hw-mul\libm.a
LOAD c:/altera/12.0sp2/nios2eds/bin/gnu/h-i686-mingw32/bin/../lib/gcc/nios2-elf/4.1.2/mno-hw-mul\libgcc.a
START GROUP
LOAD c:/altera/12.0sp2/nios2eds/bin/gnu/h-i686-mingw32/bin/../lib/gcc/nios2-elf/4.1.2/../../../../nios2-elf/lib/mno-hw-mul\libc.a
LOAD c:/altera/12.0sp2/nios2eds/bin/gnu/h-i686-mingw32/bin/../lib/gcc/nios2-elf/4.1.2/mno-hw-mul\libgcc.a
LOAD ../test5/\libfreertos_bsp.a
END GROUP
LOAD c:/altera/12.0sp2/nios2eds/bin/gnu/h-i686-mingw32/bin/../lib/gcc/nios2-elf/4.1.2/mno-hw-mul\libgcc.a
                0x00800000                __alt_mem_sdram = 0x800000

.entry          0x00800000       0x20
 *(.entry)
 .entry         0x00800000       0x20 ../test5//obj/HAL/src/crt0.o
                0x00800000                __reset

.exceptions     0x00800020      0x254
                0x00800020                PROVIDE (__ram_exceptions_start, ABSOLUTE (.))
                0x00800020                . = ALIGN (0x20)
 *(.irq)
 *(.exceptions.entry.label)
 *(.exceptions.entry.user)
 *(.exceptions.entry)
 .exceptions.entry
                0x00800020       0xa0 ../test5/\libfreertos_bsp.a(port_asm.o)
 *(.exceptions.irqtest.user)
 *(.exceptions.irqtest)
 .exceptions.irqtest
                0x008000c0       0x14 ../test5/\libfreertos_bsp.a(port_asm.o)
 *(.exceptions.irqhandler.user)
 *(.exceptions.irqhandler)
 .exceptions.irqhandler
                0x008000d4        0x4 ../test5/\libfreertos_bsp.a(port_asm.o)
 *(.exceptions.irqreturn.user)
 *(.exceptions.irqreturn)
 .exceptions.irqreturn
                0x008000d8       0xa0 ../test5/\libfreertos_bsp.a(port_asm.o)
                0x008000d8                restore_sp_from_pxCurrentTCB
 *(.exceptions.notirq.label)
 *(.exceptions.notirq.user)
 *(.exceptions.notirq)
 *(.exceptions.soft.user)
 *(.exceptions.soft)
 .exceptions.soft
                0x00800178       0x34 ../test5/\libfreertos_bsp.a(port_asm.o)
 *(.exceptions.unknown.user)
 *(.exceptions.unknown)
 *(.exceptions.exit.label)
 *(.exceptions.exit.user)
 *(.exceptions.exit)
 *(.exceptions)
 .exceptions    0x008001ac       0xc8 ../test5/\libfreertos_bsp.a(alt_irq_handler.o)
                0x008001ac                alt_irq_handler
                0x00800274                PROVIDE (__ram_exceptions_end, ABSOLUTE (.))
                0x00800020                PROVIDE (__flash_exceptions_start, LOADADDR (.exceptions))

.text           0x00800274    0x12534
                0x00800274                PROVIDE (stext, ABSOLUTE (.))
 *(.interp)
 *(.hash)
 *(.dynsym)
 *(.dynstr)
 *(.gnu.version)
 *(.gnu.version_d)
 *(.gnu.version_r)
 *(.rel.init)
 *(.rela.init)
 *(.rel.text .rel.text.* .rel.gnu.linkonce.t.*)
 *(.rela.text .rela.text.* .rela.gnu.linkonce.t.*)
 *(.rel.fini)
 *(.rela.fini)
 *(.rel.rodata .rel.rodata.* .rel.gnu.linkonce.r.*)
 *(.rela.rodata .rela.rodata.* .rela.gnu.linkonce.r.*)
 *(.rel.data .rel.data.* .rel.gnu.linkonce.d.*)
 *(.rela.data .rela.data.* .rela.gnu.linkonce.d.*)
 *(.rel.tdata .rel.tdata.* .rel.gnu.linkonce.td.*)
 *(.rela.tdata .rela.tdata.* .rela.gnu.linkonce.td.*)
 *(.rel.tbss .rel.tbss.* .rel.gnu.linkonce.tb.*)
 *(.rela.tbss .rela.tbss.* .rela.gnu.linkonce.tb.*)
 *(.rel.ctors)
 *(.rela.ctors)
 *(.rel.dtors)
 *(.rela.dtors)
 *(.rel.got)
 *(.rela.got)
 *(.rel.sdata .rel.sdata.* .rel.gnu.linkonce.s.*)
 *(.rela.sdata .rela.sdata.* .rela.gnu.linkonce.s.*)
 *(.rel.sbss .rel.sbss.* .rel.gnu.linkonce.sb.*)
 *(.rela.sbss .rela.sbss.* .rela.gnu.linkonce.sb.*)
 *(.rel.sdata2 .rel.sdata2.* .rel.gnu.linkonce.s2.*)
 *(.rela.sdata2 .rela.sdata2.* .rela.gnu.linkonce.s2.*)
 *(.rel.sbss2 .rel.sbss2.* .rel.gnu.linkonce.sb2.*)
 *(.rela.sbss2 .rela.sbss2.* .rela.gnu.linkonce.sb2.*)
 *(.rel.bss .rel.bss.* .rel.gnu.linkonce.b.*)
 *(.rela.bss .rela.bss.* .rela.gnu.linkonce.b.*)
 *(.rel.plt)
 *(.rela.plt)
 *(.rel.dyn)
 *(.init)
 *(.plt)
 *(.text .stub .text.* .gnu.linkonce.t.*)
 .text          0x00800274       0xac ../test5//obj/HAL/src/crt0.o
                0x00800274                _start
 .text          0x00800320      0x138 obj/default/ECD/source/display.o
                0x00800320                display_init
 .text          0x00800458      0x1a8 obj/default/ECD/source/keypad.o
                0x00800458                kp_startTask
 .text          0x00800600       0x9c obj/default/ECD/source/main.o
                0x00800600                main
                0x00800674                vAssertCalled
 .text          0x0080069c      0x4ec obj/default/ECD/source/manager.o
                0x0080069c                man_start
 .text          0x00800b88      0x214 obj/default/ECD/source/messaging.o
                0x00800b88                msg_newQueue
                0x00800c0c                msg_rmQueue
                0x00800c5c                msg_send
                0x00800cc8                msg_recv_noblock
                0x00800d3c                msg_recv_block
 .text          0x00800d9c      0x3f4 obj/default/ECD/source/movement.o
                0x00800d9c                move_Start
                0x00801144                move_get_state
 .text          0x00801190      0x268 obj/default/ECD/source/pwm.o
                0x00801190                pwm_init
                0x00801218                pwm_jump
                0x00801298                pwm_set_pos
                0x00801348                pwm_get_pos
 .text          0x008013f8       0x38 c:/altera/12.0sp2/nios2eds/bin/gnu/h-i686-mingw32/bin/../lib/gcc/nios2-elf/4.1.2/mno-hw-mul\libgcc.a(lib2-mul.o)
                0x008013f8                __mulsi3
 .text          0x00801430       0x78 c:/altera/12.0sp2/nios2eds/bin/gnu/h-i686-mingw32/bin/../lib/gcc/nios2-elf/4.1.2/../../../../nios2-elf/lib/mno-hw-mul\libc.a(lib_a-printf.o)
                0x00801430                printf
                0x00801474                _printf_r
 .text          0x008014a8       0xb4 c:/altera/12.0sp2/nios2eds/bin/gnu/h-i686-mingw32/bin/../lib/gcc/nios2-elf/4.1.2/../../../../nios2-elf/lib/mno-hw-mul\libc.a(lib_a-puts.o)
                0x008014a8                _puts_r
                0x00801548                puts
 .text          0x0080155c       0x74 c:/altera/12.0sp2/nios2eds/bin/gnu/h-i686-mingw32/bin/../lib/gcc/nios2-elf/4.1.2/../../../../nios2-elf/lib/mno-hw-mul\libc.a(lib_a-strlen.o)
                0x0080155c                strlen
 .text          0x008015d0     0x1f40 c:/altera/12.0sp2/nios2eds/bin/gnu/h-i686-mingw32/bin/../lib/gcc/nios2-elf/4.1.2/../../../../nios2-elf/lib/mno-hw-mul\libc.a(lib_a-vfprintf.o)
                0x00801628                ___vfprintf_internal_r
                0x008034ec                __vfprintf_internal
 .text          0x00803510      0x13c c:/altera/12.0sp2/nios2eds/bin/gnu/h-i686-mingw32/bin/../lib/gcc/nios2-elf/4.1.2/../../../../nios2-elf/lib/mno-hw-mul\libc.a(lib_a-wsetup.o)
                0x00803510                __swsetup_r
 .text          0x0080364c     0x17f8 c:/altera/12.0sp2/nios2eds/bin/gnu/h-i686-mingw32/bin/../lib/gcc/nios2-elf/4.1.2/../../../../nios2-elf/lib/mno-hw-mul\libc.a(lib_a-dtoa.o)
                0x00803890                _dtoa_r
 .text          0x00804e44      0x230 c:/altera/12.0sp2/nios2eds/bin/gnu/h-i686-mingw32/bin/../lib/gcc/nios2-elf/4.1.2/../../../../nios2-elf/lib/mno-hw-mul\libc.a(lib_a-fflush.o)
                0x00804e44                _fflush_r
                0x00805040                fflush
 .text          0x00805074      0x2f4 c:/altera/12.0sp2/nios2eds/bin/gnu/h-i686-mingw32/bin/../lib/gcc/nios2-elf/4.1.2/../../../../nios2-elf/lib/mno-hw-mul\libc.a(lib_a-findfp.o)
                0x008050cc                __sfp_lock_acquire
                0x008050d0                __sfp_lock_release
                0x008050d4                __sinit_lock_acquire
                0x008050d8                __sinit_lock_release
                0x008050dc                __sinit
                0x00805190                __fp_unlock_all
                0x008051a8                __fp_lock_all
                0x008051c0                _cleanup_r
                0x008051cc                _cleanup
                0x008051dc                __sfmoreglue
                0x00805278                __sfp
 .text          0x00805368      0x440 c:/altera/12.0sp2/nios2eds/bin/gnu/h-i686-mingw32/bin/../lib/gcc/nios2-elf/4.1.2/../../../../nios2-elf/lib/mno-hw-mul\libc.a(lib_a-freer.o)
                0x00805368                _malloc_trim_r
                0x00805494                _free_r
 .text          0x008057a8      0x49c c:/altera/12.0sp2/nios2eds/bin/gnu/h-i686-mingw32/bin/../lib/gcc/nios2-elf/4.1.2/../../../../nios2-elf/lib/mno-hw-mul\libc.a(lib_a-fvwrite.o)
                0x008057a8                __sfvwrite_r
 .text          0x00805c44      0x180 c:/altera/12.0sp2/nios2eds/bin/gnu/h-i686-mingw32/bin/../lib/gcc/nios2-elf/4.1.2/../../../../nios2-elf/lib/mno-hw-mul\libc.a(lib_a-fwalk.o)
                0x00805c44                _fwalk_reent
                0x00805d0c                _fwalk
 .text          0x00805dc4        0x0 c:/altera/12.0sp2/nios2eds/bin/gnu/h-i686-mingw32/bin/../lib/gcc/nios2-elf/4.1.2/../../../../nios2-elf/lib/mno-hw-mul\libc.a(lib_a-impure.o)
 .text          0x00805dc4       0xc4 c:/altera/12.0sp2/nios2eds/bin/gnu/h-i686-mingw32/bin/../lib/gcc/nios2-elf/4.1.2/../../../../nios2-elf/lib/mno-hw-mul\libc.a(lib_a-locale.o)
                0x00805dc4                __locale_charset
                0x00805dcc                _localeconv_r
                0x00805dd8                localeconv
                0x00805de8                _setlocale_r
                0x00805e6c                setlocale
 .text          0x00805e88      0x194 c:/altera/12.0sp2/nios2eds/bin/gnu/h-i686-mingw32/bin/../lib/gcc/nios2-elf/4.1.2/../../../../nios2-elf/lib/mno-hw-mul\libc.a(lib_a-makebuf.o)
                0x00805e88                __smakebuf_r
 .text          0x0080601c      0x740 c:/altera/12.0sp2/nios2eds/bin/gnu/h-i686-mingw32/bin/../lib/gcc/nios2-elf/4.1.2/../../../../nios2-elf/lib/mno-hw-mul\libc.a(lib_a-mallocr.o)
                0x0080601c                _malloc_r
 .text          0x0080675c       0xe4 c:/altera/12.0sp2/nios2eds/bin/gnu/h-i686-mingw32/bin/../lib/gcc/nios2-elf/4.1.2/../../../../nios2-elf/lib/mno-hw-mul\libc.a(lib_a-memchr.o)
                0x0080675c                memchr
 .text          0x00806840       0xa0 c:/altera/12.0sp2/nios2eds/bin/gnu/h-i686-mingw32/bin/../lib/gcc/nios2-elf/4.1.2/../../../../nios2-elf/lib/mno-hw-mul\libc.a(lib_a-memcpy.o)
                0x00806840                memcpy
 .text          0x008068e0       0xe0 c:/altera/12.0sp2/nios2eds/bin/gnu/h-i686-mingw32/bin/../lib/gcc/nios2-elf/4.1.2/../../../../nios2-elf/lib/mno-hw-mul\libc.a(lib_a-memmove.o)
                0x008068e0                memmove
 .text          0x008069c0       0x98 c:/altera/12.0sp2/nios2eds/bin/gnu/h-i686-mingw32/bin/../lib/gcc/nios2-elf/4.1.2/../../../../nios2-elf/lib/mno-hw-mul\libc.a(lib_a-memset.o)
                0x008069c0                memset
 .text          0x00806a58     0x108c c:/altera/12.0sp2/nios2eds/bin/gnu/h-i686-mingw32/bin/../lib/gcc/nios2-elf/4.1.2/../../../../nios2-elf/lib/mno-hw-mul\libc.a(lib_a-mprec.o)
                0x00806a58                _Bfree
                0x00806a80                __hi0bits
                0x00806af0                __lo0bits
                0x00806bb4                __mcmp
                0x00806c14                __ulp
                0x00806c94                __b2d
                0x00806db4                __ratio
                0x00806e64                _mprec_log10
                0x00806ef8                __copybits
                0x00806f50                __any_on
                0x00806fd8                _Balloc
                0x00807094                __d2b
                0x00807210                __mdiff
                0x0080739c                __lshift
                0x008074e8                __multiply
                0x0080773c                __i2b
                0x00807778                __multadd
                0x008078a4                __pow5mult
                0x008079c4                __s2b
 .text          0x00807ae4      0x5f4 c:/altera/12.0sp2/nios2eds/bin/gnu/h-i686-mingw32/bin/../lib/gcc/nios2-elf/4.1.2/../../../../nios2-elf/lib/mno-hw-mul\libc.a(lib_a-reallocr.o)
                0x00807ae4                _realloc_r
 .text          0x008080d8       0x40 c:/altera/12.0sp2/nios2eds/bin/gnu/h-i686-mingw32/bin/../lib/gcc/nios2-elf/4.1.2/../../../../nios2-elf/lib/mno-hw-mul\libc.a(lib_a-s_isinfd.o)
                0x008080d8                __isinfd
 .text          0x00808118       0x30 c:/altera/12.0sp2/nios2eds/bin/gnu/h-i686-mingw32/bin/../lib/gcc/nios2-elf/4.1.2/../../../../nios2-elf/lib/mno-hw-mul\libc.a(lib_a-s_isnand.o)
                0x00808118                __isnand
 .text          0x00808148       0x70 c:/altera/12.0sp2/nios2eds/bin/gnu/h-i686-mingw32/bin/../lib/gcc/nios2-elf/4.1.2/../../../../nios2-elf/lib/mno-hw-mul\libc.a(lib_a-sbrkr.o)
                0x00808148                _sbrk_r
 .text          0x008081b8      0x14c c:/altera/12.0sp2/nios2eds/bin/gnu/h-i686-mingw32/bin/../lib/gcc/nios2-elf/4.1.2/../../../../nios2-elf/lib/mno-hw-mul\libc.a(lib_a-stdio.o)
                0x008081b8                __sclose
                0x008081c0                __sseek
                0x00808228                __swrite
                0x008082a4                __sread
 .text          0x00808304       0xbc c:/altera/12.0sp2/nios2eds/bin/gnu/h-i686-mingw32/bin/../lib/gcc/nios2-elf/4.1.2/../../../../nios2-elf/lib/mno-hw-mul\libc.a(lib_a-strcmp.o)
                0x00808304                strcmp
 .text          0x008083c0       0x78 c:/altera/12.0sp2/nios2eds/bin/gnu/h-i686-mingw32/bin/../lib/gcc/nios2-elf/4.1.2/../../../../nios2-elf/lib/mno-hw-mul\libc.a(lib_a-writer.o)
                0x008083c0                _write_r
 .text          0x00808438       0xc8 c:/altera/12.0sp2/nios2eds/bin/gnu/h-i686-mingw32/bin/../lib/gcc/nios2-elf/4.1.2/../../../../nios2-elf/lib/mno-hw-mul\libc.a(lib_a-callocr.o)
                0x00808438                _calloc_r
 .text          0x00808500       0x70 c:/altera/12.0sp2/nios2eds/bin/gnu/h-i686-mingw32/bin/../lib/gcc/nios2-elf/4.1.2/../../../../nios2-elf/lib/mno-hw-mul\libc.a(lib_a-closer.o)
                0x00808500                _close_r
 .text          0x00808570      0x124 c:/altera/12.0sp2/nios2eds/bin/gnu/h-i686-mingw32/bin/../lib/gcc/nios2-elf/4.1.2/../../../../nios2-elf/lib/mno-hw-mul\libc.a(lib_a-fclose.o)
                0x00808570                _fclose_r
                0x00808680                fclose
 .text          0x00808694       0x74 c:/altera/12.0sp2/nios2eds/bin/gnu/h-i686-mingw32/bin/../lib/gcc/nios2-elf/4.1.2/../../../../nios2-elf/lib/mno-hw-mul\libc.a(lib_a-fstatr.o)
                0x00808694                _fstat_r
 .text          0x00808708        0x0 c:/altera/12.0sp2/nios2eds/bin/gnu/h-i686-mingw32/bin/../lib/gcc/nios2-elf/4.1.2/../../../../nios2-elf/lib/mno-hw-mul\libc.a(lib_a-int_errno.o)
 .text          0x00808708       0x70 c:/altera/12.0sp2/nios2eds/bin/gnu/h-i686-mingw32/bin/../lib/gcc/nios2-elf/4.1.2/../../../../nios2-elf/lib/mno-hw-mul\libc.a(lib_a-isattyr.o)
                0x00808708                _isatty_r
 .text          0x00808778       0x78 c:/altera/12.0sp2/nios2eds/bin/gnu/h-i686-mingw32/bin/../lib/gcc/nios2-elf/4.1.2/../../../../nios2-elf/lib/mno-hw-mul\libc.a(lib_a-lseekr.o)
                0x00808778                _lseek_r
 .text          0x008087f0       0x78 c:/altera/12.0sp2/nios2eds/bin/gnu/h-i686-mingw32/bin/../lib/gcc/nios2-elf/4.1.2/../../../../nios2-elf/lib/mno-hw-mul\libc.a(lib_a-readr.o)
                0x008087f0                _read_r
 .text          0x00808868      0x66c c:/altera/12.0sp2/nios2eds/bin/gnu/h-i686-mingw32/bin/../lib/gcc/nios2-elf/4.1.2/mno-hw-mul\libgcc.a(_udivdi3.o)
                0x00808868                __udivdi3
 .text          0x00808ed4      0x660 c:/altera/12.0sp2/nios2eds/bin/gnu/h-i686-mingw32/bin/../lib/gcc/nios2-elf/4.1.2/mno-hw-mul\libgcc.a(_umoddi3.o)
                0x00808ed4                __umoddi3
 .text          0x00809534      0x504 c:/altera/12.0sp2/nios2eds/bin/gnu/h-i686-mingw32/bin/../lib/gcc/nios2-elf/4.1.2/mno-hw-mul\libgcc.a(_addsub_df.o)
                0x00809944                __subdf3
                0x008099c4                __adddf3
 .text          0x00809a38      0x3c4 c:/altera/12.0sp2/nios2eds/bin/gnu/h-i686-mingw32/bin/../lib/gcc/nios2-elf/4.1.2/mno-hw-mul\libgcc.a(_mul_df.o)
                0x00809a38                __muldf3
 .text          0x00809dfc      0x258 c:/altera/12.0sp2/nios2eds/bin/gnu/h-i686-mingw32/bin/../lib/gcc/nios2-elf/4.1.2/mno-hw-mul\libgcc.a(_div_df.o)
                0x00809dfc                __divdf3
 .text          0x0080a054       0x88 c:/altera/12.0sp2/nios2eds/bin/gnu/h-i686-mingw32/bin/../lib/gcc/nios2-elf/4.1.2/mno-hw-mul\libgcc.a(_eq_df.o)
                0x0080a054                __eqdf2
 .text          0x0080a0dc       0x88 c:/altera/12.0sp2/nios2eds/bin/gnu/h-i686-mingw32/bin/../lib/gcc/nios2-elf/4.1.2/mno-hw-mul\libgcc.a(_ne_df.o)
                0x0080a0dc                __nedf2
 .text          0x0080a164       0x88 c:/altera/12.0sp2/nios2eds/bin/gnu/h-i686-mingw32/bin/../lib/gcc/nios2-elf/4.1.2/mno-hw-mul\libgcc.a(_gt_df.o)
                0x0080a164                __gtdf2
 .text          0x0080a1ec       0x88 c:/altera/12.0sp2/nios2eds/bin/gnu/h-i686-mingw32/bin/../lib/gcc/nios2-elf/4.1.2/mno-hw-mul\libgcc.a(_ge_df.o)
                0x0080a1ec                __gedf2
 .text          0x0080a274       0x88 c:/altera/12.0sp2/nios2eds/bin/gnu/h-i686-mingw32/bin/../lib/gcc/nios2-elf/4.1.2/mno-hw-mul\libgcc.a(_lt_df.o)
                0x0080a274                __ltdf2
 .text          0x0080a2fc       0xf8 c:/altera/12.0sp2/nios2eds/bin/gnu/h-i686-mingw32/bin/../lib/gcc/nios2-elf/4.1.2/mno-hw-mul\libgcc.a(_si_to_df.o)
                0x0080a2fc                __floatsidf
 .text          0x0080a3f4       0xd8 c:/altera/12.0sp2/nios2eds/bin/gnu/h-i686-mingw32/bin/../lib/gcc/nios2-elf/4.1.2/mno-hw-mul\libgcc.a(_df_to_si.o)
                0x0080a3f4                __fixdfsi
 .text          0x0080a4cc        0x0 c:/altera/12.0sp2/nios2eds/bin/gnu/h-i686-mingw32/bin/../lib/gcc/nios2-elf/4.1.2/mno-hw-mul\libgcc.a(_thenan_df.o)
 .text          0x0080a4cc      0x194 c:/altera/12.0sp2/nios2eds/bin/gnu/h-i686-mingw32/bin/../lib/gcc/nios2-elf/4.1.2/mno-hw-mul\libgcc.a(_usi_to_df.o)
                0x0080a4cc                __floatunsidf
 .text          0x0080a660      0x14c c:/altera/12.0sp2/nios2eds/bin/gnu/h-i686-mingw32/bin/../lib/gcc/nios2-elf/4.1.2/mno-hw-mul\libgcc.a(lib2-divmod.o)
                0x0080a6dc                __divsi3
                0x0080a73c                __modsi3
                0x0080a79c                __udivsi3
                0x0080a7a4                __umodsi3
 .text          0x0080a7ac      0x124 c:/altera/12.0sp2/nios2eds/bin/gnu/h-i686-mingw32/bin/../lib/gcc/nios2-elf/4.1.2/mno-hw-mul\libgcc.a(_muldi3.o)
                0x0080a7ac                __muldi3
 .text          0x0080a8d0        0x0 c:/altera/12.0sp2/nios2eds/bin/gnu/h-i686-mingw32/bin/../lib/gcc/nios2-elf/4.1.2/mno-hw-mul\libgcc.a(_clz.o)
 .text          0x0080a8d0       0x80 c:/altera/12.0sp2/nios2eds/bin/gnu/h-i686-mingw32/bin/../lib/gcc/nios2-elf/4.1.2/mno-hw-mul\libgcc.a(_clzsi2.o)
                0x0080a8d0                __clzsi2
 .text          0x0080a950      0x314 c:/altera/12.0sp2/nios2eds/bin/gnu/h-i686-mingw32/bin/../lib/gcc/nios2-elf/4.1.2/mno-hw-mul\libgcc.a(_pack_df.o)
                0x0080a950                __pack_d
 .text          0x0080ac64      0x138 c:/altera/12.0sp2/nios2eds/bin/gnu/h-i686-mingw32/bin/../lib/gcc/nios2-elf/4.1.2/mno-hw-mul\libgcc.a(_unpack_df.o)
                0x0080ac64                __unpack_d
 .text          0x0080ad9c       0xc8 c:/altera/12.0sp2/nios2eds/bin/gnu/h-i686-mingw32/bin/../lib/gcc/nios2-elf/4.1.2/mno-hw-mul\libgcc.a(_fpcmp_parts_df.o)
                0x0080ad9c                __fpcmp_parts_d
 .text          0x0080ae64      0x248 ../test5/\libfreertos_bsp.a(alt_main.o)
                0x0080ae64                pre_constructors
                0x0080ae80                post_constructors
                0x0080ae9c                alt_main
 .text          0x0080b0ac       0x90 ../test5/\libfreertos_bsp.a(alt_malloc_lock.o)
                0x0080b0ac                __malloc_lock
                0x0080b100                __malloc_unlock
 .text          0x0080b13c     0x1098 ../test5/\libfreertos_bsp.a(queue.o)
                0x0080b13c                xQueueGenericReset
                0x0080b268                xQueueGenericCreate
                0x0080b340                xQueueCreateMutex
                0x0080b410                xQueueGiveMutexRecursive
                0x0080b49c                xQueueTakeMutexRecursive
                0x0080b53c                xQueueCreateCountingSemaphore
                0x0080b598                xQueueGenericSend
                0x0080b764                xQueueGenericSendFromISR
                0x0080b838                xQueueGenericReceive
                0x0080bac0                xQueueReceiveFromISR
                0x0080bb9c                uxQueueMessagesWaiting
                0x0080bbf4                uxQueueMessagesWaitingFromISR
                0x0080bc24                vQueueDelete
                0x0080bc60                ucQueueGetQueueNumber
                0x0080bc8c                vQueueSetQueueNumber
                0x0080bcbc                ucQueueGetQueueType
                0x0080c05c                xQueueIsQueueEmptyFromISR
                0x0080c0f4                xQueueIsQueueFullFromISR
                0x0080c130                vQueueWaitForMessageRestricted
 .text          0x0080c1d4     0x1d64 ../test5/\libfreertos_bsp.a(tasks.o)
                0x0080c1d4                xTaskGenericCreate
                0x0080c3e0                vTaskDelete
                0x0080c4d0                vTaskDelayUntil
                0x0080c5b8                vTaskDelay
                0x0080c630                uxTaskPriorityGet
                0x0080c6b0                vTaskPrioritySet
                0x0080c87c                vTaskSuspend
                0x0080c978                xTaskIsTaskSuspended
                0x0080c9e8                vTaskResume
                0x0080cacc                xTaskResumeFromISR
                0x0080cba8                vTaskStartScheduler
                0x0080cc44                vTaskEndScheduler
                0x0080cc88                vTaskSuspendAll
                0x0080ccb0                xTaskResumeAll
                0x0080ce28                xTaskGetTickCount
                0x0080ce78                xTaskGetTickCountFromISR
                0x0080cea4                uxTaskGetNumberOfTasks
                0x0080cec4                vTaskList
                0x0080d030                vTaskIncrementTick
                0x0080d1b0                vTaskSwitchContext
                0x0080d28c                vTaskPlaceOnEventList
                0x0080d310                vTaskPlaceOnEventListRestricted
                0x0080d370                xTaskRemoveFromEventList
                0x0080d454                vTaskSetTimeOutState
                0x0080d48c                xTaskCheckForTimeOut
                0x0080d578                vTaskMissedYield
                0x0080d59c                uxTaskGetTaskNumber
                0x0080d5e8                vTaskSetTaskNumber
                0x0080db78                uxTaskGetStackHighWaterMark
                0x0080dc24                xTaskGetCurrentTaskHandle
                0x0080dc4c                xTaskGetSchedulerState
                0x0080dca0                vTaskPriorityInherit
                0x0080ddb4                vTaskPriorityDisinherit
                0x0080de80                vTaskEnterCritical
                0x0080ded0                vTaskExitCritical
 .text          0x0080df38      0x8a4 ../test5/\libfreertos_bsp.a(timers.o)
                0x0080df38                xTimerCreateTimerTask
                0x0080dfa8                xTimerCreate
                0x0080e058                xTimerGenericCommand
                0x0080e748                xTimerIsTimerActive
                0x0080e7ac                pvTimerGetTimerID
 .text          0x0080e7dc      0x160 ../test5/\libfreertos_bsp.a(alt_close.o)
                0x0080e7dc                close
 .text          0x0080e93c       0x2c ../test5/\libfreertos_bsp.a(alt_dev.o)
 .text          0x0080e968       0x64 ../test5/\libfreertos_bsp.a(alt_do_ctors.o)
                0x0080e968                _do_ctors
 .text          0x0080e9cc       0x64 ../test5/\libfreertos_bsp.a(alt_do_dtors.o)
                0x0080e9cc                _do_dtors
 .text          0x0080ea30        0x0 ../test5/\libfreertos_bsp.a(alt_errno.o)
 .text          0x0080ea30      0x138 ../test5/\libfreertos_bsp.a(alt_fstat.o)
                0x0080ea30                fstat
 .text          0x0080eb68      0x150 ../test5/\libfreertos_bsp.a(alt_io_redirect.o)
                0x0080ec40                alt_io_redirect
 .text          0x0080ecb8      0x124 ../test5/\libfreertos_bsp.a(alt_isatty.o)
                0x0080ecb8                isatty
 .text          0x0080eddc       0xec ../test5/\libfreertos_bsp.a(alt_load.o)
                0x0080eddc                alt_load
 .text          0x0080eec8       0x2c ../test5/\libfreertos_bsp.a(alt_log_macro.o)
                0x0080eec8                tx_log_str
 .text          0x0080eef4      0xae4 ../test5/\libfreertos_bsp.a(alt_log_printf.o)
                0x0080eef4                alt_log_txchar
                0x0080ef40                alt_log_repchar
                0x0080efa4                alt_log_private_printf
                0x0080f5b4                alt_log_printf_proc
                0x0080f608                altera_avalon_jtag_uart_report_log
                0x0080f694                alt_log_jtag_uart_print_control_reg
                0x0080f780                alt_log_jtag_uart_startup_info
                0x0080f7c8                alt_log_jtag_uart_isr_proc
                0x0080f820                alt_log_write
                0x0080f960                alt_log_system_clock
 .text          0x0080f9d8      0x154 ../test5/\libfreertos_bsp.a(alt_lseek.o)
                0x0080f9d8                lseek
 .text          0x0080fb2c      0x2e4 ../test5/\libfreertos_bsp.a(alt_open.o)
                0x0080fc24                open
 .text          0x0080fe10      0x184 ../test5/\libfreertos_bsp.a(alt_read.o)
                0x0080fe10                read
 .text          0x0080ff94       0x78 ../test5/\libfreertos_bsp.a(alt_release_fd.o)
                0x0080ff94                alt_release_fd
 .text          0x0081000c       0xbc ../test5/\libfreertos_bsp.a(alt_sbrk.o)
                0x0081000c                sbrk
 .text          0x008100c8      0x1a8 ../test5/\libfreertos_bsp.a(alt_tick.o)
                0x008100c8                alt_alarm_stop
                0x00810160                alt_tick
 .text          0x00810270      0x190 ../test5/\libfreertos_bsp.a(alt_write.o)
                0x00810270                write
 .text          0x00810400       0xc8 ../test5/\libfreertos_bsp.a(alt_sys_init.o)
                0x00810400                alt_irq_init
                0x00810434                alt_sys_init
 .text          0x008104c8      0x148 ../test5/\libfreertos_bsp.a(altera_avalon_jtag_uart_fd.o)
                0x008104c8                altera_avalon_jtag_uart_read_fd
                0x00810520                altera_avalon_jtag_uart_write_fd
                0x00810578                altera_avalon_jtag_uart_close_fd
                0x008105c0                altera_avalon_jtag_uart_ioctl_fd
 .text          0x00810610      0x530 ../test5/\libfreertos_bsp.a(altera_avalon_jtag_uart_init.o)
                0x00810610                altera_avalon_jtag_uart_init
                0x00810acc                altera_avalon_jtag_uart_close
 .text          0x00810b40       0xf4 ../test5/\libfreertos_bsp.a(altera_avalon_jtag_uart_ioctl.o)
                0x00810b40                altera_avalon_jtag_uart_ioctl
 .text          0x00810c34      0x260 ../test5/\libfreertos_bsp.a(altera_avalon_jtag_uart_read.o)
                0x00810c34                altera_avalon_jtag_uart_read
 .text          0x00810e94      0x27c ../test5/\libfreertos_bsp.a(altera_avalon_jtag_uart_write.o)
                0x00810e94                altera_avalon_jtag_uart_write
 .text          0x00811110      0x104 ../test5/\libfreertos_bsp.a(altera_avalon_timer_sc.o)
                0x00811184                alt_avalon_timer_sc_init
 .text          0x00811214       0x90 ../test5/\libfreertos_bsp.a(alt_env_lock.o)
                0x00811214                __env_lock
                0x00811268                __env_unlock
 .text          0x008112a4       0x84 ../test5/\libfreertos_bsp.a(heap_3.o)
                0x008112a4                pvPortMalloc
                0x008112e4                vPortFree
 .text          0x00811328      0x29c ../test5/\libfreertos_bsp.a(list.o)
                0x00811328                vListInitialise
                0x00811398                vListInitialiseItem
                0x008113c0                vListInsertEnd
                0x00811458                vListInsert
                0x0081152c                uxListRemove
 .text          0x008115c4      0x190 ../test5/\libfreertos_bsp.a(port.o)
                0x008115c4                pxPortInitialiseStack
                0x008116d4                xPortStartScheduler
                0x00811700                vPortEndScheduler
                0x0081171c                vPortSysTickHandler
 .text          0x00811754        0x0 ../test5/\libfreertos_bsp.a(port_asm.o)
 .text          0x00811754      0x154 ../test5/\libfreertos_bsp.a(alt_alarm_start.o)
                0x00811754                alt_alarm_start
 .text          0x008118a8       0x1c ../test5/\libfreertos_bsp.a(alt_dcache_flush_all.o)
                0x008118a8                alt_dcache_flush_all
 .text          0x008118c4      0x114 ../test5/\libfreertos_bsp.a(alt_dev_llist_insert.o)
                0x008118c4                alt_dev_llist_insert
 .text          0x008119d8       0x94 ../test5/\libfreertos_bsp.a(alt_find_dev.o)
                0x008119d8                alt_find_dev
 .text          0x00811a6c      0x120 ../test5/\libfreertos_bsp.a(alt_find_file.o)
                0x00811a6c                alt_find_file
 .text          0x00811b8c      0x114 ../test5/\libfreertos_bsp.a(alt_get_fd.o)
                0x00811b8c                alt_get_fd
 .text          0x00811ca0       0x1c ../test5/\libfreertos_bsp.a(alt_icache_flush_all.o)
                0x00811ca0                alt_icache_flush_all
 .text          0x00811cbc      0x1d4 ../test5/\libfreertos_bsp.a(alt_iic.o)
                0x00811cbc                alt_ic_isr_register
                0x00811d0c                alt_ic_irq_enable
                0x00811da8                alt_ic_irq_disable
                0x00811e48                alt_ic_irq_enabled
 .text          0x00811e90       0xf8 ../test5/\libfreertos_bsp.a(alt_iic_isr_register.o)
                0x00811e90                alt_iic_isr_register
 .text          0x00811f88        0x0 ../test5/\libfreertos_bsp.a(alt_irq_handler.o)
 .text          0x00811f88        0x0 ../test5/\libfreertos_bsp.a(alt_irq_vars.o)
 .text          0x00811f88       0x20 ../test5/\libfreertos_bsp.a(altera_nios2_qsys_irq.o)
                0x00811f88                altera_nios2_qsys_irq_init
 .text          0x00811fa8       0x14 c:/altera/12.0sp2/nios2eds/bin/gnu/h-i686-mingw32/bin/../lib/gcc/nios2-elf/4.1.2/../../../../nios2-elf/lib/mno-hw-mul\libc.a(lib_a-atexit.o)
                0x00811fa8                atexit
 .text          0x00811fbc       0x10 c:/altera/12.0sp2/nios2eds/bin/gnu/h-i686-mingw32/bin/../lib/gcc/nios2-elf/4.1.2/../../../../nios2-elf/lib/mno-hw-mul\libc.a(lib_a-errno.o)
                0x00811fbc                __errno
 .text          0x00811fcc       0x38 c:/altera/12.0sp2/nios2eds/bin/gnu/h-i686-mingw32/bin/../lib/gcc/nios2-elf/4.1.2/../../../../nios2-elf/lib/mno-hw-mul\libc.a(lib_a-exit.o)
                0x00811fcc                exit
 .text          0x00812004       0x28 c:/altera/12.0sp2/nios2eds/bin/gnu/h-i686-mingw32/bin/../lib/gcc/nios2-elf/4.1.2/../../../../nios2-elf/lib/mno-hw-mul\libc.a(lib_a-malloc.o)
                0x00812004                free
                0x00812018                malloc
 .text          0x0081202c       0x74 c:/altera/12.0sp2/nios2eds/bin/gnu/h-i686-mingw32/bin/../lib/gcc/nios2-elf/4.1.2/../../../../nios2-elf/lib/mno-hw-mul\libc.a(lib_a-memcmp.o)
                0x0081202c                memcmp
 .text          0x008120a0       0xd4 c:/altera/12.0sp2/nios2eds/bin/gnu/h-i686-mingw32/bin/../lib/gcc/nios2-elf/4.1.2/../../../../nios2-elf/lib/mno-hw-mul\libc.a(lib_a-sprintf.o)
                0x008120a0                sprintf
                0x00812114                _sprintf_r
 .text          0x00812174       0x90 c:/altera/12.0sp2/nios2eds/bin/gnu/h-i686-mingw32/bin/../lib/gcc/nios2-elf/4.1.2/../../../../nios2-elf/lib/mno-hw-mul\libc.a(lib_a-strcat.o)
                0x00812174                strcat
 .text          0x00812204       0x8c c:/altera/12.0sp2/nios2eds/bin/gnu/h-i686-mingw32/bin/../lib/gcc/nios2-elf/4.1.2/../../../../nios2-elf/lib/mno-hw-mul\libc.a(lib_a-strcpy.o)
                0x00812204                strcpy
 .text          0x00812290       0xbc c:/altera/12.0sp2/nios2eds/bin/gnu/h-i686-mingw32/bin/../lib/gcc/nios2-elf/4.1.2/../../../../nios2-elf/lib/mno-hw-mul\libc.a(lib_a-strncpy.o)
                0x00812290                strncpy
 .text          0x0081234c      0x134 c:/altera/12.0sp2/nios2eds/bin/gnu/h-i686-mingw32/bin/../lib/gcc/nios2-elf/4.1.2/../../../../nios2-elf/lib/mno-hw-mul\libc.a(lib_a-__atexit.o)
                0x0081234c                __register_exitproc
 .text          0x00812480      0x1b4 c:/altera/12.0sp2/nios2eds/bin/gnu/h-i686-mingw32/bin/../lib/gcc/nios2-elf/4.1.2/../../../../nios2-elf/lib/mno-hw-mul\libc.a(lib_a-__call_atexit.o)
                0x00812484                __call_exitprocs
 .text          0x00812634      0x104 ../test5/\libfreertos_bsp.a(alt_exit.o)
                0x00812674                _exit
 *(.gnu.warning.*)
 *(.fini)
                0x00812738                PROVIDE (__etext, ABSOLUTE (.))
                0x00812738                PROVIDE (_etext, ABSOLUTE (.))
                0x00812738                PROVIDE (etext, ABSOLUTE (.))
 *(.eh_frame_hdr)
                0x00812738                . = ALIGN (0x4)
                0x00812738                PROVIDE (__preinit_array_start, ABSOLUTE (.))
 *(.preinit_array)
                0x00812738                PROVIDE (__preinit_array_end, ABSOLUTE (.))
                0x00812738                PROVIDE (__init_array_start, ABSOLUTE (.))
 *(.init_array)
                0x00812738                PROVIDE (__init_array_end, ABSOLUTE (.))
                0x00812738                PROVIDE (__fini_array_start, ABSOLUTE (.))
 *(.fini_array)
                0x00812738                PROVIDE (__fini_array_end, ABSOLUTE (.))
 *(.eh_frame)
 .eh_frame      0x00812738       0x40 c:/altera/12.0sp2/nios2eds/bin/gnu/h-i686-mingw32/bin/../lib/gcc/nios2-elf/4.1.2/mno-hw-mul\libgcc.a(_udivdi3.o)
 .eh_frame      0x00812778       0x2c c:/altera/12.0sp2/nios2eds/bin/gnu/h-i686-mingw32/bin/../lib/gcc/nios2-elf/4.1.2/mno-hw-mul\libgcc.a(_umoddi3.o)
                                 0x40 (size before relaxing)
 *(.gcc_except_table)
 *(.dynamic)
                0x008127a4                PROVIDE (__CTOR_LIST__, ABSOLUTE (.))
 *(.ctors)
 *(SORT(.ctors.*))
 .ctors.65535   0x008127a4        0x4 c:/altera/12.0sp2/nios2eds/bin/gnu/h-i686-mingw32/bin/../lib/gcc/nios2-elf/4.1.2/../../../../nios2-elf/lib/mno-hw-mul\libc.a(lib_a-__call_atexit.o)
                0x008127a8                PROVIDE (__CTOR_END__, ABSOLUTE (.))
                0x008127a8                PROVIDE (__DTOR_LIST__, ABSOLUTE (.))
 *(.dtors)
 *(SORT(.dtors.*))
                0x008127a8                PROVIDE (__DTOR_END__, ABSOLUTE (.))
 *(.jcr)
                0x008127a8                . = ALIGN (0x4)

.rodata         0x008127a8      0x7d4
                0x008127a8                PROVIDE (__ram_rodata_start, ABSOLUTE (.))
                0x008127a8                . = ALIGN (0x4)
 *(.rodata .rodata.* .gnu.linkonce.r.*)
 .rodata        0x008127a8       0x40 obj/default/ECD/source/display.o
 .rodata        0x008127e8       0x24 obj/default/ECD/source/keypad.o
 .rodata        0x0081280c       0x3c obj/default/ECD/source/main.o
 .rodata        0x00812848       0x20 obj/default/ECD/source/manager.o
 .rodata        0x00812868       0x18 obj/default/ECD/source/messaging.o
 .rodata        0x00812880       0x98 obj/default/ECD/source/movement.o
 .rodata        0x00812918       0x1c obj/default/ECD/source/pwm.o
 .rodata.str1.4
                0x00812934        0x2 c:/altera/12.0sp2/nios2eds/bin/gnu/h-i686-mingw32/bin/../lib/gcc/nios2-elf/4.1.2/../../../../nios2-elf/lib/mno-hw-mul\libc.a(lib_a-puts.o)
                                  0x4 (size before relaxing)
 *fill*         0x00812936        0x2 00
 .rodata.str1.4
                0x00812938       0x5e c:/altera/12.0sp2/nios2eds/bin/gnu/h-i686-mingw32/bin/../lib/gcc/nios2-elf/4.1.2/../../../../nios2-elf/lib/mno-hw-mul\libc.a(lib_a-vfprintf.o)
                                 0x60 (size before relaxing)
 .rodata        0x00812996       0x20 c:/altera/12.0sp2/nios2eds/bin/gnu/h-i686-mingw32/bin/../lib/gcc/nios2-elf/4.1.2/../../../../nios2-elf/lib/mno-hw-mul\libc.a(lib_a-vfprintf.o)
 *fill*         0x008129b6        0x2 00
 .rodata.str1.4
                0x008129b8       0x10 c:/altera/12.0sp2/nios2eds/bin/gnu/h-i686-mingw32/bin/../lib/gcc/nios2-elf/4.1.2/../../../../nios2-elf/lib/mno-hw-mul\libc.a(lib_a-dtoa.o)
                                 0x14 (size before relaxing)
 .rodata.str1.4
                0x008129c8        0x2 c:/altera/12.0sp2/nios2eds/bin/gnu/h-i686-mingw32/bin/../lib/gcc/nios2-elf/4.1.2/../../../../nios2-elf/lib/mno-hw-mul\libc.a(lib_a-impure.o)
                                  0x4 (size before relaxing)
 *fill*         0x008129ca        0x2 00
 .rodata.str1.4
                0x008129cc       0x10 c:/altera/12.0sp2/nios2eds/bin/gnu/h-i686-mingw32/bin/../lib/gcc/nios2-elf/4.1.2/../../../../nios2-elf/lib/mno-hw-mul\libc.a(lib_a-locale.o)
                                 0x18 (size before relaxing)
 .rodata        0x008129dc       0x30 c:/altera/12.0sp2/nios2eds/bin/gnu/h-i686-mingw32/bin/../lib/gcc/nios2-elf/4.1.2/../../../../nios2-elf/lib/mno-hw-mul\libc.a(lib_a-locale.o)
 .rodata        0x00812a0c      0x124 c:/altera/12.0sp2/nios2eds/bin/gnu/h-i686-mingw32/bin/../lib/gcc/nios2-elf/4.1.2/../../../../nios2-elf/lib/mno-hw-mul\libc.a(lib_a-mprec.o)
                0x00812a0c                __mprec_tens
                0x00812ad4                __mprec_bigtens
                0x00812afc                __mprec_tinytens
 .rodata        0x00812b30       0x14 c:/altera/12.0sp2/nios2eds/bin/gnu/h-i686-mingw32/bin/../lib/gcc/nios2-elf/4.1.2/mno-hw-mul\libgcc.a(_thenan_df.o)
                0x00812b30                __thenan_df
 .rodata        0x00812b44      0x100 c:/altera/12.0sp2/nios2eds/bin/gnu/h-i686-mingw32/bin/../lib/gcc/nios2-elf/4.1.2/mno-hw-mul\libgcc.a(_clz.o)
                0x00812b44                __clz_tab
 .rodata        0x00812c44      0x190 ../test5/\libfreertos_bsp.a(alt_main.o)
 .rodata        0x00812dd4       0x1c ../test5/\libfreertos_bsp.a(tasks.o)
 .rodata        0x00812df0        0x8 ../test5/\libfreertos_bsp.a(timers.o)
 .rodata        0x00812df8        0xc ../test5/\libfreertos_bsp.a(alt_dev.o)
 .rodata        0x00812e04       0x9c ../test5/\libfreertos_bsp.a(alt_log_printf.o)
 .rodata        0x00812ea0       0x10 ../test5/\libfreertos_bsp.a(alt_sys_init.o)
 .rodata        0x00812eb0       0xcc ../test5/\libfreertos_bsp.a(alt_exit.o)
 *(.rodata1)
                0x00812f7c                . = ALIGN (0x4)
                0x00812f7c                PROVIDE (__ram_rodata_end, ABSOLUTE (.))
                0x008127a8                PROVIDE (__flash_rodata_start, LOADADDR (.rodata))

.rwdata         0x00812f7c     0x1b3c load address 0x00814ab8
                0x00812f7c                PROVIDE (__ram_rwdata_start, ABSOLUTE (.))
                0x00812f7c                . = ALIGN (0x4)
 *(.got.plt)
 *(.got)
 *(.data1)
 *(.data .data.* .gnu.linkonce.d.*)
 .data          0x00812f7c        0x0 ../test5//obj/HAL/src/crt0.o
 .data          0x00812f7c        0x0 obj/default/ECD/source/display.o
 .data          0x00812f7c        0x0 obj/default/ECD/source/keypad.o
 .data          0x00812f7c        0x0 obj/default/ECD/source/main.o
 .data          0x00812f7c        0x0 obj/default/ECD/source/manager.o
 .data          0x00812f7c        0x0 obj/default/ECD/source/messaging.o
 .data          0x00812f7c        0x0 obj/default/ECD/source/movement.o
 .data          0x00812f7c       0x30 obj/default/ECD/source/pwm.o
                0x00812f7c                servo_data
 .data          0x00812fac        0x0 c:/altera/12.0sp2/nios2eds/bin/gnu/h-i686-mingw32/bin/../lib/gcc/nios2-elf/4.1.2/mno-hw-mul\libgcc.a(lib2-mul.o)
 .data          0x00812fac        0x0 c:/altera/12.0sp2/nios2eds/bin/gnu/h-i686-mingw32/bin/../lib/gcc/nios2-elf/4.1.2/../../../../nios2-elf/lib/mno-hw-mul\libc.a(lib_a-printf.o)
 .data          0x00812fac        0x0 c:/altera/12.0sp2/nios2eds/bin/gnu/h-i686-mingw32/bin/../lib/gcc/nios2-elf/4.1.2/../../../../nios2-elf/lib/mno-hw-mul\libc.a(lib_a-puts.o)
 .data          0x00812fac        0x0 c:/altera/12.0sp2/nios2eds/bin/gnu/h-i686-mingw32/bin/../lib/gcc/nios2-elf/4.1.2/../../../../nios2-elf/lib/mno-hw-mul\libc.a(lib_a-strlen.o)
 .data          0x00812fac        0x0 c:/altera/12.0sp2/nios2eds/bin/gnu/h-i686-mingw32/bin/../lib/gcc/nios2-elf/4.1.2/../../../../nios2-elf/lib/mno-hw-mul\libc.a(lib_a-vfprintf.o)
 .data          0x00812fac        0x0 c:/altera/12.0sp2/nios2eds/bin/gnu/h-i686-mingw32/bin/../lib/gcc/nios2-elf/4.1.2/../../../../nios2-elf/lib/mno-hw-mul\libc.a(lib_a-wsetup.o)
 .data          0x00812fac        0x0 c:/altera/12.0sp2/nios2eds/bin/gnu/h-i686-mingw32/bin/../lib/gcc/nios2-elf/4.1.2/../../../../nios2-elf/lib/mno-hw-mul\libc.a(lib_a-dtoa.o)
 .data          0x00812fac        0x0 c:/altera/12.0sp2/nios2eds/bin/gnu/h-i686-mingw32/bin/../lib/gcc/nios2-elf/4.1.2/../../../../nios2-elf/lib/mno-hw-mul\libc.a(lib_a-fflush.o)
 .data          0x00812fac        0x0 c:/altera/12.0sp2/nios2eds/bin/gnu/h-i686-mingw32/bin/../lib/gcc/nios2-elf/4.1.2/../../../../nios2-elf/lib/mno-hw-mul\libc.a(lib_a-findfp.o)
 .data          0x00812fac        0x0 c:/altera/12.0sp2/nios2eds/bin/gnu/h-i686-mingw32/bin/../lib/gcc/nios2-elf/4.1.2/../../../../nios2-elf/lib/mno-hw-mul\libc.a(lib_a-freer.o)
 .data          0x00812fac        0x0 c:/altera/12.0sp2/nios2eds/bin/gnu/h-i686-mingw32/bin/../lib/gcc/nios2-elf/4.1.2/../../../../nios2-elf/lib/mno-hw-mul\libc.a(lib_a-fvwrite.o)
 .data          0x00812fac        0x0 c:/altera/12.0sp2/nios2eds/bin/gnu/h-i686-mingw32/bin/../lib/gcc/nios2-elf/4.1.2/../../../../nios2-elf/lib/mno-hw-mul\libc.a(lib_a-fwalk.o)
 .data          0x00812fac      0x400 c:/altera/12.0sp2/nios2eds/bin/gnu/h-i686-mingw32/bin/../lib/gcc/nios2-elf/4.1.2/../../../../nios2-elf/lib/mno-hw-mul\libc.a(lib_a-impure.o)
 .data          0x008133ac        0xc c:/altera/12.0sp2/nios2eds/bin/gnu/h-i686-mingw32/bin/../lib/gcc/nios2-elf/4.1.2/../../../../nios2-elf/lib/mno-hw-mul\libc.a(lib_a-locale.o)
                0x008133ac                __lc_ctype
 .data          0x008133b8        0x0 c:/altera/12.0sp2/nios2eds/bin/gnu/h-i686-mingw32/bin/../lib/gcc/nios2-elf/4.1.2/../../../../nios2-elf/lib/mno-hw-mul\libc.a(lib_a-makebuf.o)
 .data          0x008133b8      0x408 c:/altera/12.0sp2/nios2eds/bin/gnu/h-i686-mingw32/bin/../lib/gcc/nios2-elf/4.1.2/../../../../nios2-elf/lib/mno-hw-mul\libc.a(lib_a-mallocr.o)
                0x008133b8                __malloc_av_
 .data          0x008137c0        0x0 c:/altera/12.0sp2/nios2eds/bin/gnu/h-i686-mingw32/bin/../lib/gcc/nios2-elf/4.1.2/../../../../nios2-elf/lib/mno-hw-mul\libc.a(lib_a-memchr.o)
 .data          0x008137c0        0x0 c:/altera/12.0sp2/nios2eds/bin/gnu/h-i686-mingw32/bin/../lib/gcc/nios2-elf/4.1.2/../../../../nios2-elf/lib/mno-hw-mul\libc.a(lib_a-memcpy.o)
 .data          0x008137c0        0x0 c:/altera/12.0sp2/nios2eds/bin/gnu/h-i686-mingw32/bin/../lib/gcc/nios2-elf/4.1.2/../../../../nios2-elf/lib/mno-hw-mul\libc.a(lib_a-memmove.o)
 .data          0x008137c0        0x0 c:/altera/12.0sp2/nios2eds/bin/gnu/h-i686-mingw32/bin/../lib/gcc/nios2-elf/4.1.2/../../../../nios2-elf/lib/mno-hw-mul\libc.a(lib_a-memset.o)
 .data          0x008137c0        0x0 c:/altera/12.0sp2/nios2eds/bin/gnu/h-i686-mingw32/bin/../lib/gcc/nios2-elf/4.1.2/../../../../nios2-elf/lib/mno-hw-mul\libc.a(lib_a-mprec.o)
 .data          0x008137c0        0x0 c:/altera/12.0sp2/nios2eds/bin/gnu/h-i686-mingw32/bin/../lib/gcc/nios2-elf/4.1.2/../../../../nios2-elf/lib/mno-hw-mul\libc.a(lib_a-reallocr.o)
 .data          0x008137c0        0x0 c:/altera/12.0sp2/nios2eds/bin/gnu/h-i686-mingw32/bin/../lib/gcc/nios2-elf/4.1.2/../../../../nios2-elf/lib/mno-hw-mul\libc.a(lib_a-s_isinfd.o)
 .data          0x008137c0        0x0 c:/altera/12.0sp2/nios2eds/bin/gnu/h-i686-mingw32/bin/../lib/gcc/nios2-elf/4.1.2/../../../../nios2-elf/lib/mno-hw-mul\libc.a(lib_a-s_isnand.o)
 .data          0x008137c0        0x0 c:/altera/12.0sp2/nios2eds/bin/gnu/h-i686-mingw32/bin/../lib/gcc/nios2-elf/4.1.2/../../../../nios2-elf/lib/mno-hw-mul\libc.a(lib_a-sbrkr.o)
 .data          0x008137c0        0x0 c:/altera/12.0sp2/nios2eds/bin/gnu/h-i686-mingw32/bin/../lib/gcc/nios2-elf/4.1.2/../../../../nios2-elf/lib/mno-hw-mul\libc.a(lib_a-stdio.o)
 .data          0x008137c0        0x0 c:/altera/12.0sp2/nios2eds/bin/gnu/h-i686-mingw32/bin/../lib/gcc/nios2-elf/4.1.2/../../../../nios2-elf/lib/mno-hw-mul\libc.a(lib_a-strcmp.o)
 .data          0x008137c0        0x0 c:/altera/12.0sp2/nios2eds/bin/gnu/h-i686-mingw32/bin/../lib/gcc/nios2-elf/4.1.2/../../../../nios2-elf/lib/mno-hw-mul\libc.a(lib_a-writer.o)
 .data          0x008137c0        0x0 c:/altera/12.0sp2/nios2eds/bin/gnu/h-i686-mingw32/bin/../lib/gcc/nios2-elf/4.1.2/../../../../nios2-elf/lib/mno-hw-mul\libc.a(lib_a-callocr.o)
 .data          0x008137c0        0x0 c:/altera/12.0sp2/nios2eds/bin/gnu/h-i686-mingw32/bin/../lib/gcc/nios2-elf/4.1.2/../../../../nios2-elf/lib/mno-hw-mul\libc.a(lib_a-closer.o)
 .data          0x008137c0        0x0 c:/altera/12.0sp2/nios2eds/bin/gnu/h-i686-mingw32/bin/../lib/gcc/nios2-elf/4.1.2/../../../../nios2-elf/lib/mno-hw-mul\libc.a(lib_a-fclose.o)
 .data          0x008137c0        0x0 c:/altera/12.0sp2/nios2eds/bin/gnu/h-i686-mingw32/bin/../lib/gcc/nios2-elf/4.1.2/../../../../nios2-elf/lib/mno-hw-mul\libc.a(lib_a-fstatr.o)
 .data          0x008137c0        0x0 c:/altera/12.0sp2/nios2eds/bin/gnu/h-i686-mingw32/bin/../lib/gcc/nios2-elf/4.1.2/../../../../nios2-elf/lib/mno-hw-mul\libc.a(lib_a-int_errno.o)
 .data          0x008137c0        0x0 c:/altera/12.0sp2/nios2eds/bin/gnu/h-i686-mingw32/bin/../lib/gcc/nios2-elf/4.1.2/../../../../nios2-elf/lib/mno-hw-mul\libc.a(lib_a-isattyr.o)
 .data          0x008137c0        0x0 c:/altera/12.0sp2/nios2eds/bin/gnu/h-i686-mingw32/bin/../lib/gcc/nios2-elf/4.1.2/../../../../nios2-elf/lib/mno-hw-mul\libc.a(lib_a-lseekr.o)
 .data          0x008137c0        0x0 c:/altera/12.0sp2/nios2eds/bin/gnu/h-i686-mingw32/bin/../lib/gcc/nios2-elf/4.1.2/../../../../nios2-elf/lib/mno-hw-mul\libc.a(lib_a-readr.o)
 .data          0x008137c0        0x0 c:/altera/12.0sp2/nios2eds/bin/gnu/h-i686-mingw32/bin/../lib/gcc/nios2-elf/4.1.2/mno-hw-mul\libgcc.a(_udivdi3.o)
 .data          0x008137c0        0x0 c:/altera/12.0sp2/nios2eds/bin/gnu/h-i686-mingw32/bin/../lib/gcc/nios2-elf/4.1.2/mno-hw-mul\libgcc.a(_umoddi3.o)
 .data          0x008137c0        0x0 c:/altera/12.0sp2/nios2eds/bin/gnu/h-i686-mingw32/bin/../lib/gcc/nios2-elf/4.1.2/mno-hw-mul\libgcc.a(_addsub_df.o)
 .data          0x008137c0        0x0 c:/altera/12.0sp2/nios2eds/bin/gnu/h-i686-mingw32/bin/../lib/gcc/nios2-elf/4.1.2/mno-hw-mul\libgcc.a(_mul_df.o)
 .data          0x008137c0        0x0 c:/altera/12.0sp2/nios2eds/bin/gnu/h-i686-mingw32/bin/../lib/gcc/nios2-elf/4.1.2/mno-hw-mul\libgcc.a(_div_df.o)
 .data          0x008137c0        0x0 c:/altera/12.0sp2/nios2eds/bin/gnu/h-i686-mingw32/bin/../lib/gcc/nios2-elf/4.1.2/mno-hw-mul\libgcc.a(_eq_df.o)
 .data          0x008137c0        0x0 c:/altera/12.0sp2/nios2eds/bin/gnu/h-i686-mingw32/bin/../lib/gcc/nios2-elf/4.1.2/mno-hw-mul\libgcc.a(_ne_df.o)
 .data          0x008137c0        0x0 c:/altera/12.0sp2/nios2eds/bin/gnu/h-i686-mingw32/bin/../lib/gcc/nios2-elf/4.1.2/mno-hw-mul\libgcc.a(_gt_df.o)
 .data          0x008137c0        0x0 c:/altera/12.0sp2/nios2eds/bin/gnu/h-i686-mingw32/bin/../lib/gcc/nios2-elf/4.1.2/mno-hw-mul\libgcc.a(_ge_df.o)
 .data          0x008137c0        0x0 c:/altera/12.0sp2/nios2eds/bin/gnu/h-i686-mingw32/bin/../lib/gcc/nios2-elf/4.1.2/mno-hw-mul\libgcc.a(_lt_df.o)
 .data          0x008137c0        0x0 c:/altera/12.0sp2/nios2eds/bin/gnu/h-i686-mingw32/bin/../lib/gcc/nios2-elf/4.1.2/mno-hw-mul\libgcc.a(_si_to_df.o)
 .data          0x008137c0        0x0 c:/altera/12.0sp2/nios2eds/bin/gnu/h-i686-mingw32/bin/../lib/gcc/nios2-elf/4.1.2/mno-hw-mul\libgcc.a(_df_to_si.o)
 .data          0x008137c0        0x0 c:/altera/12.0sp2/nios2eds/bin/gnu/h-i686-mingw32/bin/../lib/gcc/nios2-elf/4.1.2/mno-hw-mul\libgcc.a(_thenan_df.o)
 .data          0x008137c0        0x0 c:/altera/12.0sp2/nios2eds/bin/gnu/h-i686-mingw32/bin/../lib/gcc/nios2-elf/4.1.2/mno-hw-mul\libgcc.a(_usi_to_df.o)
 .data          0x008137c0        0x0 c:/altera/12.0sp2/nios2eds/bin/gnu/h-i686-mingw32/bin/../lib/gcc/nios2-elf/4.1.2/mno-hw-mul\libgcc.a(lib2-divmod.o)
 .data          0x008137c0        0x0 c:/altera/12.0sp2/nios2eds/bin/gnu/h-i686-mingw32/bin/../lib/gcc/nios2-elf/4.1.2/mno-hw-mul\libgcc.a(_muldi3.o)
 .data          0x008137c0        0x0 c:/altera/12.0sp2/nios2eds/bin/gnu/h-i686-mingw32/bin/../lib/gcc/nios2-elf/4.1.2/mno-hw-mul\libgcc.a(_clz.o)
 .data          0x008137c0        0x0 c:/altera/12.0sp2/nios2eds/bin/gnu/h-i686-mingw32/bin/../lib/gcc/nios2-elf/4.1.2/mno-hw-mul\libgcc.a(_clzsi2.o)
 .data          0x008137c0        0x0 c:/altera/12.0sp2/nios2eds/bin/gnu/h-i686-mingw32/bin/../lib/gcc/nios2-elf/4.1.2/mno-hw-mul\libgcc.a(_pack_df.o)
 .data          0x008137c0        0x0 c:/altera/12.0sp2/nios2eds/bin/gnu/h-i686-mingw32/bin/../lib/gcc/nios2-elf/4.1.2/mno-hw-mul\libgcc.a(_unpack_df.o)
 .data          0x008137c0        0x0 c:/altera/12.0sp2/nios2eds/bin/gnu/h-i686-mingw32/bin/../lib/gcc/nios2-elf/4.1.2/mno-hw-mul\libgcc.a(_fpcmp_parts_df.o)
 .data          0x008137c0        0x0 ../test5/\libfreertos_bsp.a(alt_main.o)
 .data          0x008137c0        0x0 ../test5/\libfreertos_bsp.a(alt_malloc_lock.o)
 .data          0x008137c0        0x0 ../test5/\libfreertos_bsp.a(queue.o)
 .data          0x008137c0        0x0 ../test5/\libfreertos_bsp.a(tasks.o)
 .data          0x008137c0        0x0 ../test5/\libfreertos_bsp.a(timers.o)
 .data          0x008137c0        0x0 ../test5/\libfreertos_bsp.a(alt_close.o)
 .data          0x008137c0      0x1a8 ../test5/\libfreertos_bsp.a(alt_dev.o)
                0x008137c0                alt_dev_null
                0x008137e8                alt_fd_list
 .data          0x00813968        0x0 ../test5/\libfreertos_bsp.a(alt_do_ctors.o)
 .data          0x00813968        0x0 ../test5/\libfreertos_bsp.a(alt_do_dtors.o)
 .data          0x00813968        0x0 ../test5/\libfreertos_bsp.a(alt_errno.o)
 .data          0x00813968        0x0 ../test5/\libfreertos_bsp.a(alt_fstat.o)
 .data          0x00813968        0x0 ../test5/\libfreertos_bsp.a(alt_io_redirect.o)
 .data          0x00813968        0x0 ../test5/\libfreertos_bsp.a(alt_isatty.o)
 .data          0x00813968        0x0 ../test5/\libfreertos_bsp.a(alt_load.o)
 .data          0x00813968        0x0 ../test5/\libfreertos_bsp.a(alt_log_macro.o)
 .data          0x00813968       0xa0 ../test5/\libfreertos_bsp.a(alt_log_printf.o)
                0x00813968                alt_log_msg_bss
                0x00813984                alt_log_msg_alt_main
                0x008139a4                alt_log_msg_stackpointer
                0x008139d8                alt_log_msg_cache
                0x00813a04                alt_log_boot_on_flag
 .data          0x00813a08        0x0 ../test5/\libfreertos_bsp.a(alt_lseek.o)
 .data          0x00813a08        0x0 ../test5/\libfreertos_bsp.a(alt_open.o)
 .data          0x00813a08        0x0 ../test5/\libfreertos_bsp.a(alt_read.o)
 .data          0x00813a08        0x0 ../test5/\libfreertos_bsp.a(alt_release_fd.o)
 .data          0x00813a08        0x0 ../test5/\libfreertos_bsp.a(alt_sbrk.o)
 .data          0x00813a08        0x0 ../test5/\libfreertos_bsp.a(alt_tick.o)
 .data          0x00813a08        0x0 ../test5/\libfreertos_bsp.a(alt_write.o)
 .data          0x00813a08     0x1068 ../test5/\libfreertos_bsp.a(alt_sys_init.o)
 .data          0x00814a70        0x0 ../test5/\libfreertos_bsp.a(altera_avalon_jtag_uart_fd.o)
 .data          0x00814a70        0x0 ../test5/\libfreertos_bsp.a(altera_avalon_jtag_uart_init.o)
 .data          0x00814a70        0x0 ../test5/\libfreertos_bsp.a(altera_avalon_jtag_uart_ioctl.o)
 .data          0x00814a70        0x0 ../test5/\libfreertos_bsp.a(altera_avalon_jtag_uart_read.o)
 .data          0x00814a70        0x0 ../test5/\libfreertos_bsp.a(altera_avalon_jtag_uart_write.o)
 .data          0x00814a70        0x0 ../test5/\libfreertos_bsp.a(altera_avalon_timer_sc.o)
 .data          0x00814a70        0x0 ../test5/\libfreertos_bsp.a(alt_env_lock.o)
 .data          0x00814a70        0x0 ../test5/\libfreertos_bsp.a(heap_3.o)
 .data          0x00814a70        0x0 ../test5/\libfreertos_bsp.a(list.o)
 .data          0x00814a70        0x0 ../test5/\libfreertos_bsp.a(port.o)
 .data          0x00814a70        0x0 ../test5/\libfreertos_bsp.a(port_asm.o)
 .data          0x00814a70        0x0 ../test5/\libfreertos_bsp.a(alt_alarm_start.o)
 .data          0x00814a70        0x0 ../test5/\libfreertos_bsp.a(alt_dcache_flush_all.o)
 .data          0x00814a70        0x0 ../test5/\libfreertos_bsp.a(alt_dev_llist_insert.o)
 .data          0x00814a70        0x0 ../test5/\libfreertos_bsp.a(alt_find_dev.o)
 .data          0x00814a70        0x0 ../test5/\libfreertos_bsp.a(alt_find_file.o)
 .data          0x00814a70        0x0 ../test5/\libfreertos_bsp.a(alt_get_fd.o)
 .data          0x00814a70        0x0 ../test5/\libfreertos_bsp.a(alt_icache_flush_all.o)
 .data          0x00814a70        0x0 ../test5/\libfreertos_bsp.a(alt_iic.o)
 .data          0x00814a70        0x0 ../test5/\libfreertos_bsp.a(alt_iic_isr_register.o)
 .data          0x00814a70        0x0 ../test5/\libfreertos_bsp.a(alt_irq_handler.o)
 .data          0x00814a70        0x0 ../test5/\libfreertos_bsp.a(alt_irq_vars.o)
 .data          0x00814a70        0x0 ../test5/\libfreertos_bsp.a(altera_nios2_qsys_irq.o)
 .data          0x00814a70        0x0 c:/altera/12.0sp2/nios2eds/bin/gnu/h-i686-mingw32/bin/../lib/gcc/nios2-elf/4.1.2/../../../../nios2-elf/lib/mno-hw-mul\libc.a(lib_a-atexit.o)
 .data          0x00814a70        0x0 c:/altera/12.0sp2/nios2eds/bin/gnu/h-i686-mingw32/bin/../lib/gcc/nios2-elf/4.1.2/../../../../nios2-elf/lib/mno-hw-mul\libc.a(lib_a-errno.o)
 .data          0x00814a70        0x0 c:/altera/12.0sp2/nios2eds/bin/gnu/h-i686-mingw32/bin/../lib/gcc/nios2-elf/4.1.2/../../../../nios2-elf/lib/mno-hw-mul\libc.a(lib_a-exit.o)
 .data          0x00814a70        0x0 c:/altera/12.0sp2/nios2eds/bin/gnu/h-i686-mingw32/bin/../lib/gcc/nios2-elf/4.1.2/../../../../nios2-elf/lib/mno-hw-mul\libc.a(lib_a-malloc.o)
 .data          0x00814a70        0x0 c:/altera/12.0sp2/nios2eds/bin/gnu/h-i686-mingw32/bin/../lib/gcc/nios2-elf/4.1.2/../../../../nios2-elf/lib/mno-hw-mul\libc.a(lib_a-memcmp.o)
 .data          0x00814a70        0x0 c:/altera/12.0sp2/nios2eds/bin/gnu/h-i686-mingw32/bin/../lib/gcc/nios2-elf/4.1.2/../../../../nios2-elf/lib/mno-hw-mul\libc.a(lib_a-sprintf.o)
 .data          0x00814a70        0x0 c:/altera/12.0sp2/nios2eds/bin/gnu/h-i686-mingw32/bin/../lib/gcc/nios2-elf/4.1.2/../../../../nios2-elf/lib/mno-hw-mul\libc.a(lib_a-strcat.o)
 .data          0x00814a70        0x0 c:/altera/12.0sp2/nios2eds/bin/gnu/h-i686-mingw32/bin/../lib/gcc/nios2-elf/4.1.2/../../../../nios2-elf/lib/mno-hw-mul\libc.a(lib_a-strcpy.o)
 .data          0x00814a70        0x0 c:/altera/12.0sp2/nios2eds/bin/gnu/h-i686-mingw32/bin/../lib/gcc/nios2-elf/4.1.2/../../../../nios2-elf/lib/mno-hw-mul\libc.a(lib_a-strncpy.o)
 .data          0x00814a70        0x0 c:/altera/12.0sp2/nios2eds/bin/gnu/h-i686-mingw32/bin/../lib/gcc/nios2-elf/4.1.2/../../../../nios2-elf/lib/mno-hw-mul\libc.a(lib_a-__atexit.o)
 .data          0x00814a70        0x0 c:/altera/12.0sp2/nios2eds/bin/gnu/h-i686-mingw32/bin/../lib/gcc/nios2-elf/4.1.2/../../../../nios2-elf/lib/mno-hw-mul\libc.a(lib_a-__call_atexit.o)
 .data          0x00814a70        0x0 ../test5/\libfreertos_bsp.a(alt_exit.o)
                0x0081ca70                _gp = ABSOLUTE ((. + 0x8000))
                0x0081ca70                PROVIDE (gp, _gp)
 *(.rwdata .rwdata.*)
 *(.sdata .sdata.* .gnu.linkonce.s.*)
 .sdata         0x00814a70        0x2 obj/default/ECD/source/keypad.o
 *fill*         0x00814a72        0x2 00
 .sdata         0x00814a74        0x8 c:/altera/12.0sp2/nios2eds/bin/gnu/h-i686-mingw32/bin/../lib/gcc/nios2-elf/4.1.2/../../../../nios2-elf/lib/mno-hw-mul\libc.a(lib_a-impure.o)
                0x00814a74                _impure_ptr
                0x00814a78                _global_impure_ptr
 .sdata         0x00814a7c        0x8 c:/altera/12.0sp2/nios2eds/bin/gnu/h-i686-mingw32/bin/../lib/gcc/nios2-elf/4.1.2/../../../../nios2-elf/lib/mno-hw-mul\libc.a(lib_a-locale.o)
                0x00814a7c                __mb_cur_max
 .sdata         0x00814a84        0x8 c:/altera/12.0sp2/nios2eds/bin/gnu/h-i686-mingw32/bin/../lib/gcc/nios2-elf/4.1.2/../../../../nios2-elf/lib/mno-hw-mul\libc.a(lib_a-mallocr.o)
                0x00814a84                __malloc_trim_threshold
                0x00814a88                __malloc_sbrk_base
 .sdata         0x00814a8c        0x4 ../test5/\libfreertos_bsp.a(tasks.o)
 .sdata         0x00814a90       0x14 ../test5/\libfreertos_bsp.a(alt_dev.o)
                0x00814a90                alt_fs_list
                0x00814a98                alt_dev_list
                0x00814aa0                alt_max_fd
 .sdata         0x00814aa4        0x4 ../test5/\libfreertos_bsp.a(alt_errno.o)
                0x00814aa4                alt_errno
 .sdata         0x00814aa8        0x4 ../test5/\libfreertos_bsp.a(alt_sbrk.o)
 .sdata         0x00814aac        0x8 ../test5/\libfreertos_bsp.a(alt_tick.o)
                0x00814aac                alt_alarm_list
 .sdata         0x00814ab4        0x4 ../test5/\libfreertos_bsp.a(alt_irq_vars.o)
                0x00814ab4                alt_priority_mask
 *(.sdata2 .sdata2.* .gnu.linkonce.s2.*)
                0x00814ab8                . = ALIGN (0x4)
                0x00814ab8                _edata = ABSOLUTE (.)
                0x00814ab8                PROVIDE (edata, ABSOLUTE (.))
                0x00814ab8                PROVIDE (__ram_rwdata_end, ABSOLUTE (.))
                0x00814ab8                PROVIDE (__flash_rwdata_start, LOADADDR (.rwdata))

.bss            0x008165f4      0x510
                0x008165f4                __bss_start = ABSOLUTE (.)
                0x008165f4                PROVIDE (__sbss_start, ABSOLUTE (.))
                0x008165f4                PROVIDE (___sbss_start, ABSOLUTE (.))
 *(.dynsbss)
 *(.sbss .sbss.* .gnu.linkonce.sb.*)
 .sbss          0x008165f4        0x8 obj/default/ECD/source/keypad.o
                0x008165f4                tKP
                0x008165f8                qKP
 .sbss          0x008165fc        0x8 obj/default/ECD/source/manager.o
 .sbss          0x00816604        0x8 obj/default/ECD/source/movement.o
 .sbss          0x0081660c        0x4 obj/default/ECD/source/pwm.o
 .sbss          0x00816610        0xc c:/altera/12.0sp2/nios2eds/bin/gnu/h-i686-mingw32/bin/../lib/gcc/nios2-elf/4.1.2/../../../../nios2-elf/lib/mno-hw-mul\libc.a(lib_a-locale.o)
                0x00816610                __nlocale_changed
                0x00816614                __mlocale_changed
                0x00816618                _PathLocale
 .sbss          0x0081661c        0xc c:/altera/12.0sp2/nios2eds/bin/gnu/h-i686-mingw32/bin/../lib/gcc/nios2-elf/4.1.2/../../../../nios2-elf/lib/mno-hw-mul\libc.a(lib_a-mallocr.o)
                0x0081661c                __malloc_top_pad
                0x00816620                __malloc_max_sbrked_mem
                0x00816624                __malloc_max_total_mem
 .sbss          0x00816628        0x4 c:/altera/12.0sp2/nios2eds/bin/gnu/h-i686-mingw32/bin/../lib/gcc/nios2-elf/4.1.2/../../../../nios2-elf/lib/mno-hw-mul\libc.a(lib_a-int_errno.o)
                0x00816628                errno
 .sbss          0x0081662c        0xc ../test5/\libfreertos_bsp.a(alt_main.o)
                0x0081662c                alt_argc
                0x00816630                alt_argv
                0x00816634                alt_envp
 .sbss          0x00816638        0x4 ../test5/\libfreertos_bsp.a(alt_malloc_lock.o)
                0x00816638                alt_heapsem
 .sbss          0x0081663c       0x38 ../test5/\libfreertos_bsp.a(tasks.o)
                0x0081663c                pxCurrentTCB
 .sbss          0x00816674       0x10 ../test5/\libfreertos_bsp.a(timers.o)
 .sbss          0x00816684        0x4 ../test5/\libfreertos_bsp.a(alt_dev.o)
                0x00816684                alt_fd_list_lock
 .sbss          0x00816688       0x10 ../test5/\libfreertos_bsp.a(alt_log_printf.o)
                0x00816688                alt_log_write_on_flag
                0x00816689                alt_log_sys_clk_on_flag
                0x0081668a                alt_log_jtag_uart_alarm_on_flag
                0x0081668b                alt_log_jtag_uart_isr_on_flag
                0x0081668c                alt_log_jtag_uart_startup_info_on_flag
                0x00816690                alt_system_clock_in_sec
                0x00816694                alt_log_sys_clk_count
 .sbss          0x00816698        0x8 ../test5/\libfreertos_bsp.a(alt_tick.o)
                0x00816698                _alt_tick_rate
                0x0081669c                _alt_nticks
 .sbss          0x008166a0        0x4 ../test5/\libfreertos_bsp.a(alt_env_lock.o)
                0x008166a0                alt_envsem
 .sbss          0x008166a4        0x4 ../test5/\libfreertos_bsp.a(alt_irq_vars.o)
                0x008166a4                alt_irq_active
 *(.sbss2 .sbss2.* .gnu.linkonce.sb2.*)
 *(.scommon)
                0x008166a8                PROVIDE (__sbss_end, ABSOLUTE (.))
                0x008166a8                PROVIDE (___sbss_end, ABSOLUTE (.))
 *(.dynbss)
 *(.bss .bss.* .gnu.linkonce.b.*)
 .bss           0x008166a8        0x0 ../test5//obj/HAL/src/crt0.o
 .bss           0x008166a8        0x0 obj/default/ECD/source/display.o
 .bss           0x008166a8        0x0 obj/default/ECD/source/keypad.o
 .bss           0x008166a8        0x0 obj/default/ECD/source/main.o
 .bss           0x008166a8        0x0 obj/default/ECD/source/manager.o
 .bss           0x008166a8        0x0 obj/default/ECD/source/messaging.o
 .bss           0x008166a8       0x40 obj/default/ECD/source/movement.o
 .bss           0x008166e8        0x0 obj/default/ECD/source/pwm.o
 .bss           0x008166e8        0x0 c:/altera/12.0sp2/nios2eds/bin/gnu/h-i686-mingw32/bin/../lib/gcc/nios2-elf/4.1.2/mno-hw-mul\libgcc.a(lib2-mul.o)
 .bss           0x008166e8        0x0 c:/altera/12.0sp2/nios2eds/bin/gnu/h-i686-mingw32/bin/../lib/gcc/nios2-elf/4.1.2/../../../../nios2-elf/lib/mno-hw-mul\libc.a(lib_a-printf.o)
 .bss           0x008166e8        0x0 c:/altera/12.0sp2/nios2eds/bin/gnu/h-i686-mingw32/bin/../lib/gcc/nios2-elf/4.1.2/../../../../nios2-elf/lib/mno-hw-mul\libc.a(lib_a-puts.o)
 .bss           0x008166e8        0x0 c:/altera/12.0sp2/nios2eds/bin/gnu/h-i686-mingw32/bin/../lib/gcc/nios2-elf/4.1.2/../../../../nios2-elf/lib/mno-hw-mul\libc.a(lib_a-strlen.o)
 .bss           0x008166e8        0x0 c:/altera/12.0sp2/nios2eds/bin/gnu/h-i686-mingw32/bin/../lib/gcc/nios2-elf/4.1.2/../../../../nios2-elf/lib/mno-hw-mul\libc.a(lib_a-vfprintf.o)
 .bss           0x008166e8        0x0 c:/altera/12.0sp2/nios2eds/bin/gnu/h-i686-mingw32/bin/../lib/gcc/nios2-elf/4.1.2/../../../../nios2-elf/lib/mno-hw-mul\libc.a(lib_a-wsetup.o)
 .bss           0x008166e8        0x0 c:/altera/12.0sp2/nios2eds/bin/gnu/h-i686-mingw32/bin/../lib/gcc/nios2-elf/4.1.2/../../../../nios2-elf/lib/mno-hw-mul\libc.a(lib_a-dtoa.o)
 .bss           0x008166e8        0x0 c:/altera/12.0sp2/nios2eds/bin/gnu/h-i686-mingw32/bin/../lib/gcc/nios2-elf/4.1.2/../../../../nios2-elf/lib/mno-hw-mul\libc.a(lib_a-fflush.o)
 .bss           0x008166e8        0x0 c:/altera/12.0sp2/nios2eds/bin/gnu/h-i686-mingw32/bin/../lib/gcc/nios2-elf/4.1.2/../../../../nios2-elf/lib/mno-hw-mul\libc.a(lib_a-findfp.o)
 .bss           0x008166e8        0x0 c:/altera/12.0sp2/nios2eds/bin/gnu/h-i686-mingw32/bin/../lib/gcc/nios2-elf/4.1.2/../../../../nios2-elf/lib/mno-hw-mul\libc.a(lib_a-freer.o)
 .bss           0x008166e8        0x0 c:/altera/12.0sp2/nios2eds/bin/gnu/h-i686-mingw32/bin/../lib/gcc/nios2-elf/4.1.2/../../../../nios2-elf/lib/mno-hw-mul\libc.a(lib_a-fvwrite.o)
 .bss           0x008166e8        0x0 c:/altera/12.0sp2/nios2eds/bin/gnu/h-i686-mingw32/bin/../lib/gcc/nios2-elf/4.1.2/../../../../nios2-elf/lib/mno-hw-mul\libc.a(lib_a-fwalk.o)
 .bss           0x008166e8        0x0 c:/altera/12.0sp2/nios2eds/bin/gnu/h-i686-mingw32/bin/../lib/gcc/nios2-elf/4.1.2/../../../../nios2-elf/lib/mno-hw-mul\libc.a(lib_a-impure.o)
 .bss           0x008166e8        0x0 c:/altera/12.0sp2/nios2eds/bin/gnu/h-i686-mingw32/bin/../lib/gcc/nios2-elf/4.1.2/../../../../nios2-elf/lib/mno-hw-mul\libc.a(lib_a-locale.o)
 .bss           0x008166e8        0x0 c:/altera/12.0sp2/nios2eds/bin/gnu/h-i686-mingw32/bin/../lib/gcc/nios2-elf/4.1.2/../../../../nios2-elf/lib/mno-hw-mul\libc.a(lib_a-makebuf.o)
 .bss           0x008166e8       0x28 c:/altera/12.0sp2/nios2eds/bin/gnu/h-i686-mingw32/bin/../lib/gcc/nios2-elf/4.1.2/../../../../nios2-elf/lib/mno-hw-mul\libc.a(lib_a-mallocr.o)
                0x008166e8                __malloc_current_mallinfo
 .bss           0x00816710        0x0 c:/altera/12.0sp2/nios2eds/bin/gnu/h-i686-mingw32/bin/../lib/gcc/nios2-elf/4.1.2/../../../../nios2-elf/lib/mno-hw-mul\libc.a(lib_a-memchr.o)
 .bss           0x00816710        0x0 c:/altera/12.0sp2/nios2eds/bin/gnu/h-i686-mingw32/bin/../lib/gcc/nios2-elf/4.1.2/../../../../nios2-elf/lib/mno-hw-mul\libc.a(lib_a-memcpy.o)
 .bss           0x00816710        0x0 c:/altera/12.0sp2/nios2eds/bin/gnu/h-i686-mingw32/bin/../lib/gcc/nios2-elf/4.1.2/../../../../nios2-elf/lib/mno-hw-mul\libc.a(lib_a-memmove.o)
 .bss           0x00816710        0x0 c:/altera/12.0sp2/nios2eds/bin/gnu/h-i686-mingw32/bin/../lib/gcc/nios2-elf/4.1.2/../../../../nios2-elf/lib/mno-hw-mul\libc.a(lib_a-memset.o)
 .bss           0x00816710        0x0 c:/altera/12.0sp2/nios2eds/bin/gnu/h-i686-mingw32/bin/../lib/gcc/nios2-elf/4.1.2/../../../../nios2-elf/lib/mno-hw-mul\libc.a(lib_a-mprec.o)
 .bss           0x00816710        0x0 c:/altera/12.0sp2/nios2eds/bin/gnu/h-i686-mingw32/bin/../lib/gcc/nios2-elf/4.1.2/../../../../nios2-elf/lib/mno-hw-mul\libc.a(lib_a-reallocr.o)
 .bss           0x00816710        0x0 c:/altera/12.0sp2/nios2eds/bin/gnu/h-i686-mingw32/bin/../lib/gcc/nios2-elf/4.1.2/../../../../nios2-elf/lib/mno-hw-mul\libc.a(lib_a-s_isinfd.o)
 .bss           0x00816710        0x0 c:/altera/12.0sp2/nios2eds/bin/gnu/h-i686-mingw32/bin/../lib/gcc/nios2-elf/4.1.2/../../../../nios2-elf/lib/mno-hw-mul\libc.a(lib_a-s_isnand.o)
 .bss           0x00816710        0x0 c:/altera/12.0sp2/nios2eds/bin/gnu/h-i686-mingw32/bin/../lib/gcc/nios2-elf/4.1.2/../../../../nios2-elf/lib/mno-hw-mul\libc.a(lib_a-sbrkr.o)
 .bss           0x00816710        0x0 c:/altera/12.0sp2/nios2eds/bin/gnu/h-i686-mingw32/bin/../lib/gcc/nios2-elf/4.1.2/../../../../nios2-elf/lib/mno-hw-mul\libc.a(lib_a-stdio.o)
 .bss           0x00816710        0x0 c:/altera/12.0sp2/nios2eds/bin/gnu/h-i686-mingw32/bin/../lib/gcc/nios2-elf/4.1.2/../../../../nios2-elf/lib/mno-hw-mul\libc.a(lib_a-strcmp.o)
 .bss           0x00816710        0x0 c:/altera/12.0sp2/nios2eds/bin/gnu/h-i686-mingw32/bin/../lib/gcc/nios2-elf/4.1.2/../../../../nios2-elf/lib/mno-hw-mul\libc.a(lib_a-writer.o)
 .bss           0x00816710        0x0 c:/altera/12.0sp2/nios2eds/bin/gnu/h-i686-mingw32/bin/../lib/gcc/nios2-elf/4.1.2/../../../../nios2-elf/lib/mno-hw-mul\libc.a(lib_a-callocr.o)
 .bss           0x00816710        0x0 c:/altera/12.0sp2/nios2eds/bin/gnu/h-i686-mingw32/bin/../lib/gcc/nios2-elf/4.1.2/../../../../nios2-elf/lib/mno-hw-mul\libc.a(lib_a-closer.o)
 .bss           0x00816710        0x0 c:/altera/12.0sp2/nios2eds/bin/gnu/h-i686-mingw32/bin/../lib/gcc/nios2-elf/4.1.2/../../../../nios2-elf/lib/mno-hw-mul\libc.a(lib_a-fclose.o)
 .bss           0x00816710        0x0 c:/altera/12.0sp2/nios2eds/bin/gnu/h-i686-mingw32/bin/../lib/gcc/nios2-elf/4.1.2/../../../../nios2-elf/lib/mno-hw-mul\libc.a(lib_a-fstatr.o)
 .bss           0x00816710        0x0 c:/altera/12.0sp2/nios2eds/bin/gnu/h-i686-mingw32/bin/../lib/gcc/nios2-elf/4.1.2/../../../../nios2-elf/lib/mno-hw-mul\libc.a(lib_a-int_errno.o)
 .bss           0x00816710        0x0 c:/altera/12.0sp2/nios2eds/bin/gnu/h-i686-mingw32/bin/../lib/gcc/nios2-elf/4.1.2/../../../../nios2-elf/lib/mno-hw-mul\libc.a(lib_a-isattyr.o)
 .bss           0x00816710        0x0 c:/altera/12.0sp2/nios2eds/bin/gnu/h-i686-mingw32/bin/../lib/gcc/nios2-elf/4.1.2/../../../../nios2-elf/lib/mno-hw-mul\libc.a(lib_a-lseekr.o)
 .bss           0x00816710        0x0 c:/altera/12.0sp2/nios2eds/bin/gnu/h-i686-mingw32/bin/../lib/gcc/nios2-elf/4.1.2/../../../../nios2-elf/lib/mno-hw-mul\libc.a(lib_a-readr.o)
 .bss           0x00816710        0x0 c:/altera/12.0sp2/nios2eds/bin/gnu/h-i686-mingw32/bin/../lib/gcc/nios2-elf/4.1.2/mno-hw-mul\libgcc.a(_udivdi3.o)
 .bss           0x00816710        0x0 c:/altera/12.0sp2/nios2eds/bin/gnu/h-i686-mingw32/bin/../lib/gcc/nios2-elf/4.1.2/mno-hw-mul\libgcc.a(_umoddi3.o)
 .bss           0x00816710        0x0 c:/altera/12.0sp2/nios2eds/bin/gnu/h-i686-mingw32/bin/../lib/gcc/nios2-elf/4.1.2/mno-hw-mul\libgcc.a(_addsub_df.o)
 .bss           0x00816710        0x0 c:/altera/12.0sp2/nios2eds/bin/gnu/h-i686-mingw32/bin/../lib/gcc/nios2-elf/4.1.2/mno-hw-mul\libgcc.a(_mul_df.o)
 .bss           0x00816710        0x0 c:/altera/12.0sp2/nios2eds/bin/gnu/h-i686-mingw32/bin/../lib/gcc/nios2-elf/4.1.2/mno-hw-mul\libgcc.a(_div_df.o)
 .bss           0x00816710        0x0 c:/altera/12.0sp2/nios2eds/bin/gnu/h-i686-mingw32/bin/../lib/gcc/nios2-elf/4.1.2/mno-hw-mul\libgcc.a(_eq_df.o)
 .bss           0x00816710        0x0 c:/altera/12.0sp2/nios2eds/bin/gnu/h-i686-mingw32/bin/../lib/gcc/nios2-elf/4.1.2/mno-hw-mul\libgcc.a(_ne_df.o)
 .bss           0x00816710        0x0 c:/altera/12.0sp2/nios2eds/bin/gnu/h-i686-mingw32/bin/../lib/gcc/nios2-elf/4.1.2/mno-hw-mul\libgcc.a(_gt_df.o)
 .bss           0x00816710        0x0 c:/altera/12.0sp2/nios2eds/bin/gnu/h-i686-mingw32/bin/../lib/gcc/nios2-elf/4.1.2/mno-hw-mul\libgcc.a(_ge_df.o)
 .bss           0x00816710        0x0 c:/altera/12.0sp2/nios2eds/bin/gnu/h-i686-mingw32/bin/../lib/gcc/nios2-elf/4.1.2/mno-hw-mul\libgcc.a(_lt_df.o)
 .bss           0x00816710        0x0 c:/altera/12.0sp2/nios2eds/bin/gnu/h-i686-mingw32/bin/../lib/gcc/nios2-elf/4.1.2/mno-hw-mul\libgcc.a(_si_to_df.o)
 .bss           0x00816710        0x0 c:/altera/12.0sp2/nios2eds/bin/gnu/h-i686-mingw32/bin/../lib/gcc/nios2-elf/4.1.2/mno-hw-mul\libgcc.a(_df_to_si.o)
 .bss           0x00816710        0x0 c:/altera/12.0sp2/nios2eds/bin/gnu/h-i686-mingw32/bin/../lib/gcc/nios2-elf/4.1.2/mno-hw-mul\libgcc.a(_thenan_df.o)
 .bss           0x00816710        0x0 c:/altera/12.0sp2/nios2eds/bin/gnu/h-i686-mingw32/bin/../lib/gcc/nios2-elf/4.1.2/mno-hw-mul\libgcc.a(_usi_to_df.o)
 .bss           0x00816710        0x0 c:/altera/12.0sp2/nios2eds/bin/gnu/h-i686-mingw32/bin/../lib/gcc/nios2-elf/4.1.2/mno-hw-mul\libgcc.a(lib2-divmod.o)
 .bss           0x00816710        0x0 c:/altera/12.0sp2/nios2eds/bin/gnu/h-i686-mingw32/bin/../lib/gcc/nios2-elf/4.1.2/mno-hw-mul\libgcc.a(_muldi3.o)
 .bss           0x00816710        0x0 c:/altera/12.0sp2/nios2eds/bin/gnu/h-i686-mingw32/bin/../lib/gcc/nios2-elf/4.1.2/mno-hw-mul\libgcc.a(_clz.o)
 .bss           0x00816710        0x0 c:/altera/12.0sp2/nios2eds/bin/gnu/h-i686-mingw32/bin/../lib/gcc/nios2-elf/4.1.2/mno-hw-mul\libgcc.a(_clzsi2.o)
 .bss           0x00816710        0x0 c:/altera/12.0sp2/nios2eds/bin/gnu/h-i686-mingw32/bin/../lib/gcc/nios2-elf/4.1.2/mno-hw-mul\libgcc.a(_pack_df.o)
 .bss           0x00816710        0x0 c:/altera/12.0sp2/nios2eds/bin/gnu/h-i686-mingw32/bin/../lib/gcc/nios2-elf/4.1.2/mno-hw-mul\libgcc.a(_unpack_df.o)
 .bss           0x00816710        0x0 c:/altera/12.0sp2/nios2eds/bin/gnu/h-i686-mingw32/bin/../lib/gcc/nios2-elf/4.1.2/mno-hw-mul\libgcc.a(_fpcmp_parts_df.o)
 .bss           0x00816710        0x0 ../test5/\libfreertos_bsp.a(alt_main.o)
 .bss           0x00816710        0x0 ../test5/\libfreertos_bsp.a(alt_malloc_lock.o)
 .bss           0x00816710        0x0 ../test5/\libfreertos_bsp.a(queue.o)
 .bss           0x00816710      0x110 ../test5/\libfreertos_bsp.a(tasks.o)
 .bss           0x00816820       0x28 ../test5/\libfreertos_bsp.a(timers.o)
 .bss           0x00816848        0x0 ../test5/\libfreertos_bsp.a(alt_close.o)
 .bss           0x00816848        0x0 ../test5/\libfreertos_bsp.a(alt_dev.o)
 .bss           0x00816848        0x0 ../test5/\libfreertos_bsp.a(alt_do_ctors.o)
 .bss           0x00816848        0x0 ../test5/\libfreertos_bsp.a(alt_do_dtors.o)
 .bss           0x00816848        0x0 ../test5/\libfreertos_bsp.a(alt_errno.o)
 .bss           0x00816848        0x0 ../test5/\libfreertos_bsp.a(alt_fstat.o)
 .bss           0x00816848        0x0 ../test5/\libfreertos_bsp.a(alt_io_redirect.o)
 .bss           0x00816848        0x0 ../test5/\libfreertos_bsp.a(alt_isatty.o)
 .bss           0x00816848        0x0 ../test5/\libfreertos_bsp.a(alt_load.o)
 .bss           0x00816848        0x0 ../test5/\libfreertos_bsp.a(alt_log_macro.o)
 .bss           0x00816848        0x0 ../test5/\libfreertos_bsp.a(alt_log_printf.o)
 .bss           0x00816848        0x0 ../test5/\libfreertos_bsp.a(alt_lseek.o)
 .bss           0x00816848        0x0 ../test5/\libfreertos_bsp.a(alt_open.o)
 .bss           0x00816848        0x0 ../test5/\libfreertos_bsp.a(alt_read.o)
 .bss           0x00816848        0x0 ../test5/\libfreertos_bsp.a(alt_release_fd.o)
 .bss           0x00816848        0x0 ../test5/\libfreertos_bsp.a(alt_sbrk.o)
 .bss           0x00816848        0x0 ../test5/\libfreertos_bsp.a(alt_tick.o)
 .bss           0x00816848        0x0 ../test5/\libfreertos_bsp.a(alt_write.o)
 .bss           0x00816848        0x0 ../test5/\libfreertos_bsp.a(alt_sys_init.o)
 .bss           0x00816848        0x0 ../test5/\libfreertos_bsp.a(altera_avalon_jtag_uart_fd.o)
 .bss           0x00816848        0x0 ../test5/\libfreertos_bsp.a(altera_avalon_jtag_uart_init.o)
 .bss           0x00816848        0x0 ../test5/\libfreertos_bsp.a(altera_avalon_jtag_uart_ioctl.o)
 .bss           0x00816848        0x0 ../test5/\libfreertos_bsp.a(altera_avalon_jtag_uart_read.o)
 .bss           0x00816848        0x0 ../test5/\libfreertos_bsp.a(altera_avalon_jtag_uart_write.o)
 .bss           0x00816848        0x0 ../test5/\libfreertos_bsp.a(altera_avalon_timer_sc.o)
 .bss           0x00816848        0x0 ../test5/\libfreertos_bsp.a(alt_env_lock.o)
 .bss           0x00816848        0x0 ../test5/\libfreertos_bsp.a(heap_3.o)
 .bss           0x00816848        0x0 ../test5/\libfreertos_bsp.a(list.o)
 .bss           0x00816848        0x0 ../test5/\libfreertos_bsp.a(port.o)
 .bss           0x00816848        0x0 ../test5/\libfreertos_bsp.a(port_asm.o)
 .bss           0x00816848        0x0 ../test5/\libfreertos_bsp.a(alt_alarm_start.o)
 .bss           0x00816848        0x0 ../test5/\libfreertos_bsp.a(alt_dcache_flush_all.o)
 .bss           0x00816848        0x0 ../test5/\libfreertos_bsp.a(alt_dev_llist_insert.o)
 .bss           0x00816848        0x0 ../test5/\libfreertos_bsp.a(alt_find_dev.o)
 .bss           0x00816848        0x0 ../test5/\libfreertos_bsp.a(alt_find_file.o)
 .bss           0x00816848        0x0 ../test5/\libfreertos_bsp.a(alt_get_fd.o)
 .bss           0x00816848        0x0 ../test5/\libfreertos_bsp.a(alt_icache_flush_all.o)
 .bss           0x00816848        0x0 ../test5/\libfreertos_bsp.a(alt_iic.o)
 .bss           0x00816848        0x0 ../test5/\libfreertos_bsp.a(alt_iic_isr_register.o)
 .bss           0x00816848        0x0 ../test5/\libfreertos_bsp.a(alt_irq_handler.o)
 .bss           0x00816848        0x0 ../test5/\libfreertos_bsp.a(alt_irq_vars.o)
 .bss           0x00816848        0x0 ../test5/\libfreertos_bsp.a(altera_nios2_qsys_irq.o)
 .bss           0x00816848        0x0 c:/altera/12.0sp2/nios2eds/bin/gnu/h-i686-mingw32/bin/../lib/gcc/nios2-elf/4.1.2/../../../../nios2-elf/lib/mno-hw-mul\libc.a(lib_a-atexit.o)
 .bss           0x00816848        0x0 c:/altera/12.0sp2/nios2eds/bin/gnu/h-i686-mingw32/bin/../lib/gcc/nios2-elf/4.1.2/../../../../nios2-elf/lib/mno-hw-mul\libc.a(lib_a-errno.o)
 .bss           0x00816848        0x0 c:/altera/12.0sp2/nios2eds/bin/gnu/h-i686-mingw32/bin/../lib/gcc/nios2-elf/4.1.2/../../../../nios2-elf/lib/mno-hw-mul\libc.a(lib_a-exit.o)
 .bss           0x00816848        0x0 c:/altera/12.0sp2/nios2eds/bin/gnu/h-i686-mingw32/bin/../lib/gcc/nios2-elf/4.1.2/../../../../nios2-elf/lib/mno-hw-mul\libc.a(lib_a-malloc.o)
 .bss           0x00816848        0x0 c:/altera/12.0sp2/nios2eds/bin/gnu/h-i686-mingw32/bin/../lib/gcc/nios2-elf/4.1.2/../../../../nios2-elf/lib/mno-hw-mul\libc.a(lib_a-memcmp.o)
 .bss           0x00816848        0x0 c:/altera/12.0sp2/nios2eds/bin/gnu/h-i686-mingw32/bin/../lib/gcc/nios2-elf/4.1.2/../../../../nios2-elf/lib/mno-hw-mul\libc.a(lib_a-sprintf.o)
 .bss           0x00816848        0x0 c:/altera/12.0sp2/nios2eds/bin/gnu/h-i686-mingw32/bin/../lib/gcc/nios2-elf/4.1.2/../../../../nios2-elf/lib/mno-hw-mul\libc.a(lib_a-strcat.o)
 .bss           0x00816848        0x0 c:/altera/12.0sp2/nios2eds/bin/gnu/h-i686-mingw32/bin/../lib/gcc/nios2-elf/4.1.2/../../../../nios2-elf/lib/mno-hw-mul\libc.a(lib_a-strcpy.o)
 .bss           0x00816848        0x0 c:/altera/12.0sp2/nios2eds/bin/gnu/h-i686-mingw32/bin/../lib/gcc/nios2-elf/4.1.2/../../../../nios2-elf/lib/mno-hw-mul\libc.a(lib_a-strncpy.o)
 .bss           0x00816848        0x0 c:/altera/12.0sp2/nios2eds/bin/gnu/h-i686-mingw32/bin/../lib/gcc/nios2-elf/4.1.2/../../../../nios2-elf/lib/mno-hw-mul\libc.a(lib_a-__atexit.o)
 .bss           0x00816848        0x0 c:/altera/12.0sp2/nios2eds/bin/gnu/h-i686-mingw32/bin/../lib/gcc/nios2-elf/4.1.2/../../../../nios2-elf/lib/mno-hw-mul\libc.a(lib_a-__call_atexit.o)
 .bss           0x00816848        0x0 ../test5/\libfreertos_bsp.a(alt_exit.o)
 *(COMMON)
 COMMON         0x00816848       0x2c ../test5/\libfreertos_bsp.a(alt_log_printf.o)
                0x00816848                alt_log_write_buf
                0x0081685c                alt_log_jtag_uart_alarm_1
 COMMON         0x00816874      0x100 ../test5/\libfreertos_bsp.a(alt_irq_handler.o)
                0x00816874                alt_irq
 COMMON         0x00816974      0x190 c:/altera/12.0sp2/nios2eds/bin/gnu/h-i686-mingw32/bin/../lib/gcc/nios2-elf/4.1.2/../../../../nios2-elf/lib/mno-hw-mul\libc.a(lib_a-atexit.o)
                0x00816974                _atexit0
                0x00816b04                . = ALIGN (0x4)
                0x00816b04                __bss_end = ABSOLUTE (.)

.sdram          0x00816b04        0x0
                0x00816b04                PROVIDE (_alt_partition_sdram_start, ABSOLUTE (.))
 *(.sdram. sdram.*)
                0x00816b04                . = ALIGN (0x4)
                0x00816b04                PROVIDE (_alt_partition_sdram_end, ABSOLUTE (.))
                0x00816b04                _end = ABSOLUTE (.)
                0x00816b04                end = ABSOLUTE (.)
                0x00816b04                __alt_stack_base = ABSOLUTE (.)
                0x00816b04                PROVIDE (_alt_partition_sdram_load_addr, LOADADDR (.sdram))

.stab
 *(.stab)

.stabstr
 *(.stabstr)

.stab.excl
 *(.stab.excl)

.stab.exclstr
 *(.stab.exclstr)

.stab.index
 *(.stab.index)

.stab.indexstr
 *(.stab.indexstr)

.comment        0x00000000       0x26
 *(.comment)
 .comment       0x00000000       0x26 obj/default/ECD/source/display.o
                                 0x27 (size before relaxing)
 .comment       0x00000000       0x27 obj/default/ECD/source/keypad.o
 .comment       0x00000000       0x27 obj/default/ECD/source/main.o
 .comment       0x00000000       0x27 obj/default/ECD/source/manager.o
 .comment       0x00000000       0x27 obj/default/ECD/source/messaging.o
 .comment       0x00000000       0x27 obj/default/ECD/source/movement.o
 .comment       0x00000000       0x27 obj/default/ECD/source/pwm.o
 .comment       0x00000000       0x27 c:/altera/12.0sp2/nios2eds/bin/gnu/h-i686-mingw32/bin/../lib/gcc/nios2-elf/4.1.2/mno-hw-mul\libgcc.a(lib2-mul.o)
 .comment       0x00000000       0x27 c:/altera/12.0sp2/nios2eds/bin/gnu/h-i686-mingw32/bin/../lib/gcc/nios2-elf/4.1.2/../../../../nios2-elf/lib/mno-hw-mul\libc.a(lib_a-printf.o)
 .comment       0x00000000       0x27 c:/altera/12.0sp2/nios2eds/bin/gnu/h-i686-mingw32/bin/../lib/gcc/nios2-elf/4.1.2/../../../../nios2-elf/lib/mno-hw-mul\libc.a(lib_a-puts.o)
 .comment       0x00000000       0x27 c:/altera/12.0sp2/nios2eds/bin/gnu/h-i686-mingw32/bin/../lib/gcc/nios2-elf/4.1.2/../../../../nios2-elf/lib/mno-hw-mul\libc.a(lib_a-strlen.o)
 .comment       0x00000000       0x27 c:/altera/12.0sp2/nios2eds/bin/gnu/h-i686-mingw32/bin/../lib/gcc/nios2-elf/4.1.2/../../../../nios2-elf/lib/mno-hw-mul\libc.a(lib_a-vfprintf.o)
 .comment       0x00000000       0x27 c:/altera/12.0sp2/nios2eds/bin/gnu/h-i686-mingw32/bin/../lib/gcc/nios2-elf/4.1.2/../../../../nios2-elf/lib/mno-hw-mul\libc.a(lib_a-wsetup.o)
 .comment       0x00000000       0x27 c:/altera/12.0sp2/nios2eds/bin/gnu/h-i686-mingw32/bin/../lib/gcc/nios2-elf/4.1.2/../../../../nios2-elf/lib/mno-hw-mul\libc.a(lib_a-dtoa.o)
 .comment       0x00000000       0x27 c:/altera/12.0sp2/nios2eds/bin/gnu/h-i686-mingw32/bin/../lib/gcc/nios2-elf/4.1.2/../../../../nios2-elf/lib/mno-hw-mul\libc.a(lib_a-fflush.o)
 .comment       0x00000000       0x27 c:/altera/12.0sp2/nios2eds/bin/gnu/h-i686-mingw32/bin/../lib/gcc/nios2-elf/4.1.2/../../../../nios2-elf/lib/mno-hw-mul\libc.a(lib_a-findfp.o)
 .comment       0x00000000       0x27 c:/altera/12.0sp2/nios2eds/bin/gnu/h-i686-mingw32/bin/../lib/gcc/nios2-elf/4.1.2/../../../../nios2-elf/lib/mno-hw-mul\libc.a(lib_a-freer.o)
 .comment       0x00000000       0x27 c:/altera/12.0sp2/nios2eds/bin/gnu/h-i686-mingw32/bin/../lib/gcc/nios2-elf/4.1.2/../../../../nios2-elf/lib/mno-hw-mul\libc.a(lib_a-fvwrite.o)
 .comment       0x00000000       0x27 c:/altera/12.0sp2/nios2eds/bin/gnu/h-i686-mingw32/bin/../lib/gcc/nios2-elf/4.1.2/../../../../nios2-elf/lib/mno-hw-mul\libc.a(lib_a-fwalk.o)
 .comment       0x00000000       0x27 c:/altera/12.0sp2/nios2eds/bin/gnu/h-i686-mingw32/bin/../lib/gcc/nios2-elf/4.1.2/../../../../nios2-elf/lib/mno-hw-mul\libc.a(lib_a-impure.o)
 .comment       0x00000000       0x27 c:/altera/12.0sp2/nios2eds/bin/gnu/h-i686-mingw32/bin/../lib/gcc/nios2-elf/4.1.2/../../../../nios2-elf/lib/mno-hw-mul\libc.a(lib_a-locale.o)
 .comment       0x00000000       0x27 c:/altera/12.0sp2/nios2eds/bin/gnu/h-i686-mingw32/bin/../lib/gcc/nios2-elf/4.1.2/../../../../nios2-elf/lib/mno-hw-mul\libc.a(lib_a-makebuf.o)
 .comment       0x00000000       0x27 c:/altera/12.0sp2/nios2eds/bin/gnu/h-i686-mingw32/bin/../lib/gcc/nios2-elf/4.1.2/../../../../nios2-elf/lib/mno-hw-mul\libc.a(lib_a-mallocr.o)
 .comment       0x00000000       0x27 c:/altera/12.0sp2/nios2eds/bin/gnu/h-i686-mingw32/bin/../lib/gcc/nios2-elf/4.1.2/../../../../nios2-elf/lib/mno-hw-mul\libc.a(lib_a-memchr.o)
 .comment       0x00000000       0x27 c:/altera/12.0sp2/nios2eds/bin/gnu/h-i686-mingw32/bin/../lib/gcc/nios2-elf/4.1.2/../../../../nios2-elf/lib/mno-hw-mul\libc.a(lib_a-memcpy.o)
 .comment       0x00000000       0x27 c:/altera/12.0sp2/nios2eds/bin/gnu/h-i686-mingw32/bin/../lib/gcc/nios2-elf/4.1.2/../../../../nios2-elf/lib/mno-hw-mul\libc.a(lib_a-memmove.o)
 .comment       0x00000000       0x27 c:/altera/12.0sp2/nios2eds/bin/gnu/h-i686-mingw32/bin/../lib/gcc/nios2-elf/4.1.2/../../../../nios2-elf/lib/mno-hw-mul\libc.a(lib_a-memset.o)
 .comment       0x00000000       0x27 c:/altera/12.0sp2/nios2eds/bin/gnu/h-i686-mingw32/bin/../lib/gcc/nios2-elf/4.1.2/../../../../nios2-elf/lib/mno-hw-mul\libc.a(lib_a-mprec.o)
 .comment       0x00000000       0x27 c:/altera/12.0sp2/nios2eds/bin/gnu/h-i686-mingw32/bin/../lib/gcc/nios2-elf/4.1.2/../../../../nios2-elf/lib/mno-hw-mul\libc.a(lib_a-reallocr.o)
 .comment       0x00000000       0x27 c:/altera/12.0sp2/nios2eds/bin/gnu/h-i686-mingw32/bin/../lib/gcc/nios2-elf/4.1.2/../../../../nios2-elf/lib/mno-hw-mul\libc.a(lib_a-s_isinfd.o)
 .comment       0x00000000       0x27 c:/altera/12.0sp2/nios2eds/bin/gnu/h-i686-mingw32/bin/../lib/gcc/nios2-elf/4.1.2/../../../../nios2-elf/lib/mno-hw-mul\libc.a(lib_a-s_isnand.o)
 .comment       0x00000000       0x27 c:/altera/12.0sp2/nios2eds/bin/gnu/h-i686-mingw32/bin/../lib/gcc/nios2-elf/4.1.2/../../../../nios2-elf/lib/mno-hw-mul\libc.a(lib_a-sbrkr.o)
 .comment       0x00000000       0x27 c:/altera/12.0sp2/nios2eds/bin/gnu/h-i686-mingw32/bin/../lib/gcc/nios2-elf/4.1.2/../../../../nios2-elf/lib/mno-hw-mul\libc.a(lib_a-stdio.o)
 .comment       0x00000000       0x27 c:/altera/12.0sp2/nios2eds/bin/gnu/h-i686-mingw32/bin/../lib/gcc/nios2-elf/4.1.2/../../../../nios2-elf/lib/mno-hw-mul\libc.a(lib_a-strcmp.o)
 .comment       0x00000000       0x27 c:/altera/12.0sp2/nios2eds/bin/gnu/h-i686-mingw32/bin/../lib/gcc/nios2-elf/4.1.2/../../../../nios2-elf/lib/mno-hw-mul\libc.a(lib_a-writer.o)
 .comment       0x00000000       0x27 c:/altera/12.0sp2/nios2eds/bin/gnu/h-i686-mingw32/bin/../lib/gcc/nios2-elf/4.1.2/../../../../nios2-elf/lib/mno-hw-mul\libc.a(lib_a-callocr.o)
 .comment       0x00000000       0x27 c:/altera/12.0sp2/nios2eds/bin/gnu/h-i686-mingw32/bin/../lib/gcc/nios2-elf/4.1.2/../../../../nios2-elf/lib/mno-hw-mul\libc.a(lib_a-closer.o)
 .comment       0x00000000       0x27 c:/altera/12.0sp2/nios2eds/bin/gnu/h-i686-mingw32/bin/../lib/gcc/nios2-elf/4.1.2/../../../../nios2-elf/lib/mno-hw-mul\libc.a(lib_a-fclose.o)
 .comment       0x00000000       0x27 c:/altera/12.0sp2/nios2eds/bin/gnu/h-i686-mingw32/bin/../lib/gcc/nios2-elf/4.1.2/../../../../nios2-elf/lib/mno-hw-mul\libc.a(lib_a-fstatr.o)
 .comment       0x00000000       0x27 c:/altera/12.0sp2/nios2eds/bin/gnu/h-i686-mingw32/bin/../lib/gcc/nios2-elf/4.1.2/../../../../nios2-elf/lib/mno-hw-mul\libc.a(lib_a-int_errno.o)
 .comment       0x00000000       0x27 c:/altera/12.0sp2/nios2eds/bin/gnu/h-i686-mingw32/bin/../lib/gcc/nios2-elf/4.1.2/../../../../nios2-elf/lib/mno-hw-mul\libc.a(lib_a-isattyr.o)
 .comment       0x00000000       0x27 c:/altera/12.0sp2/nios2eds/bin/gnu/h-i686-mingw32/bin/../lib/gcc/nios2-elf/4.1.2/../../../../nios2-elf/lib/mno-hw-mul\libc.a(lib_a-lseekr.o)
 .comment       0x00000000       0x27 c:/altera/12.0sp2/nios2eds/bin/gnu/h-i686-mingw32/bin/../lib/gcc/nios2-elf/4.1.2/../../../../nios2-elf/lib/mno-hw-mul\libc.a(lib_a-readr.o)
 .comment       0x00000000       0x27 c:/altera/12.0sp2/nios2eds/bin/gnu/h-i686-mingw32/bin/../lib/gcc/nios2-elf/4.1.2/mno-hw-mul\libgcc.a(_udivdi3.o)
 .comment       0x00000000       0x27 c:/altera/12.0sp2/nios2eds/bin/gnu/h-i686-mingw32/bin/../lib/gcc/nios2-elf/4.1.2/mno-hw-mul\libgcc.a(_umoddi3.o)
 .comment       0x00000000       0x27 c:/altera/12.0sp2/nios2eds/bin/gnu/h-i686-mingw32/bin/../lib/gcc/nios2-elf/4.1.2/mno-hw-mul\libgcc.a(_addsub_df.o)
 .comment       0x00000000       0x27 c:/altera/12.0sp2/nios2eds/bin/gnu/h-i686-mingw32/bin/../lib/gcc/nios2-elf/4.1.2/mno-hw-mul\libgcc.a(_mul_df.o)
 .comment       0x00000000       0x27 c:/altera/12.0sp2/nios2eds/bin/gnu/h-i686-mingw32/bin/../lib/gcc/nios2-elf/4.1.2/mno-hw-mul\libgcc.a(_div_df.o)
 .comment       0x00000000       0x27 c:/altera/12.0sp2/nios2eds/bin/gnu/h-i686-mingw32/bin/../lib/gcc/nios2-elf/4.1.2/mno-hw-mul\libgcc.a(_eq_df.o)
 .comment       0x00000000       0x27 c:/altera/12.0sp2/nios2eds/bin/gnu/h-i686-mingw32/bin/../lib/gcc/nios2-elf/4.1.2/mno-hw-mul\libgcc.a(_ne_df.o)
 .comment       0x00000000       0x27 c:/altera/12.0sp2/nios2eds/bin/gnu/h-i686-mingw32/bin/../lib/gcc/nios2-elf/4.1.2/mno-hw-mul\libgcc.a(_gt_df.o)
 .comment       0x00000000       0x27 c:/altera/12.0sp2/nios2eds/bin/gnu/h-i686-mingw32/bin/../lib/gcc/nios2-elf/4.1.2/mno-hw-mul\libgcc.a(_ge_df.o)
 .comment       0x00000000       0x27 c:/altera/12.0sp2/nios2eds/bin/gnu/h-i686-mingw32/bin/../lib/gcc/nios2-elf/4.1.2/mno-hw-mul\libgcc.a(_lt_df.o)
 .comment       0x00000000       0x27 c:/altera/12.0sp2/nios2eds/bin/gnu/h-i686-mingw32/bin/../lib/gcc/nios2-elf/4.1.2/mno-hw-mul\libgcc.a(_si_to_df.o)
 .comment       0x00000000       0x27 c:/altera/12.0sp2/nios2eds/bin/gnu/h-i686-mingw32/bin/../lib/gcc/nios2-elf/4.1.2/mno-hw-mul\libgcc.a(_df_to_si.o)
 .comment       0x00000000       0x27 c:/altera/12.0sp2/nios2eds/bin/gnu/h-i686-mingw32/bin/../lib/gcc/nios2-elf/4.1.2/mno-hw-mul\libgcc.a(_thenan_df.o)
 .comment       0x00000000       0x27 c:/altera/12.0sp2/nios2eds/bin/gnu/h-i686-mingw32/bin/../lib/gcc/nios2-elf/4.1.2/mno-hw-mul\libgcc.a(_usi_to_df.o)
 .comment       0x00000000       0x27 c:/altera/12.0sp2/nios2eds/bin/gnu/h-i686-mingw32/bin/../lib/gcc/nios2-elf/4.1.2/mno-hw-mul\libgcc.a(lib2-divmod.o)
 .comment       0x00000000       0x27 c:/altera/12.0sp2/nios2eds/bin/gnu/h-i686-mingw32/bin/../lib/gcc/nios2-elf/4.1.2/mno-hw-mul\libgcc.a(_muldi3.o)
 .comment       0x00000000       0x27 c:/altera/12.0sp2/nios2eds/bin/gnu/h-i686-mingw32/bin/../lib/gcc/nios2-elf/4.1.2/mno-hw-mul\libgcc.a(_clz.o)
 .comment       0x00000000       0x27 c:/altera/12.0sp2/nios2eds/bin/gnu/h-i686-mingw32/bin/../lib/gcc/nios2-elf/4.1.2/mno-hw-mul\libgcc.a(_clzsi2.o)
 .comment       0x00000000       0x27 c:/altera/12.0sp2/nios2eds/bin/gnu/h-i686-mingw32/bin/../lib/gcc/nios2-elf/4.1.2/mno-hw-mul\libgcc.a(_pack_df.o)
 .comment       0x00000000       0x27 c:/altera/12.0sp2/nios2eds/bin/gnu/h-i686-mingw32/bin/../lib/gcc/nios2-elf/4.1.2/mno-hw-mul\libgcc.a(_unpack_df.o)
 .comment       0x00000000       0x27 c:/altera/12.0sp2/nios2eds/bin/gnu/h-i686-mingw32/bin/../lib/gcc/nios2-elf/4.1.2/mno-hw-mul\libgcc.a(_fpcmp_parts_df.o)
 .comment       0x00000000       0x27 ../test5/\libfreertos_bsp.a(alt_main.o)
 .comment       0x00000000       0x27 ../test5/\libfreertos_bsp.a(alt_malloc_lock.o)
 .comment       0x00000000       0x27 ../test5/\libfreertos_bsp.a(queue.o)
 .comment       0x00000000       0x27 ../test5/\libfreertos_bsp.a(tasks.o)
 .comment       0x00000000       0x27 ../test5/\libfreertos_bsp.a(timers.o)
 .comment       0x00000000       0x27 ../test5/\libfreertos_bsp.a(alt_close.o)
 .comment       0x00000000       0x27 ../test5/\libfreertos_bsp.a(alt_dev.o)
 .comment       0x00000000       0x27 ../test5/\libfreertos_bsp.a(alt_do_ctors.o)
 .comment       0x00000000       0x27 ../test5/\libfreertos_bsp.a(alt_do_dtors.o)
 .comment       0x00000000       0x27 ../test5/\libfreertos_bsp.a(alt_errno.o)
 .comment       0x00000000       0x27 ../test5/\libfreertos_bsp.a(alt_fstat.o)
 .comment       0x00000000       0x27 ../test5/\libfreertos_bsp.a(alt_io_redirect.o)
 .comment       0x00000000       0x27 ../test5/\libfreertos_bsp.a(alt_isatty.o)
 .comment       0x00000000       0x27 ../test5/\libfreertos_bsp.a(alt_load.o)
 .comment       0x00000000       0x27 ../test5/\libfreertos_bsp.a(alt_log_printf.o)
 .comment       0x00000000       0x27 ../test5/\libfreertos_bsp.a(alt_lseek.o)
 .comment       0x00000000       0x27 ../test5/\libfreertos_bsp.a(alt_open.o)
 .comment       0x00000000       0x27 ../test5/\libfreertos_bsp.a(alt_read.o)
 .comment       0x00000000       0x27 ../test5/\libfreertos_bsp.a(alt_release_fd.o)
 .comment       0x00000000       0x27 ../test5/\libfreertos_bsp.a(alt_sbrk.o)
 .comment       0x00000000       0x27 ../test5/\libfreertos_bsp.a(alt_tick.o)
 .comment       0x00000000       0x27 ../test5/\libfreertos_bsp.a(alt_write.o)