------------------------------------------------------------
TimeQuest Timing Analyzer Summary
------------------------------------------------------------

Type  : Slow 1200mV 85C Model Setup 'sopc_clk'
Slack : 8.233
TNS   : 0.000

Type  : Slow 1200mV 85C Model Setup 'altera_reserved_tck'
Slack : 13.804
TNS   : 0.000

Type  : Slow 1200mV 85C Model Hold 'sopc_clk'
Slack : 0.299
TNS   : 0.000

Type  : Slow 1200mV 85C Model Hold 'altera_reserved_tck'
Slack : 0.358
TNS   : 0.000

Type  : Slow 1200mV 85C Model Recovery 'sopc_clk'
Slack : 16.244
TNS   : 0.000

Type  : Slow 1200mV 85C Model Recovery 'altera_reserved_tck'
Slack : 43.271
TNS   : 0.000

Type  : Slow 1200mV 85C Model Removal 'altera_reserved_tck'
Slack : -2.231
TNS   : -2.231

Type  : Slow 1200mV 85C Model Removal 'sopc_clk'
Slack : 2.756
TNS   : 0.000

Type  : Slow 1200mV 85C Model Minimum Pulse Width 'sopc_clk'
Slack : 9.481
TNS   : 0.000

Type  : Slow 1200mV 85C Model Minimum Pulse Width 'altera_reserved_tck'
Slack : 29.545
TNS   : 0.000

Type  : Slow 1200mV 0C Model Setup 'sopc_clk'
Slack : 9.423
TNS   : 0.000

Type  : Slow 1200mV 0C Model Setup 'altera_reserved_tck'
Slack : 14.536
TNS   : 0.000

Type  : Slow 1200mV 0C Model Hold 'altera_reserved_tck'
Slack : 0.288
TNS   : 0.000

Type  : Slow 1200mV 0C Model Hold 'sopc_clk'
Slack : 0.292
TNS   : 0.000

Type  : Slow 1200mV 0C Model Recovery 'sopc_clk'
Slack : 16.641
TNS   : 0.000

Type  : Slow 1200mV 0C Model Recovery 'altera_reserved_tck'
Slack : 43.661
TNS   : 0.000

Type  : Slow 1200mV 0C Model Removal 'altera_reserved_tck'
Slack : -2.272
TNS   : -2.272

Type  : Slow 1200mV 0C Model Removal 'sopc_clk'
Slack : 2.457
TNS   : 0.000

Type  : Slow 1200mV 0C Model Minimum Pulse Width 'sopc_clk'
Slack : 9.481
TNS   : 0.000

Type  : Slow 1200mV 0C Model Minimum Pulse Width 'altera_reserved_tck'
Slack : 29.545
TNS   : 0.000

Type  : Fast 1200mV 0C Model Setup 'sopc_clk'
Slack : 13.065
TNS   : 0.000

Type  : Fast 1200mV 0C Model Setup 'altera_reserved_tck'
Slack : 20.275
TNS   : 0.000

Type  : Fast 1200mV 0C Model Hold 'sopc_clk'
Slack : 0.147
TNS   : 0.000

Type  : Fast 1200mV 0C Model Hold 'altera_reserved_tck'
Slack : 0.185
TNS   : 0.000

Type  : Fast 1200mV 0C Model Recovery 'sopc_clk'
Slack : 17.784
TNS   : 0.000

Type  : Fast 1200mV 0C Model Recovery 'altera_reserved_tck'
Slack : 45.876
TNS   : 0.000

Type  : Fast 1200mV 0C Model Removal 'altera_reserved_tck'
Slack : -0.946
TNS   : -0.946

Type  : Fast 1200mV 0C Model Removal 'sopc_clk'
Slack : 1.586
TNS   : 0.000

Type  : Fast 1200mV 0C Model Minimum Pulse Width 'sopc_clk'
Slack : 9.200
TNS   : 0.000

Type  : Fast 1200mV 0C Model Minimum Pulse Width 'altera_reserved_tck'
Slack : 29.241
TNS   : 0.000

------------------------------------------------------------
